2026-01-29T05:59:20.2178098Z Current runner version: '2.331.0'
2026-01-29T05:59:20.2204029Z ##[group]Runner Image Provisioner
2026-01-29T05:59:20.2205271Z Hosted Compute Agent
2026-01-29T05:59:20.2205831Z Version: 20260123.484
2026-01-29T05:59:20.2206433Z Commit: 6bd6555ca37d84114959e1c76d2c01448ff61c5d
2026-01-29T05:59:20.2207123Z Build Date: 2026-01-23T19:41:17Z
2026-01-29T05:59:20.2207789Z Worker ID: {b7f7971b-e8b0-4f97-9c0c-1216aa911ab8}
2026-01-29T05:59:20.2208467Z Azure Region: eastus2
2026-01-29T05:59:20.2209046Z ##[endgroup]
2026-01-29T05:59:20.2210850Z ##[group]Operating System
2026-01-29T05:59:20.2211534Z Ubuntu
2026-01-29T05:59:20.2212075Z 24.04.3
2026-01-29T05:59:20.2212688Z LTS
2026-01-29T05:59:20.2213160Z ##[endgroup]
2026-01-29T05:59:20.2213609Z ##[group]Runner Image
2026-01-29T05:59:20.2214277Z Image: ubuntu-24.04
2026-01-29T05:59:20.2215091Z Version: 20260126.10.1
2026-01-29T05:59:20.2216373Z Included Software: https://github.com/actions/runner-images/blob/ubuntu24/20260126.10/images/ubuntu/Ubuntu2404-Readme.md
2026-01-29T05:59:20.2217802Z Image Release: https://github.com/actions/runner-images/releases/tag/ubuntu24%2F20260126.10
2026-01-29T05:59:20.2218783Z ##[endgroup]
2026-01-29T05:59:20.2219817Z ##[group]GITHUB_TOKEN Permissions
2026-01-29T05:59:20.2221877Z Contents: read
2026-01-29T05:59:20.2222543Z Metadata: read
2026-01-29T05:59:20.2223055Z Packages: write
2026-01-29T05:59:20.2223507Z ##[endgroup]
2026-01-29T05:59:20.2226021Z Secret source: Actions
2026-01-29T05:59:20.2226712Z Prepare workflow directory
2026-01-29T05:59:20.2744615Z Prepare all required actions
2026-01-29T05:59:20.2785709Z Getting action download info
2026-01-29T05:59:20.6412395Z Download action repository 'actions/checkout@v4' (SHA:34e114876b0b11c390a56381ad16ebd13914f8d5)
2026-01-29T05:59:20.7391446Z Download action repository 'docker/setup-buildx-action@v2' (SHA:885d1462b80bc1c1c7f0b00334ad271f09369c55)
2026-01-29T05:59:21.0333273Z Download action repository 'docker/login-action@v2' (SHA:465a07811f14bebb1938fbed4728c6a1ff8901fc)
2026-01-29T05:59:21.2475844Z Download action repository 'docker/metadata-action@v4' (SHA:818d4b7b91585d195f67373fd9cb0332e31a7175)
2026-01-29T05:59:21.5207896Z Download action repository 'docker/build-push-action@v4' (SHA:0a97817b6ade9f46837855d676c4cca3a2471fc9)
2026-01-29T05:59:21.9061632Z Complete job name: Build Monolith Docker Image
2026-01-29T05:59:21.9843915Z ##[group]Run actions/checkout@v4
2026-01-29T05:59:21.9845513Z with:
2026-01-29T05:59:21.9846267Z   repository: rtcdance/streamgate
2026-01-29T05:59:21.9847527Z   token: ***
2026-01-29T05:59:21.9848257Z   ssh-strict: true
2026-01-29T05:59:21.9849033Z   ssh-user: git
2026-01-29T05:59:21.9849821Z   persist-credentials: true
2026-01-29T05:59:21.9850689Z   clean: true
2026-01-29T05:59:21.9851498Z   sparse-checkout-cone-mode: true
2026-01-29T05:59:21.9852522Z   fetch-depth: 1
2026-01-29T05:59:21.9853277Z   fetch-tags: false
2026-01-29T05:59:21.9854069Z   show-progress: true
2026-01-29T05:59:21.9854994Z   lfs: false
2026-01-29T05:59:21.9855722Z   submodules: false
2026-01-29T05:59:21.9856563Z   set-safe-directory: true
2026-01-29T05:59:21.9857680Z env:
2026-01-29T05:59:21.9858375Z   REGISTRY: ghcr.io
2026-01-29T05:59:21.9859183Z   IMAGE_NAME: rtcdance/streamgate
2026-01-29T05:59:21.9860116Z ##[endgroup]
2026-01-29T05:59:22.1015801Z Syncing repository: rtcdance/streamgate
2026-01-29T05:59:22.1018803Z ##[group]Getting Git version info
2026-01-29T05:59:22.1020502Z Working directory is '/home/runner/work/streamgate/streamgate'
2026-01-29T05:59:22.1022549Z [command]/usr/bin/git version
2026-01-29T05:59:22.1079223Z git version 2.52.0
2026-01-29T05:59:22.1108150Z ##[endgroup]
2026-01-29T05:59:22.1126541Z Temporarily overriding HOME='/home/runner/work/_temp/93e4e3a6-7958-42f4-89ea-46d03ecccc72' before making global git config changes
2026-01-29T05:59:22.1131282Z Adding repository directory to the temporary git global config as a safe directory
2026-01-29T05:59:22.1142542Z [command]/usr/bin/git config --global --add safe.directory /home/runner/work/streamgate/streamgate
2026-01-29T05:59:22.1187900Z Deleting the contents of '/home/runner/work/streamgate/streamgate'
2026-01-29T05:59:22.1191982Z ##[group]Initializing the repository
2026-01-29T05:59:22.1197585Z [command]/usr/bin/git init /home/runner/work/streamgate/streamgate
2026-01-29T05:59:22.1320129Z hint: Using 'master' as the name for the initial branch. This default branch name
2026-01-29T05:59:22.1322368Z hint: will change to "main" in Git 3.0. To configure the initial branch name
2026-01-29T05:59:22.1325853Z hint: to use in all of your new repositories, which will suppress this warning,
2026-01-29T05:59:22.1328662Z hint: call:
2026-01-29T05:59:22.1330071Z hint:
2026-01-29T05:59:22.1331808Z hint: 	git config --global init.defaultBranch <name>
2026-01-29T05:59:22.1334058Z hint:
2026-01-29T05:59:22.1336179Z hint: Names commonly chosen instead of 'master' are 'main', 'trunk' and
2026-01-29T05:59:22.1339437Z hint: 'development'. The just-created branch can be renamed via this command:
2026-01-29T05:59:22.1342210Z hint:
2026-01-29T05:59:22.1343544Z hint: 	git branch -m <name>
2026-01-29T05:59:22.1345260Z hint:
2026-01-29T05:59:22.1347202Z hint: Disable this message with "git config set advice.defaultBranchName false"
2026-01-29T05:59:22.1349395Z Initialized empty Git repository in /home/runner/work/streamgate/streamgate/.git/
2026-01-29T05:59:22.1353504Z [command]/usr/bin/git remote add origin https://github.com/rtcdance/streamgate
2026-01-29T05:59:22.1378274Z ##[endgroup]
2026-01-29T05:59:22.1381102Z ##[group]Disabling automatic garbage collection
2026-01-29T05:59:22.1383402Z [command]/usr/bin/git config --local gc.auto 0
2026-01-29T05:59:22.1415292Z ##[endgroup]
2026-01-29T05:59:22.1417883Z ##[group]Setting up auth
2026-01-29T05:59:22.1423057Z [command]/usr/bin/git config --local --name-only --get-regexp core\.sshCommand
2026-01-29T05:59:22.1458116Z [command]/usr/bin/git submodule foreach --recursive sh -c "git config --local --name-only --get-regexp 'core\.sshCommand' && git config --local --unset-all 'core.sshCommand' || :"
2026-01-29T05:59:22.1833367Z [command]/usr/bin/git config --local --name-only --get-regexp http\.https\:\/\/github\.com\/\.extraheader
2026-01-29T05:59:22.1870446Z [command]/usr/bin/git submodule foreach --recursive sh -c "git config --local --name-only --get-regexp 'http\.https\:\/\/github\.com\/\.extraheader' && git config --local --unset-all 'http.https://github.com/.extraheader' || :"
2026-01-29T05:59:22.2112523Z [command]/usr/bin/git config --local --name-only --get-regexp ^includeIf\.gitdir:
2026-01-29T05:59:22.2150662Z [command]/usr/bin/git submodule foreach --recursive git config --local --show-origin --name-only --get-regexp remote.origin.url
2026-01-29T05:59:22.2414726Z [command]/usr/bin/git config --local http.https://github.com/.extraheader AUTHORIZATION: basic ***
2026-01-29T05:59:22.2453930Z ##[endgroup]
2026-01-29T05:59:22.2457576Z ##[group]Fetching the repository
2026-01-29T05:59:22.2466956Z [command]/usr/bin/git -c protocol.version=2 fetch --no-tags --prune --no-recurse-submodules --depth=1 origin +ebd2250a26ba080e179ad12273ebd431f7db4841:refs/remotes/origin/master
2026-01-29T05:59:22.5049990Z From https://github.com/rtcdance/streamgate
2026-01-29T05:59:22.5051703Z  * [new ref]         ebd2250a26ba080e179ad12273ebd431f7db4841 -> origin/master
2026-01-29T05:59:22.5085290Z ##[endgroup]
2026-01-29T05:59:22.5087152Z ##[group]Determining the checkout info
2026-01-29T05:59:22.5088902Z ##[endgroup]
2026-01-29T05:59:22.5091913Z [command]/usr/bin/git sparse-checkout disable
2026-01-29T05:59:22.5134978Z [command]/usr/bin/git config --local --unset-all extensions.worktreeConfig
2026-01-29T05:59:22.5162537Z ##[group]Checking out the ref
2026-01-29T05:59:22.5166522Z [command]/usr/bin/git checkout --progress --force -B master refs/remotes/origin/master
2026-01-29T05:59:22.5590959Z Reset branch 'master'
2026-01-29T05:59:22.5592979Z branch 'master' set up to track 'origin/master'.
2026-01-29T05:59:22.5638383Z ##[endgroup]
2026-01-29T05:59:22.5642330Z [command]/usr/bin/git log -1 --format=%H
2026-01-29T05:59:22.5666771Z ebd2250a26ba080e179ad12273ebd431f7db4841
2026-01-29T05:59:22.5960511Z ##[group]Run docker/setup-buildx-action@v2
2026-01-29T05:59:22.6027676Z with:
2026-01-29T05:59:22.6029009Z   driver: docker-container
2026-01-29T05:59:22.6031834Z   buildkitd-flags: --allow-insecure-entitlement security.insecure --allow-insecure-entitlement network.host
2026-01-29T05:59:22.6035255Z   install: false
2026-01-29T05:59:22.6036481Z   use: true
2026-01-29T05:59:22.6037626Z   cleanup: true
2026-01-29T05:59:22.6038803Z env:
2026-01-29T05:59:22.6039937Z   REGISTRY: ghcr.io
2026-01-29T05:59:22.6041293Z   IMAGE_NAME: rtcdance/streamgate
2026-01-29T05:59:22.6042790Z ##[endgroup]
2026-01-29T05:59:22.7531046Z ##[group]Docker info
2026-01-29T05:59:22.7558575Z [command]/usr/bin/docker version
2026-01-29T05:59:22.8679228Z Client: Docker Engine - Community
2026-01-29T05:59:22.8682794Z  Version:           28.0.4
2026-01-29T05:59:22.8683953Z  API version:       1.48
2026-01-29T05:59:22.8685126Z  Go version:        go1.23.7
2026-01-29T05:59:22.8686103Z  Git commit:        b8034c0
2026-01-29T05:59:22.8687064Z  Built:             Tue Mar 25 15:07:16 2025
2026-01-29T05:59:22.8688081Z  OS/Arch:           linux/amd64
2026-01-29T05:59:22.8688937Z  Context:           default
2026-01-29T05:59:22.8689455Z 
2026-01-29T05:59:22.8689903Z Server: Docker Engine - Community
2026-01-29T05:59:22.8691451Z  Engine:
2026-01-29T05:59:22.8692668Z   Version:          28.0.4
2026-01-29T05:59:22.8694197Z   API version:      1.48 (minimum version 1.24)
2026-01-29T05:59:22.8696296Z   Go version:       go1.23.7
2026-01-29T05:59:22.8697833Z   Git commit:       6430e49
2026-01-29T05:59:22.8699390Z   Built:            Tue Mar 25 15:07:16 2025
2026-01-29T05:59:22.8701172Z   OS/Arch:          linux/amd64
2026-01-29T05:59:22.8702782Z   Experimental:     false
2026-01-29T05:59:22.8704233Z  containerd:
2026-01-29T05:59:22.8705705Z   Version:          v2.2.1
2026-01-29T05:59:22.8707537Z   GitCommit:        dea7da592f5d1d2b7755e3a161be07f43fad8f75
2026-01-29T05:59:22.8709531Z  runc:
2026-01-29T05:59:22.8710831Z   Version:          1.3.4
2026-01-29T05:59:22.8712326Z   GitCommit:        v1.3.4-0-gd6d73eb8
2026-01-29T05:59:22.8714004Z  docker-init:
2026-01-29T05:59:22.8715636Z   Version:          0.19.0
2026-01-29T05:59:22.8717138Z   GitCommit:        de40ad0
2026-01-29T05:59:22.8737638Z [command]/usr/bin/docker info
2026-01-29T05:59:24.9321275Z Client: Docker Engine - Community
2026-01-29T05:59:24.9321791Z  Version:    28.0.4
2026-01-29T05:59:24.9322039Z  Context:    default
2026-01-29T05:59:24.9322284Z  Debug Mode: false
2026-01-29T05:59:24.9322506Z  Plugins:
2026-01-29T05:59:24.9322747Z   buildx: Docker Buildx (Docker Inc.)
2026-01-29T05:59:24.9323044Z     Version:  v0.31.0
2026-01-29T05:59:24.9323355Z     Path:     /usr/libexec/docker/cli-plugins/docker-buildx
2026-01-29T05:59:24.9323725Z   compose: Docker Compose (Docker Inc.)
2026-01-29T05:59:24.9324024Z     Version:  v2.38.2
2026-01-29T05:59:24.9324568Z     Path:     /usr/libexec/docker/cli-plugins/docker-compose
2026-01-29T05:59:24.9324885Z 
2026-01-29T05:59:24.9325024Z Server:
2026-01-29T05:59:24.9325270Z  Containers: 0
2026-01-29T05:59:24.9325495Z   Running: 0
2026-01-29T05:59:24.9325821Z   Paused: 0
2026-01-29T05:59:24.9326026Z   Stopped: 0
2026-01-29T05:59:24.9326238Z  Images: 1
2026-01-29T05:59:24.9326445Z  Server Version: 28.0.4
2026-01-29T05:59:24.9326718Z  Storage Driver: overlay2
2026-01-29T05:59:24.9326972Z   Backing Filesystem: extfs
2026-01-29T05:59:24.9327230Z   Supports d_type: true
2026-01-29T05:59:24.9327498Z   Using metacopy: false
2026-01-29T05:59:24.9327747Z   Native Overlay Diff: false
2026-01-29T05:59:24.9327993Z   userxattr: false
2026-01-29T05:59:24.9328250Z  Logging Driver: json-file
2026-01-29T05:59:24.9328503Z  Cgroup Driver: systemd
2026-01-29T05:59:24.9328733Z  Cgroup Version: 2
2026-01-29T05:59:24.9328952Z  Plugins:
2026-01-29T05:59:24.9329221Z   Volume: local
2026-01-29T05:59:24.9329674Z   Network: bridge host ipvlan macvlan null overlay
2026-01-29T05:59:24.9330152Z   Log: awslogs fluentd gcplogs gelf journald json-file local splunk syslog
2026-01-29T05:59:24.9331437Z  Swarm: inactive
2026-01-29T05:59:24.9331731Z  Runtimes: io.containerd.runc.v2 runc
2026-01-29T05:59:24.9332029Z  Default Runtime: runc
2026-01-29T05:59:24.9332279Z  Init Binary: docker-init
2026-01-29T05:59:24.9332601Z  containerd version: dea7da592f5d1d2b7755e3a161be07f43fad8f75
2026-01-29T05:59:24.9332963Z  runc version: v1.3.4-0-gd6d73eb8
2026-01-29T05:59:24.9333231Z  init version: de40ad0
2026-01-29T05:59:24.9333472Z  Security Options:
2026-01-29T05:59:24.9333687Z   apparmor
2026-01-29T05:59:24.9333888Z   seccomp
2026-01-29T05:59:24.9334084Z    Profile: builtin
2026-01-29T05:59:24.9334301Z   cgroupns
2026-01-29T05:59:24.9334759Z  Kernel Version: 6.11.0-1018-azure
2026-01-29T05:59:24.9335054Z  Operating System: Ubuntu 24.04.3 LTS
2026-01-29T05:59:24.9335323Z  OSType: linux
2026-01-29T05:59:24.9335548Z  Architecture: x86_64
2026-01-29T05:59:24.9335777Z  CPUs: 4
2026-01-29T05:59:24.9335977Z  Total Memory: 15.62GiB
2026-01-29T05:59:24.9336390Z  Name: runnervmkj6or
2026-01-29T05:59:24.9336828Z  ID: d1587796-e338-4253-a941-b5a378ddb055
2026-01-29T05:59:24.9337329Z  Docker Root Dir: /var/lib/docker
2026-01-29T05:59:24.9337764Z  Debug Mode: false
2026-01-29T05:59:24.9338006Z  Username: githubactions
2026-01-29T05:59:24.9338250Z  Experimental: false
2026-01-29T05:59:24.9338483Z  Insecure Registries:
2026-01-29T05:59:24.9341892Z   ::1/128
2026-01-29T05:59:24.9342251Z   127.0.0.0/8
2026-01-29T05:59:24.9342602Z  Live Restore Enabled: false
2026-01-29T05:59:24.9342801Z 
2026-01-29T05:59:24.9343425Z ##[endgroup]
2026-01-29T05:59:25.0274670Z ##[group]Buildx version
2026-01-29T05:59:25.0305029Z [command]/usr/bin/docker buildx version
2026-01-29T05:59:25.1059185Z github.com/docker/buildx v0.31.0 44945d71ff077ce7fc142fbdee6acec8d9acb630
2026-01-29T05:59:25.1099071Z ##[endgroup]
2026-01-29T05:59:25.1107626Z ##[group]Creating a new builder instance
2026-01-29T05:59:25.1955266Z [command]/usr/bin/docker buildx create --name builder-33aa94c4-121f-4a33-a89a-5ebc44acdf9f --driver docker-container --buildkitd-flags --allow-insecure-entitlement security.insecure --allow-insecure-entitlement network.host --use
2026-01-29T05:59:25.2801095Z builder-33aa94c4-121f-4a33-a89a-5ebc44acdf9f
2026-01-29T05:59:25.2841562Z ##[endgroup]
2026-01-29T05:59:25.2842314Z ##[group]Booting builder
2026-01-29T05:59:25.2875792Z [command]/usr/bin/docker buildx inspect --bootstrap --builder builder-33aa94c4-121f-4a33-a89a-5ebc44acdf9f
2026-01-29T05:59:25.3524831Z #1 [internal] booting buildkit
2026-01-29T05:59:25.5028488Z #1 pulling image moby/buildkit:buildx-stable-1
2026-01-29T05:59:27.2682913Z #1 pulling image moby/buildkit:buildx-stable-1 1.9s done
2026-01-29T05:59:27.4187892Z #1 creating container buildx_buildkit_builder-33aa94c4-121f-4a33-a89a-5ebc44acdf9f0
2026-01-29T05:59:27.5361688Z #1 creating container buildx_buildkit_builder-33aa94c4-121f-4a33-a89a-5ebc44acdf9f0 0.3s done
2026-01-29T05:59:27.5463929Z #1 DONE 2.2s
2026-01-29T05:59:27.5766228Z Name:          builder-33aa94c4-121f-4a33-a89a-5ebc44acdf9f
2026-01-29T05:59:27.5769604Z Driver:        docker-container
2026-01-29T05:59:27.5770068Z Last Activity: 2026-01-29 05:59:25 +0000 UTC
2026-01-29T05:59:27.5770378Z 
2026-01-29T05:59:27.5770487Z Nodes:
2026-01-29T05:59:27.5770879Z Name:                  builder-33aa94c4-121f-4a33-a89a-5ebc44acdf9f0
2026-01-29T05:59:27.5771468Z Endpoint:              unix:///var/run/docker.sock
2026-01-29T05:59:27.5771945Z Status:                running
2026-01-29T05:59:27.5772796Z BuildKit daemon flags: --allow-insecure-entitlement security.insecure --allow-insecure-entitlement network.host
2026-01-29T05:59:27.5773689Z BuildKit version:      v0.26.3
2026-01-29T05:59:27.5774218Z Platforms:             linux/amd64, linux/amd64/v2, linux/amd64/v3, linux/386
2026-01-29T05:59:27.5775071Z Labels:
2026-01-29T05:59:27.5775490Z  org.mobyproject.buildkit.worker.executor:         oci
2026-01-29T05:59:27.5776213Z  org.mobyproject.buildkit.worker.hostname:         cb8b26f7a7a7
2026-01-29T05:59:27.5776886Z  org.mobyproject.buildkit.worker.network:          host
2026-01-29T05:59:27.5778103Z  org.mobyproject.buildkit.worker.oci.process-mode: sandbox
2026-01-29T05:59:27.5778797Z  org.mobyproject.buildkit.worker.selinux.enabled:  false
2026-01-29T05:59:27.5779473Z  org.mobyproject.buildkit.worker.snapshotter:      overlayfs
2026-01-29T05:59:27.5780054Z GC Policy rule#0:
2026-01-29T05:59:27.5780360Z  All:            false
2026-01-29T05:59:27.5780935Z  Filters:        type==source.local,type==exec.cachemount,type==source.git.checkout
2026-01-29T05:59:27.5781586Z  Keep Duration:  48h0m0s
2026-01-29T05:59:27.5781936Z  Max Used Space: 488.3MiB
2026-01-29T05:59:27.5782277Z GC Policy rule#1:
2026-01-29T05:59:27.5782570Z  All:            false
2026-01-29T05:59:27.5782896Z  Keep Duration:  1440h0m0s
2026-01-29T05:59:27.5783246Z  Reserved Space: 9.313GiB
2026-01-29T05:59:27.5783561Z  Max Used Space: 93.13GiB
2026-01-29T05:59:27.5783900Z  Min Free Space: 27.01GiB
2026-01-29T05:59:27.5784226Z GC Policy rule#2:
2026-01-29T05:59:27.5784672Z  All:            false
2026-01-29T05:59:27.5785003Z  Reserved Space: 9.313GiB
2026-01-29T05:59:27.5785333Z  Max Used Space: 93.13GiB
2026-01-29T05:59:27.5785650Z  Min Free Space: 27.01GiB
2026-01-29T05:59:27.5785976Z GC Policy rule#3:
2026-01-29T05:59:27.5786256Z  All:            true
2026-01-29T05:59:27.5786575Z  Reserved Space: 9.313GiB
2026-01-29T05:59:27.5786897Z  Max Used Space: 93.13GiB
2026-01-29T05:59:27.5787245Z  Min Free Space: 27.01GiB
2026-01-29T05:59:27.5855400Z ##[endgroup]
2026-01-29T05:59:27.7182331Z ##[group]Inspect builder
2026-01-29T05:59:27.7184285Z {
2026-01-29T05:59:27.7184807Z   "nodes": [
2026-01-29T05:59:27.7185110Z     {
2026-01-29T05:59:27.7185538Z       "name": "builder-33aa94c4-121f-4a33-a89a-5ebc44acdf9f0",
2026-01-29T05:59:27.7186156Z       "endpoint": "unix:///var/run/docker.sock",
2026-01-29T05:59:27.7186657Z       "status": "running",
2026-01-29T05:59:27.7187199Z       "platforms": "linux/amd64,linux/amd64/v2,linux/amd64/v3,linux/386",
2026-01-29T05:59:27.7187813Z       "labels": {
2026-01-29T05:59:27.7188329Z         "org.mobyproject.buildkit.worker.executor": "oci",
2026-01-29T05:59:27.7189040Z         "org.mobyproject.buildkit.worker.hostname": "cb8b26f7a7a7",
2026-01-29T05:59:27.7189762Z         "org.mobyproject.buildkit.worker.network": "host",
2026-01-29T05:59:27.7190520Z         "org.mobyproject.buildkit.worker.oci.process-mode": "sandbox",
2026-01-29T05:59:27.7191345Z         "org.mobyproject.buildkit.worker.selinux.enabled": "false",
2026-01-29T05:59:27.7192128Z         "org.mobyproject.buildkit.worker.snapshotter": "overlayfs"
2026-01-29T05:59:27.7192721Z       },
2026-01-29T05:59:27.7193017Z       "gcPolicy": [
2026-01-29T05:59:27.7193338Z         {
2026-01-29T05:59:27.7193604Z           "all": false,
2026-01-29T05:59:27.7193959Z           "filter": [
2026-01-29T05:59:27.7194315Z             "type==source.local",
2026-01-29T05:59:27.7195041Z             "type==exec.cachemount",
2026-01-29T05:59:27.7195471Z             "type==source.git.checkout"
2026-01-29T05:59:27.7195873Z           ],
2026-01-29T05:59:27.7197315Z           "keepDuration": "48h0m0s"
2026-01-29T05:59:27.7197604Z         },
2026-01-29T05:59:27.7197775Z         {
2026-01-29T05:59:27.7197935Z           "all": false,
2026-01-29T05:59:27.7198154Z           "keepDuration": "1440h0m0s"
2026-01-29T05:59:27.7198383Z         },
2026-01-29T05:59:27.7198543Z         {
2026-01-29T05:59:27.7198699Z           "all": false
2026-01-29T05:59:27.7198886Z         },
2026-01-29T05:59:27.7199036Z         {
2026-01-29T05:59:27.7199198Z           "all": true
2026-01-29T05:59:27.7199382Z         }
2026-01-29T05:59:27.7199536Z       ]
2026-01-29T05:59:27.7199692Z     }
2026-01-29T05:59:27.7199840Z   ],
2026-01-29T05:59:27.7200068Z   "name": "builder-33aa94c4-121f-4a33-a89a-5ebc44acdf9f",
2026-01-29T05:59:27.7200502Z   "driver": "docker-container",
2026-01-29T05:59:27.7200897Z   "lastActivity": "2026-01-29T05:59:25.000Z"
2026-01-29T05:59:27.7201313Z }
2026-01-29T05:59:27.7202259Z ##[endgroup]
2026-01-29T05:59:27.7203026Z ##[group]BuildKit version
2026-01-29T05:59:27.9717135Z builder-33aa94c4-121f-4a33-a89a-5ebc44acdf9f0: moby/buildkit:buildx-stable-1 => buildkitd github.com/moby/buildkit v0.26.3 c70e8e666f8f6ee3c0d83b20c338be5aedeaa97a
2026-01-29T05:59:27.9718943Z ##[endgroup]
2026-01-29T05:59:27.9865152Z ##[group]Run docker/login-action@v2
2026-01-29T05:59:27.9865448Z with:
2026-01-29T05:59:27.9865630Z   registry: ghcr.io
2026-01-29T05:59:27.9865829Z   username: rtcdance
2026-01-29T05:59:27.9866376Z   password: ***
2026-01-29T05:59:27.9866570Z   ecr: auto
2026-01-29T05:59:27.9866727Z   logout: true
2026-01-29T05:59:27.9866899Z env:
2026-01-29T05:59:27.9867060Z   REGISTRY: ghcr.io
2026-01-29T05:59:27.9867254Z   IMAGE_NAME: rtcdance/streamgate
2026-01-29T05:59:27.9867483Z ##[endgroup]
2026-01-29T05:59:28.0853622Z Logging into ghcr.io...
2026-01-29T05:59:28.2386601Z Login Succeeded!
2026-01-29T05:59:28.2519467Z ##[group]Run docker/metadata-action@v4
2026-01-29T05:59:28.2519761Z with:
2026-01-29T05:59:28.2519971Z   images: ghcr.io/rtcdance/streamgate/monolith
2026-01-29T05:59:28.2520480Z   tags: type=ref,event=branch
type=semver,pattern={{version}}
type=semver,pattern={{major}}.{{minor}}
type=sha

2026-01-29T05:59:28.2520947Z   context: workflow
2026-01-29T05:59:28.2521345Z   github-token: ***
2026-01-29T05:59:28.2521533Z env:
2026-01-29T05:59:28.2521692Z   REGISTRY: ghcr.io
2026-01-29T05:59:28.2521891Z   IMAGE_NAME: rtcdance/streamgate
2026-01-29T05:59:28.2522114Z ##[endgroup]
2026-01-29T05:59:28.5926199Z ##[group]Context info
2026-01-29T05:59:28.5926609Z eventName: push
2026-01-29T05:59:28.5926975Z sha: ebd2250a26ba080e179ad12273ebd431f7db4841
2026-01-29T05:59:28.5927432Z ref: refs/heads/master
2026-01-29T05:59:28.5927772Z workflow: Docker Build & Push
2026-01-29T05:59:28.5928135Z action: meta
2026-01-29T05:59:28.5928411Z actor: rtcdance
2026-01-29T05:59:28.5928706Z runNumber: 15
2026-01-29T05:59:28.5929133Z runId: 21467461202
2026-01-29T05:59:28.5929689Z ##[endgroup]
2026-01-29T05:59:28.5935975Z ##[group]Processing images input
2026-01-29T05:59:28.5936479Z name=ghcr.io/rtcdance/streamgate/monolith,enable=true
2026-01-29T05:59:28.5937081Z ##[endgroup]
2026-01-29T05:59:28.5948255Z ##[group]Processing tags input
2026-01-29T05:59:28.5948803Z type=semver,pattern={{version}},value=,enable=true,priority=900
2026-01-29T05:59:28.5949655Z type=semver,pattern={{major}}.{{minor}},value=,enable=true,priority=900
2026-01-29T05:59:28.5950290Z type=ref,event=branch,enable=true,priority=600
2026-01-29T05:59:28.5952259Z type=sha,prefix=sha-,format=short,enable=true,priority=100
2026-01-29T05:59:28.5953043Z ##[endgroup]
2026-01-29T05:59:28.5953569Z ##[group]Processing flavor input
2026-01-29T05:59:28.5955311Z latest=auto
2026-01-29T05:59:28.5955599Z prefix=
2026-01-29T05:59:28.5955883Z prefixLatest=false
2026-01-29T05:59:28.5956181Z suffix=
2026-01-29T05:59:28.5956452Z suffixLatest=false
2026-01-29T05:59:28.5957032Z ##[endgroup]
2026-01-29T05:59:28.6000774Z ##[group]Docker image version
2026-01-29T05:59:28.6001231Z master
2026-01-29T05:59:28.6001651Z ##[endgroup]
2026-01-29T05:59:28.6007316Z ##[group]Docker tags
2026-01-29T05:59:28.6007729Z ghcr.io/rtcdance/streamgate/monolith:master
2026-01-29T05:59:28.6008127Z ghcr.io/rtcdance/streamgate/monolith:sha-ebd2250
2026-01-29T05:59:28.6008663Z ##[endgroup]
2026-01-29T05:59:28.6083946Z ##[group]Docker labels
2026-01-29T05:59:28.6084706Z org.opencontainers.image.created=2026-01-29T05:59:28.595Z
2026-01-29T05:59:28.6085447Z org.opencontainers.image.description=
2026-01-29T05:59:28.6086021Z org.opencontainers.image.licenses=MIT
2026-01-29T05:59:28.6086603Z org.opencontainers.image.revision=ebd2250a26ba080e179ad12273ebd431f7db4841
2026-01-29T05:59:28.6087592Z org.opencontainers.image.source=https://github.com/rtcdance/streamgate
2026-01-29T05:59:28.6088134Z org.opencontainers.image.title=streamgate
2026-01-29T05:59:28.6088670Z org.opencontainers.image.url=https://github.com/rtcdance/streamgate
2026-01-29T05:59:28.6089153Z org.opencontainers.image.version=master
2026-01-29T05:59:28.6089680Z ##[endgroup]
2026-01-29T05:59:28.6091359Z ##[group]JSON output
2026-01-29T05:59:28.6092102Z {
2026-01-29T05:59:28.6092386Z   "tags": [
2026-01-29T05:59:28.6092775Z     "ghcr.io/rtcdance/streamgate/monolith:master",
2026-01-29T05:59:28.6093409Z     "ghcr.io/rtcdance/streamgate/monolith:sha-ebd2250"
2026-01-29T05:59:28.6093905Z   ],
2026-01-29T05:59:28.6094177Z   "labels": {
2026-01-29T05:59:28.6095322Z     "org.opencontainers.image.created": "2026-01-29T05:59:28.595Z",
2026-01-29T05:59:28.6096077Z     "org.opencontainers.image.description": "",
2026-01-29T05:59:28.6096625Z     "org.opencontainers.image.licenses": "MIT",
2026-01-29T05:59:28.6097405Z     "org.opencontainers.image.revision": "ebd2250a26ba080e179ad12273ebd431f7db4841",
2026-01-29T05:59:28.6098429Z     "org.opencontainers.image.source": "https://github.com/rtcdance/streamgate",
2026-01-29T05:59:28.6099555Z     "org.opencontainers.image.title": "streamgate",
2026-01-29T05:59:28.6100378Z     "org.opencontainers.image.url": "https://github.com/rtcdance/streamgate",
2026-01-29T05:59:28.6101136Z     "org.opencontainers.image.version": "master"
2026-01-29T05:59:28.6101618Z   }
2026-01-29T05:59:28.6101869Z }
2026-01-29T05:59:28.6102375Z ##[endgroup]
2026-01-29T05:59:28.6102844Z ##[group]Bake file definition
2026-01-29T05:59:28.6103170Z {
2026-01-29T05:59:28.6103388Z   "target": {
2026-01-29T05:59:28.6103674Z     "docker-metadata-action": {
2026-01-29T05:59:28.6104109Z       "tags": [
2026-01-29T05:59:28.6104716Z         "ghcr.io/rtcdance/streamgate/monolith:master",
2026-01-29T05:59:28.6105259Z         "ghcr.io/rtcdance/streamgate/monolith:sha-ebd2250"
2026-01-29T05:59:28.6105686Z       ],
2026-01-29T05:59:28.6105926Z       "labels": {
2026-01-29T05:59:28.6106355Z         "org.opencontainers.image.created": "2026-01-29T05:59:28.595Z",
2026-01-29T05:59:28.6106944Z         "org.opencontainers.image.description": "",
2026-01-29T05:59:28.6107454Z         "org.opencontainers.image.licenses": "MIT",
2026-01-29T05:59:28.6108157Z         "org.opencontainers.image.revision": "ebd2250a26ba080e179ad12273ebd431f7db4841",
2026-01-29T05:59:28.6109100Z         "org.opencontainers.image.source": "https://github.com/rtcdance/streamgate",
2026-01-29T05:59:28.6109841Z         "org.opencontainers.image.title": "streamgate",
2026-01-29T05:59:28.6110469Z         "org.opencontainers.image.url": "https://github.com/rtcdance/streamgate",
2026-01-29T05:59:28.6111130Z         "org.opencontainers.image.version": "master"
2026-01-29T05:59:28.6111561Z       },
2026-01-29T05:59:28.6111815Z       "args": {
2026-01-29T05:59:28.6112248Z         "DOCKER_META_IMAGES": "ghcr.io/rtcdance/streamgate/monolith",
2026-01-29T05:59:28.6112786Z         "DOCKER_META_VERSION": "master"
2026-01-29T05:59:28.6113157Z       }
2026-01-29T05:59:28.6113403Z     }
2026-01-29T05:59:28.6113642Z   }
2026-01-29T05:59:28.6113870Z }
2026-01-29T05:59:28.6114581Z ##[endgroup]
2026-01-29T05:59:28.6258302Z ##[group]Run docker/build-push-action@v4
2026-01-29T05:59:28.6258600Z with:
2026-01-29T05:59:28.6258767Z   context: .
2026-01-29T05:59:28.6258973Z   file: ./deploy/docker/Dockerfile.monolith
2026-01-29T05:59:28.6259239Z   push: true
2026-01-29T05:59:28.6259634Z   tags: ghcr.io/rtcdance/streamgate/monolith:master
ghcr.io/rtcdance/streamgate/monolith:sha-ebd2250
2026-01-29T05:59:28.6261521Z   labels: org.opencontainers.image.created=2026-01-29T05:59:28.595Z
org.opencontainers.image.description=
org.opencontainers.image.licenses=MIT
org.opencontainers.image.revision=ebd2250a26ba080e179ad12273ebd431f7db4841
org.opencontainers.image.source=https://github.com/rtcdance/streamgate
org.opencontainers.image.title=streamgate
org.opencontainers.image.url=https://github.com/rtcdance/streamgate
org.opencontainers.image.version=master
2026-01-29T05:59:28.6263201Z   cache-from: type=gha
2026-01-29T05:59:28.6263423Z   cache-to: type=gha,mode=max
2026-01-29T05:59:28.6263652Z   load: false
2026-01-29T05:59:28.6263861Z   no-cache: false
2026-01-29T05:59:28.6264036Z   pull: false
2026-01-29T05:59:28.6264354Z   github-token: ***
2026-01-29T05:59:28.6264718Z env:
2026-01-29T05:59:28.6264881Z   REGISTRY: ghcr.io
2026-01-29T05:59:28.6265479Z   IMAGE_NAME: rtcdance/streamgate
2026-01-29T05:59:28.6265845Z   DOCKER_METADATA_OUTPUT_VERSION: master
2026-01-29T05:59:28.6266649Z   DOCKER_METADATA_OUTPUT_TAGS: ghcr.io/rtcdance/streamgate/monolith:master
ghcr.io/rtcdance/streamgate/monolith:sha-ebd2250
2026-01-29T05:59:28.6269798Z   DOCKER_METADATA_OUTPUT_LABELS: org.opencontainers.image.created=2026-01-29T05:59:28.595Z
org.opencontainers.image.description=
org.opencontainers.image.licenses=MIT
org.opencontainers.image.revision=ebd2250a26ba080e179ad12273ebd431f7db4841
org.opencontainers.image.source=https://github.com/rtcdance/streamgate
org.opencontainers.image.title=streamgate
org.opencontainers.image.url=https://github.com/rtcdance/streamgate
org.opencontainers.image.version=master
2026-01-29T05:59:28.6275514Z   DOCKER_METADATA_OUTPUT_JSON: {"tags":["ghcr.io/rtcdance/streamgate/monolith:master","ghcr.io/rtcdance/streamgate/monolith:sha-ebd2250"],"labels":{"org.opencontainers.image.created":"2026-01-29T05:59:28.595Z","org.opencontainers.image.description":"","org.opencontainers.image.licenses":"MIT","org.opencontainers.image.revision":"ebd2250a26ba080e179ad12273ebd431f7db4841","org.opencontainers.image.source":"https://github.com/rtcdance/streamgate","org.opencontainers.image.title":"streamgate","org.opencontainers.image.url":"https://github.com/rtcdance/streamgate","org.opencontainers.image.version":"master"}}
2026-01-29T05:59:28.6277982Z   DOCKER_METADATA_OUTPUT_BAKE_FILE: /tmp/docker-actions-toolkit-vPAq5N/docker-metadata-action-bake.json
2026-01-29T05:59:28.6278451Z ##[endgroup]
2026-01-29T05:59:28.7753123Z ##[group]GitHub Actions runtime token ACs
2026-01-29T05:59:28.7773098Z refs/heads/master: read/write
2026-01-29T05:59:28.7774200Z ##[endgroup]
2026-01-29T05:59:28.7775343Z ##[group]Docker info
2026-01-29T05:59:28.7832726Z [command]/usr/bin/docker version
2026-01-29T05:59:28.8039806Z Client: Docker Engine - Community
2026-01-29T05:59:28.8040707Z  Version:           28.0.4
2026-01-29T05:59:28.8041531Z  API version:       1.48
2026-01-29T05:59:28.8042312Z  Go version:        go1.23.7
2026-01-29T05:59:28.8043160Z  Git commit:        b8034c0
2026-01-29T05:59:28.8043542Z  Built:             Tue Mar 25 15:07:16 2025
2026-01-29T05:59:28.8043939Z  OS/Arch:           linux/amd64
2026-01-29T05:59:28.8044290Z  Context:           default
2026-01-29T05:59:28.8044747Z 
2026-01-29T05:59:28.8044895Z Server: Docker Engine - Community
2026-01-29T05:59:28.8045250Z  Engine:
2026-01-29T05:59:28.8045506Z   Version:          28.0.4
2026-01-29T05:59:28.8045901Z   API version:      1.48 (minimum version 1.24)
2026-01-29T05:59:28.8046349Z   Go version:       go1.23.7
2026-01-29T05:59:28.8046722Z   Git commit:       6430e49
2026-01-29T05:59:28.8047081Z   Built:            Tue Mar 25 15:07:16 2025
2026-01-29T05:59:28.8047956Z   OS/Arch:          linux/amd64
2026-01-29T05:59:28.8048345Z   Experimental:     false
2026-01-29T05:59:28.8048687Z  containerd:
2026-01-29T05:59:28.8048986Z   Version:          v2.2.1
2026-01-29T05:59:28.8049437Z   GitCommit:        dea7da592f5d1d2b7755e3a161be07f43fad8f75
2026-01-29T05:59:28.8049954Z  runc:
2026-01-29T05:59:28.8050240Z   Version:          1.3.4
2026-01-29T05:59:28.8050619Z   GitCommit:        v1.3.4-0-gd6d73eb8
2026-01-29T05:59:28.8051026Z  docker-init:
2026-01-29T05:59:28.8051332Z   Version:          0.19.0
2026-01-29T05:59:28.8051664Z   GitCommit:        de40ad0
2026-01-29T05:59:28.8087783Z [command]/usr/bin/docker info
2026-01-29T05:59:28.8625485Z Client: Docker Engine - Community
2026-01-29T05:59:28.8626015Z  Version:    28.0.4
2026-01-29T05:59:28.8626336Z  Context:    default
2026-01-29T05:59:28.8626660Z  Debug Mode: false
2026-01-29T05:59:28.8626958Z  Plugins:
2026-01-29T05:59:28.8627259Z   buildx: Docker Buildx (Docker Inc.)
2026-01-29T05:59:28.8627640Z     Version:  v0.31.0
2026-01-29T05:59:28.8628097Z     Path:     /usr/libexec/docker/cli-plugins/docker-buildx
2026-01-29T05:59:28.8628618Z   compose: Docker Compose (Docker Inc.)
2026-01-29T05:59:28.8629023Z     Version:  v2.38.2
2026-01-29T05:59:28.8629815Z     Path:     /usr/libexec/docker/cli-plugins/docker-compose
2026-01-29T05:59:28.8630196Z 
2026-01-29T05:59:28.8630305Z Server:
2026-01-29T05:59:28.8630566Z  Containers: 1
2026-01-29T05:59:28.8630837Z   Running: 1
2026-01-29T05:59:28.8631114Z   Paused: 0
2026-01-29T05:59:28.8631377Z   Stopped: 0
2026-01-29T05:59:28.8631649Z  Images: 2
2026-01-29T05:59:28.8631920Z  Server Version: 28.0.4
2026-01-29T05:59:28.8632257Z  Storage Driver: overlay2
2026-01-29T05:59:28.8632600Z   Backing Filesystem: extfs
2026-01-29T05:59:28.8632948Z   Supports d_type: true
2026-01-29T05:59:28.8633253Z   Using metacopy: false
2026-01-29T05:59:28.8633569Z   Native Overlay Diff: false
2026-01-29T05:59:28.8633893Z   userxattr: false
2026-01-29T05:59:28.8634199Z  Logging Driver: json-file
2026-01-29T05:59:28.8636449Z  Cgroup Driver: systemd
2026-01-29T05:59:28.8636821Z  Cgroup Version: 2
2026-01-29T05:59:28.8637106Z  Plugins:
2026-01-29T05:59:28.8637375Z   Volume: local
2026-01-29T05:59:28.8637730Z   Network: bridge host ipvlan macvlan null overlay
2026-01-29T05:59:28.8638361Z   Log: awslogs fluentd gcplogs gelf journald json-file local splunk syslog
2026-01-29T05:59:28.8638940Z  Swarm: inactive
2026-01-29T05:59:28.8639262Z  Runtimes: io.containerd.runc.v2 runc
2026-01-29T05:59:28.8639675Z  Default Runtime: runc
2026-01-29T05:59:28.8640001Z  Init Binary: docker-init
2026-01-29T05:59:28.8640472Z  containerd version: dea7da592f5d1d2b7755e3a161be07f43fad8f75
2026-01-29T05:59:28.8641001Z  runc version: v1.3.4-0-gd6d73eb8
2026-01-29T05:59:28.8641386Z  init version: de40ad0
2026-01-29T05:59:28.8641705Z  Security Options:
2026-01-29T05:59:28.8642001Z   apparmor
2026-01-29T05:59:28.8642255Z   seccomp
2026-01-29T05:59:28.8642499Z    Profile: builtin
2026-01-29T05:59:28.8642791Z   cgroupns
2026-01-29T05:59:28.8643094Z  Kernel Version: 6.11.0-1018-azure
2026-01-29T05:59:28.8643456Z  Operating System: Ubuntu 24.04.3 LTS
2026-01-29T05:59:28.8643686Z  OSType: linux
2026-01-29T05:59:28.8643875Z  Architecture: x86_64
2026-01-29T05:59:28.8644060Z  CPUs: 4
2026-01-29T05:59:28.8644235Z  Total Memory: 15.62GiB
2026-01-29T05:59:28.8644605Z  Name: runnervmkj6or
2026-01-29T05:59:28.8644822Z  ID: d1587796-e338-4253-a941-b5a378ddb055
2026-01-29T05:59:28.8645069Z  Docker Root Dir: /var/lib/docker
2026-01-29T05:59:28.8645292Z  Debug Mode: false
2026-01-29T05:59:28.8645481Z  Username: githubactions
2026-01-29T05:59:28.8645681Z  Experimental: false
2026-01-29T05:59:28.8645881Z  Insecure Registries:
2026-01-29T05:59:28.8646150Z   ::1/128
2026-01-29T05:59:28.8646309Z   127.0.0.0/8
2026-01-29T05:59:28.8646486Z  Live Restore Enabled: false
2026-01-29T05:59:28.8646633Z 
2026-01-29T05:59:28.8648296Z ##[endgroup]
2026-01-29T05:59:28.8648893Z ##[group]Proxy configuration
2026-01-29T05:59:28.8652195Z No proxy configuration found
2026-01-29T05:59:28.8652793Z ##[endgroup]
2026-01-29T05:59:28.9380207Z ##[group]Buildx version
2026-01-29T05:59:28.9406381Z [command]/usr/bin/docker buildx version
2026-01-29T05:59:28.9987233Z github.com/docker/buildx v0.31.0 44945d71ff077ce7fc142fbdee6acec8d9acb630
2026-01-29T05:59:29.0025485Z ##[endgroup]
2026-01-29T05:59:29.4600086Z [command]/usr/bin/docker buildx build --cache-from type=gha --cache-to type=gha,mode=max --file ./deploy/docker/Dockerfile.monolith --iidfile /tmp/docker-actions-toolkit-tcIfiU/iidfile --label org.opencontainers.image.created=2026-01-29T05:59:28.595Z --label org.opencontainers.image.description= --label org.opencontainers.image.licenses=MIT --label org.opencontainers.image.revision=ebd2250a26ba080e179ad12273ebd431f7db4841 --label org.opencontainers.image.source=https://github.com/rtcdance/streamgate --label org.opencontainers.image.title=streamgate --label org.opencontainers.image.url=https://github.com/rtcdance/streamgate --label org.opencontainers.image.version=master --tag ghcr.io/rtcdance/streamgate/monolith:master --tag ghcr.io/rtcdance/streamgate/monolith:sha-ebd2250 --metadata-file /tmp/docker-actions-toolkit-tcIfiU/metadata-file --push .
2026-01-29T05:59:29.8021758Z #0 building with "builder-33aa94c4-121f-4a33-a89a-5ebc44acdf9f" instance using docker-container driver
2026-01-29T05:59:29.8023088Z 
2026-01-29T05:59:29.8023327Z #1 [internal] load build definition from Dockerfile.monolith
2026-01-29T05:59:29.8023747Z #1 transferring dockerfile: 597B done
2026-01-29T05:59:29.8024010Z #1 DONE 0.0s
2026-01-29T05:59:29.8024128Z 
2026-01-29T05:59:29.8024297Z #2 [auth] library/alpine:pull token for registry-1.docker.io
2026-01-29T05:59:29.8024845Z #2 DONE 0.0s
2026-01-29T05:59:29.8024959Z 
2026-01-29T05:59:29.8025125Z #3 [auth] library/golang:pull token for registry-1.docker.io
2026-01-29T05:59:29.8025467Z #3 DONE 0.0s
2026-01-29T05:59:29.8025574Z 
2026-01-29T05:59:29.8025743Z #4 [internal] load metadata for docker.io/library/alpine:latest
2026-01-29T05:59:29.9921110Z #4 DONE 0.4s
2026-01-29T05:59:29.9921381Z 
2026-01-29T05:59:29.9921752Z #5 [internal] load metadata for docker.io/library/golang:1.24-alpine
2026-01-29T05:59:30.1067784Z #5 DONE 0.5s
2026-01-29T05:59:30.1069369Z 
2026-01-29T05:59:30.1069634Z #6 [internal] load .dockerignore
2026-01-29T05:59:30.1070210Z #6 transferring context: 2B done
2026-01-29T05:59:30.1070613Z #6 DONE 0.0s
2026-01-29T05:59:30.1070786Z 
2026-01-29T05:59:30.1070927Z #7 [internal] load build context
2026-01-29T05:59:30.1071304Z #7 DONE 0.0s
2026-01-29T05:59:30.1071476Z 
2026-01-29T05:59:30.1072158Z #8 [builder 1/6] FROM docker.io/library/golang:1.24-alpine@sha256:0c9ca7fc5eee2d48b82f0733f57224137d439677b298d1e2b1e935fdb44b01f7
2026-01-29T05:59:30.1073580Z #8 resolve docker.io/library/golang:1.24-alpine@sha256:0c9ca7fc5eee2d48b82f0733f57224137d439677b298d1e2b1e935fdb44b01f7 done
2026-01-29T05:59:30.1074621Z #8 DONE 0.0s
2026-01-29T05:59:30.1074789Z 
2026-01-29T05:59:30.1075367Z #9 [stage-1 1/5] FROM docker.io/library/alpine:latest@sha256:25109184c71bdad752c8312a8623239686a9a2071e8825f20acb8f2198c3f659
2026-01-29T05:59:30.1076575Z #9 resolve docker.io/library/alpine:latest@sha256:25109184c71bdad752c8312a8623239686a9a2071e8825f20acb8f2198c3f659 done
2026-01-29T05:59:30.1077114Z #9 DONE 0.0s
2026-01-29T05:59:30.1077235Z 
2026-01-29T05:59:30.1077381Z #10 importing cache manifest from gha:10046777169230609566
2026-01-29T05:59:30.1077693Z #10 DONE 0.0s
2026-01-29T05:59:30.2140840Z 
2026-01-29T05:59:30.2146092Z #8 [builder 1/6] FROM docker.io/library/golang:1.24-alpine@sha256:0c9ca7fc5eee2d48b82f0733f57224137d439677b298d1e2b1e935fdb44b01f7
2026-01-29T05:59:30.2153463Z #8 sha256:4f4fb700ef54461cfa02571ae0db9a0dc1e0cdb5577484a6d75e68dc38e8acc1 32B / 32B 0.0s done
2026-01-29T05:59:30.3173587Z #8 ...
2026-01-29T05:59:30.3173881Z 
2026-01-29T05:59:30.3173996Z #7 [internal] load build context
2026-01-29T05:59:30.3174298Z #7 transferring context: 4.98MB 0.2s done
2026-01-29T05:59:30.3174799Z #7 DONE 0.2s
2026-01-29T05:59:30.3174908Z 
2026-01-29T05:59:30.3175653Z #8 [builder 1/6] FROM docker.io/library/golang:1.24-alpine@sha256:0c9ca7fc5eee2d48b82f0733f57224137d439677b298d1e2b1e935fdb44b01f7
2026-01-29T05:59:30.3176527Z #8 sha256:1941a8bede1926962f0e583c6642680a3fce969b78abd4c041ae4df053558a0b 125B / 125B 0.1s done
2026-01-29T05:59:30.3177279Z #8 sha256:e772126aa6bd06e70ff0c46aca7a23345aebcbbc87b53c281e9482e0f0d6f8f0 296.08kB / 296.08kB 0.1s done
2026-01-29T05:59:30.4595857Z #8 ...
2026-01-29T05:59:30.4596158Z 
2026-01-29T05:59:30.4596923Z #9 [stage-1 1/5] FROM docker.io/library/alpine:latest@sha256:25109184c71bdad752c8312a8623239686a9a2071e8825f20acb8f2198c3f659
2026-01-29T05:59:30.4598224Z #9 sha256:589002ba0eaed121a1dbf42f6648f29e5be55d5c8a6ee0f8eaa0285cc21ac153 3.86MB / 3.86MB 0.1s done
2026-01-29T05:59:30.4599383Z #9 extracting sha256:589002ba0eaed121a1dbf42f6648f29e5be55d5c8a6ee0f8eaa0285cc21ac153 0.1s done
2026-01-29T05:59:30.4600099Z #9 DONE 0.3s
2026-01-29T05:59:30.4600273Z 
2026-01-29T05:59:30.4600931Z #8 [builder 1/6] FROM docker.io/library/golang:1.24-alpine@sha256:0c9ca7fc5eee2d48b82f0733f57224137d439677b298d1e2b1e935fdb44b01f7
2026-01-29T05:59:30.4602211Z #8 sha256:fb9d4bc08b092267b3083b826637a46f93f553cd35428eac603f9a907e0aee7e 17.83MB / 79.13MB 0.2s
2026-01-29T05:59:30.4603292Z #8 extracting sha256:e772126aa6bd06e70ff0c46aca7a23345aebcbbc87b53c281e9482e0f0d6f8f0 0.1s done
2026-01-29T05:59:30.5639519Z #8 sha256:fb9d4bc08b092267b3083b826637a46f93f553cd35428eac603f9a907e0aee7e 79.13MB / 79.13MB 0.4s done
2026-01-29T05:59:30.7168637Z #8 extracting sha256:fb9d4bc08b092267b3083b826637a46f93f553cd35428eac603f9a907e0aee7e
2026-01-29T05:59:33.6579790Z #8 ...
2026-01-29T05:59:33.6580528Z 
2026-01-29T05:59:33.6581270Z #11 [stage-1 2/5] RUN apk --no-cache add ca-certificates ffmpeg
2026-01-29T05:59:33.6582301Z #11 0.584 (  1/105) Installing ca-certificates (20251003-r0)
2026-01-29T05:59:33.6583124Z #11 0.618 (  2/105) Installing libSvtAv1Enc (3.1.2-r0)
2026-01-29T05:59:33.6583659Z #11 0.706 (  3/105) Installing aom-libs (3.13.1-r0)
2026-01-29T05:59:33.6584189Z #11 0.767 (  4/105) Installing libxau (1.0.12-r0)
2026-01-29T05:59:33.6584922Z #11 0.774 (  5/105) Installing libmd (1.1.0-r0)
2026-01-29T05:59:33.6585438Z #11 0.781 (  6/105) Installing libbsd (0.12.2-r0)
2026-01-29T05:59:33.6585957Z #11 0.788 (  7/105) Installing libxdmcp (1.1.5-r1)
2026-01-29T05:59:33.6586482Z #11 0.794 (  8/105) Installing libxcb (1.17.0-r1)
2026-01-29T05:59:33.6586985Z #11 0.819 (  9/105) Installing libx11 (1.8.12-r1)
2026-01-29T05:59:33.6587525Z #11 0.865 ( 10/105) Installing hwdata-pci (0.401-r0)
2026-01-29T05:59:33.6588081Z #11 0.882 ( 11/105) Installing libpciaccess (0.18.1-r1)
2026-01-29T05:59:33.6588633Z #11 0.889 ( 12/105) Installing libdrm (2.4.131-r0)
2026-01-29T05:59:33.6589138Z #11 0.904 ( 13/105) Installing libxext (1.3.6-r2)
2026-01-29T05:59:33.6589647Z #11 0.911 ( 14/105) Installing libxfixes (6.0.2-r0)
2026-01-29T05:59:33.6590169Z #11 0.918 ( 15/105) Installing libffi (3.5.2-r0)
2026-01-29T05:59:33.6590724Z #11 0.925 ( 16/105) Installing wayland-libs-client (1.24.0-r0)
2026-01-29T05:59:33.6591288Z #11 0.932 ( 17/105) Installing libva (2.22.0-r1)
2026-01-29T05:59:33.6591780Z #11 0.942 ( 18/105) Installing libvdpau (1.5-r4)
2026-01-29T05:59:33.6592277Z #11 0.949 ( 19/105) Installing libgcc (15.2.0-r2)
2026-01-29T05:59:33.6592767Z #11 0.957 ( 20/105) Installing libstdc++ (15.2.0-r2)
2026-01-29T05:59:33.6593299Z #11 0.981 ( 21/105) Installing libvpl (2.15.0-r1)
2026-01-29T05:59:33.6593829Z #11 0.992 ( 22/105) Installing ffmpeg-libavutil (8.0.1-r1)
2026-01-29T05:59:33.6594574Z #11 1.009 ( 23/105) Installing libdav1d (1.5.2-r0)
2026-01-29T05:59:33.6595097Z #11 1.030 ( 24/105) Installing brotli-libs (1.2.0-r0)
2026-01-29T05:59:33.6595614Z #11 1.044 ( 25/105) Installing libhwy (1.3.0-r0)
2026-01-29T05:59:33.6596106Z #11 1.051 ( 26/105) Installing lcms2 (2.17-r0)
2026-01-29T05:59:33.6596634Z #11 1.065 ( 27/105) Installing libjxl (0.11.1-r3)
2026-01-29T05:59:33.6597139Z #11 1.108 ( 28/105) Installing lame-libs (3.100-r5)
2026-01-29T05:59:33.6597650Z #11 1.117 ( 29/105) Installing opus (1.5.2-r1)
2026-01-29T05:59:33.6598426Z #11 1.129 ( 30/105) Installing rav1e-libs (0.8.1-r0)
2026-01-29T05:59:33.6599023Z #11 1.156 ( 31/105) Installing spirv-tools (1.4.321.0-r1)
2026-01-29T05:59:33.6599575Z #11 1.197 ( 32/105) Installing glslang-libs (1.4.321.0-r0)
2026-01-29T05:59:33.6600139Z #11 1.217 ( 33/105) Installing shaderc (2025.3-r0)
2026-01-29T05:59:33.6600645Z #11 1.226 ( 34/105) Installing libgomp (15.2.0-r2)
2026-01-29T05:59:33.6601135Z #11 1.236 ( 35/105) Installing soxr (0.1.3-r7)
2026-01-29T05:59:33.6601693Z #11 1.244 ( 36/105) Installing ffmpeg-libswresample (8.0.1-r1)
2026-01-29T05:59:33.6602250Z #11 1.252 ( 37/105) Installing libogg (1.3.6-r0)
2026-01-29T05:59:33.6602744Z #11 1.258 ( 38/105) Installing libtheora (1.2.0-r0)
2026-01-29T05:59:33.6603264Z #11 1.272 ( 39/105) Installing libvorbis (1.3.7-r2)
2026-01-29T05:59:33.6603770Z #11 1.284 ( 40/105) Installing libvpx (1.15.2-r0)
2026-01-29T05:59:33.6604269Z #11 1.323 ( 41/105) Installing libsharpyuv (1.6.0-r0)
2026-01-29T05:59:33.6604987Z #11 1.330 ( 42/105) Installing libwebp (1.6.0-r0)
2026-01-29T05:59:33.6605512Z #11 1.345 ( 43/105) Installing libwebpmux (1.6.0-r0)
2026-01-29T05:59:33.6606040Z #11 1.352 ( 44/105) Installing x264-libs (0.164.3108-r1)
2026-01-29T05:59:33.6606570Z #11 1.377 ( 45/105) Installing numactl (2.0.18-r0)
2026-01-29T05:59:33.6607352Z #11 1.384 ( 46/105) Installing x265-libs (4.1-r0)
2026-01-29T05:59:33.6607865Z #11 1.471 ( 47/105) Installing xvidcore (1.3.7-r2)
2026-01-29T05:59:33.6608412Z #11 1.481 ( 48/105) Installing ffmpeg-libavcodec (8.0.1-r1)
2026-01-29T05:59:33.6608955Z #11 1.627 ( 49/105) Installing alsa-lib (1.2.14-r2)
2026-01-29T05:59:33.6609451Z #11 1.651 ( 50/105) Installing libexpat (2.7.3-r0)
2026-01-29T05:59:33.6609958Z #11 1.659 ( 51/105) Installing libbz2 (1.0.8-r6)
2026-01-29T05:59:33.6610445Z #11 1.667 ( 52/105) Installing libpng (1.6.54-r0)
2026-01-29T05:59:33.6610952Z #11 1.675 ( 53/105) Installing freetype (2.14.1-r0)
2026-01-29T05:59:33.6611481Z #11 1.689 ( 54/105) Installing fontconfig (2.17.1-r0)
2026-01-29T05:59:33.6612011Z #11 1.713 ( 55/105) Installing fribidi (1.0.16-r2)
2026-01-29T05:59:33.6612514Z #11 1.721 ( 56/105) Installing libintl (0.24.1-r1)
2026-01-29T05:59:33.6613001Z #11 1.729 ( 57/105) Installing libeconf (0.8.3-r0)
2026-01-29T05:59:33.6613490Z #11 1.736 ( 58/105) Installing libblkid (2.41.2-r0)
2026-01-29T05:59:33.6613977Z #11 1.744 ( 59/105) Installing libmount (2.41.2-r0)
2026-01-29T05:59:33.6614647Z #11 1.754 ( 60/105) Installing pcre2 (10.47-r0)
2026-01-29T05:59:33.6615157Z #11 1.766 ( 61/105) Installing glib (2.86.3-r0)
2026-01-29T05:59:33.6615654Z #11 1.812 ( 62/105) Installing graphite2 (1.3.14-r6)
2026-01-29T05:59:33.6616165Z #11 1.820 ( 63/105) Installing harfbuzz (12.2.0-r0)
2026-01-29T05:59:33.6616675Z #11 1.837 ( 64/105) Installing libunibreak (6.1-r0)
2026-01-29T05:59:33.6617186Z #11 1.846 ( 65/105) Installing libass (0.17.4-r0)
2026-01-29T05:59:33.6617678Z #11 1.855 ( 66/105) Installing libudfread (1.2.0-r0)
2026-01-29T05:59:33.6618201Z #11 1.862 ( 67/105) Installing libbluray (1.4.0-r0)
2026-01-29T05:59:33.6618727Z #11 1.871 ( 68/105) Installing mpg123-libs (1.33.3-r0)
2026-01-29T05:59:33.6619247Z #11 1.882 ( 69/105) Installing libopenmpt (0.8.3-r0)
2026-01-29T05:59:33.6619622Z #11 1.900 ( 70/105) Installing cjson (1.7.19-r1)
2026-01-29T05:59:33.6620051Z #11 1.907 ( 71/105) Installing mbedtls (3.6.5-r0)
2026-01-29T05:59:33.6620429Z #11 1.921 ( 72/105) Installing librist (0.2.10-r1)
2026-01-29T05:59:33.6620747Z #11 1.929 ( 73/105) Installing libsrt (1.5.3-r1)
2026-01-29T05:59:33.6621021Z #11 1.944 ( 74/105) Installing libssh (0.11.3-r0)
2026-01-29T05:59:33.6621337Z #11 1.958 ( 75/105) Installing xz-libs (5.8.2-r0)
2026-01-29T05:59:33.6621706Z #11 1.967 ( 76/105) Installing libxml2 (2.13.9-r0)
2026-01-29T05:59:33.6622083Z #11 1.982 ( 77/105) Installing libsodium (1.0.20-r1)
2026-01-29T05:59:33.6622356Z #11 1.992 ( 78/105) Installing libzmq (4.3.5-r2)
2026-01-29T05:59:33.6622661Z #11 2.005 ( 79/105) Installing ffmpeg-libavformat (8.0.1-r1)
2026-01-29T05:59:33.6623082Z #11 2.033 ( 80/105) Installing serd-libs (0.32.4-r0)
2026-01-29T05:59:33.6623807Z #11 2.041 ( 81/105) Installing zix-libs (0.6.2-r0)
2026-01-29T05:59:33.6624352Z #11 2.048 ( 82/105) Installing sord-libs (0.16.18-r0)
2026-01-29T05:59:33.6625019Z #11 2.055 ( 83/105) Installing sratom (0.6.18-r0)
2026-01-29T05:59:33.6625533Z #11 2.063 ( 84/105) Installing lilv-libs (0.24.26-r0)
2026-01-29T05:59:33.6625848Z #11 2.070 ( 85/105) Installing libdovi (3.3.2-r0)
2026-01-29T05:59:33.6626149Z #11 2.081 ( 86/105) Installing vulkan-loader (1.4.321.0-r0)
2026-01-29T05:59:33.6626638Z #11 2.092 ( 87/105) Installing libplacebo (7.351.0-r0)
2026-01-29T05:59:33.6627042Z #11 2.116 ( 88/105) Installing ffmpeg-libswscale (8.0.1-r1)
2026-01-29T05:59:33.6627440Z #11 2.134 ( 89/105) Installing vidstab (1.1.1-r0)
2026-01-29T05:59:33.6627756Z #11 2.144 ( 90/105) Installing zimg (3.0.6-r0)
2026-01-29T05:59:33.6628251Z #11 2.156 ( 91/105) Installing ffmpeg-libavfilter (8.0.1-r1)
2026-01-29T05:59:33.6628569Z #11 2.206 ( 92/105) Installing libasyncns (0.8-r4)
2026-01-29T05:59:33.6628957Z #11 2.213 ( 93/105) Installing dbus-libs (1.16.2-r1)
2026-01-29T05:59:33.6629325Z #11 2.223 ( 94/105) Installing libltdl (2.5.4-r2)
2026-01-29T05:59:33.6629648Z #11 2.230 ( 95/105) Installing orc (0.4.41-r0)
2026-01-29T05:59:33.6630208Z #11 2.244 ( 96/105) Installing libflac (1.4.3-r2)
2026-01-29T05:59:33.6630540Z #11 2.256 ( 97/105) Installing libsndfile (1.2.2-r2)
2026-01-29T05:59:33.6630900Z #11 2.273 ( 98/105) Installing speexdsp (1.2.1-r2)
2026-01-29T05:59:33.6631271Z #11 2.280 ( 99/105) Installing tdb-libs (1.4.14-r0)
2026-01-29T05:59:33.6631605Z #11 2.288 (100/105) Installing libpulse (17.0-r5)
2026-01-29T05:59:33.6631942Z #11 2.305 (101/105) Installing libjpeg-turbo (3.1.2-r0)
2026-01-29T05:59:33.6632328Z #11 2.318 (102/105) Installing json-c (0.18-r1)
2026-01-29T05:59:33.6632819Z #11 2.325 (103/105) Installing v4l-utils-libs (1.32.0-r0)
2026-01-29T05:59:33.6633151Z #11 2.339 (104/105) Installing ffmpeg-libavdevice (8.0.1-r1)
2026-01-29T05:59:33.6633554Z #11 2.353 (105/105) Installing ffmpeg (8.0.1-r1)
2026-01-29T05:59:33.6633936Z #11 2.368 Executing busybox-1.37.0-r30.trigger
2026-01-29T05:59:33.6634246Z #11 2.375 Executing ca-certificates-20251003-r0.trigger
2026-01-29T05:59:33.6634753Z #11 2.437 Executing glib-2.86.3-r0.trigger
2026-01-29T05:59:33.6635179Z #11 2.445 OK: 135.8 MiB in 121 packages
2026-01-29T05:59:33.6635502Z #11 DONE 3.3s
2026-01-29T05:59:33.9004335Z 
2026-01-29T05:59:33.9005039Z #12 [stage-1 3/5] WORKDIR /root/
2026-01-29T05:59:33.9006504Z #12 DONE 0.1s
2026-01-29T05:59:33.9006708Z 
2026-01-29T05:59:33.9007408Z #8 [builder 1/6] FROM docker.io/library/golang:1.24-alpine@sha256:0c9ca7fc5eee2d48b82f0733f57224137d439677b298d1e2b1e935fdb44b01f7
2026-01-29T05:59:34.0313779Z #8 extracting sha256:fb9d4bc08b092267b3083b826637a46f93f553cd35428eac603f9a907e0aee7e 3.5s done
2026-01-29T05:59:34.0314991Z #8 DONE 3.9s
2026-01-29T05:59:34.2317860Z 
2026-01-29T05:59:34.2318875Z #8 [builder 1/6] FROM docker.io/library/golang:1.24-alpine@sha256:0c9ca7fc5eee2d48b82f0733f57224137d439677b298d1e2b1e935fdb44b01f7
2026-01-29T05:59:34.2319709Z #8 extracting sha256:1941a8bede1926962f0e583c6642680a3fce969b78abd4c041ae4df053558a0b done
2026-01-29T05:59:34.2320322Z #8 extracting sha256:4f4fb700ef54461cfa02571ae0db9a0dc1e0cdb5577484a6d75e68dc38e8acc1 done
2026-01-29T05:59:34.2320775Z #8 DONE 3.9s
2026-01-29T05:59:34.2320888Z 
2026-01-29T05:59:34.2320978Z #13 [builder 2/6] WORKDIR /app
2026-01-29T05:59:34.2321189Z #13 DONE 0.0s
2026-01-29T05:59:34.2321297Z 
2026-01-29T05:59:34.2321391Z #14 [builder 3/6] COPY go.mod go.sum ./
2026-01-29T05:59:34.2321633Z #14 DONE 0.0s
2026-01-29T05:59:34.2321739Z 
2026-01-29T05:59:34.2321826Z #15 [builder 4/6] RUN go mod download
2026-01-29T05:59:34.8008315Z #15 0.719 go: k8s.io/api@v0.35.0: module k8s.io/api@v0.35.0 requires go >= 1.25.0 (running go 1.24.12; GOTOOLCHAIN=local)
2026-01-29T05:59:34.8631369Z #15 ERROR: process "/bin/sh -c go mod download" did not complete successfully: exit code: 1
2026-01-29T05:59:34.8632702Z ------
2026-01-29T05:59:34.8633322Z  > [builder 4/6] RUN go mod download:
2026-01-29T05:59:34.8634782Z 0.719 go: k8s.io/api@v0.35.0: module k8s.io/api@v0.35.0 requires go >= 1.25.0 (running go 1.24.12; GOTOOLCHAIN=local)
2026-01-29T05:59:34.8635679Z ------
2026-01-29T05:59:34.8641651Z Dockerfile.monolith:8
2026-01-29T05:59:34.8642077Z --------------------
2026-01-29T05:59:34.8643223Z    6 |     # Copy go mod files
2026-01-29T05:59:34.8643603Z    7 |     COPY go.mod go.sum ./
2026-01-29T05:59:34.8643977Z    8 | >>> RUN go mod download
2026-01-29T05:59:34.8644317Z    9 |     
2026-01-29T05:59:34.8644765Z   10 |     # Copy source code
2026-01-29T05:59:34.8645111Z --------------------
2026-01-29T05:59:34.8645848Z ERROR: failed to build: failed to solve: process "/bin/sh -c go mod download" did not complete successfully: exit code: 1
2026-01-29T05:59:34.8741442Z ##[error]buildx failed with: ERROR: failed to build: failed to solve: process "/bin/sh -c go mod download" did not complete successfully: exit code: 1
2026-01-29T05:59:34.8870720Z Post job cleanup.
2026-01-29T05:59:35.0227118Z ##[group]Removing temp folder /tmp/docker-actions-toolkit-tcIfiU
2026-01-29T05:59:35.0236390Z ##[endgroup]
2026-01-29T05:59:35.0335990Z Post job cleanup.
2026-01-29T05:59:35.1397021Z [command]/usr/bin/docker logout ghcr.io
2026-01-29T05:59:35.1541601Z Removing login credentials for ghcr.io
2026-01-29T05:59:35.1673991Z Post job cleanup.
2026-01-29T05:59:35.3014846Z ##[group]Removing builder
2026-01-29T05:59:35.4077929Z [command]/usr/bin/docker buildx rm builder-33aa94c4-121f-4a33-a89a-5ebc44acdf9f
2026-01-29T05:59:36.1501961Z builder-33aa94c4-121f-4a33-a89a-5ebc44acdf9f removed
2026-01-29T05:59:36.1543074Z ##[endgroup]
2026-01-29T05:59:36.1543806Z ##[group]Cleaning up certificates
2026-01-29T05:59:36.1552233Z ##[endgroup]
2026-01-29T05:59:36.1713344Z Post job cleanup.
2026-01-29T05:59:36.2691994Z [command]/usr/bin/git version
2026-01-29T05:59:36.2731498Z git version 2.52.0
2026-01-29T05:59:36.2775548Z Temporarily overriding HOME='/home/runner/work/_temp/162b63a2-31ac-486c-a934-e5855522f02a' before making global git config changes
2026-01-29T05:59:36.2776524Z Adding repository directory to the temporary git global config as a safe directory
2026-01-29T05:59:36.2781640Z [command]/usr/bin/git config --global --add safe.directory /home/runner/work/streamgate/streamgate
2026-01-29T05:59:36.2822230Z [command]/usr/bin/git config --local --name-only --get-regexp core\.sshCommand
2026-01-29T05:59:36.2855824Z [command]/usr/bin/git submodule foreach --recursive sh -c "git config --local --name-only --get-regexp 'core\.sshCommand' && git config --local --unset-all 'core.sshCommand' || :"
2026-01-29T05:59:36.3093271Z [command]/usr/bin/git config --local --name-only --get-regexp http\.https\:\/\/github\.com\/\.extraheader
2026-01-29T05:59:36.3116190Z http.https://github.com/.extraheader
2026-01-29T05:59:36.3128856Z [command]/usr/bin/git config --local --unset-all http.https://github.com/.extraheader
2026-01-29T05:59:36.3161886Z [command]/usr/bin/git submodule foreach --recursive sh -c "git config --local --name-only --get-regexp 'http\.https\:\/\/github\.com\/\.extraheader' && git config --local --unset-all 'http.https://github.com/.extraheader' || :"
2026-01-29T05:59:36.3393226Z [command]/usr/bin/git config --local --name-only --get-regexp ^includeIf\.gitdir:
2026-01-29T05:59:36.3426522Z [command]/usr/bin/git submodule foreach --recursive git config --local --show-origin --name-only --get-regexp remote.origin.url
2026-01-29T05:59:36.3776609Z Cleaning up orphan processes