2026-01-29T05:59:20.2899364Z Current runner version: '2.331.0'
2026-01-29T05:59:20.2922754Z ##[group]Runner Image Provisioner
2026-01-29T05:59:20.2923631Z Hosted Compute Agent
2026-01-29T05:59:20.2924149Z Version: 20260115.477
2026-01-29T05:59:20.2924755Z Commit: 4b342d620503cbe250a3154040964899ea7c9b00
2026-01-29T05:59:20.2925768Z Build Date: 2026-01-15T22:32:41Z
2026-01-29T05:59:20.2926517Z Worker ID: {122bf3a7-7303-465f-bae7-b4c4dcb2edcb}
2026-01-29T05:59:20.2927164Z Azure Region: northcentralus
2026-01-29T05:59:20.2927797Z ##[endgroup]
2026-01-29T05:59:20.2929369Z ##[group]Operating System
2026-01-29T05:59:20.2929925Z Ubuntu
2026-01-29T05:59:20.2930490Z 24.04.3
2026-01-29T05:59:20.2930963Z LTS
2026-01-29T05:59:20.2931421Z ##[endgroup]
2026-01-29T05:59:20.2931862Z ##[group]Runner Image
2026-01-29T05:59:20.2932460Z Image: ubuntu-24.04
2026-01-29T05:59:20.2932927Z Version: 20260119.4.1
2026-01-29T05:59:20.2934141Z Included Software: https://github.com/actions/runner-images/blob/ubuntu24/20260119.4/images/ubuntu/Ubuntu2404-Readme.md
2026-01-29T05:59:20.2935927Z Image Release: https://github.com/actions/runner-images/releases/tag/ubuntu24%2F20260119.4
2026-01-29T05:59:20.2936956Z ##[endgroup]
2026-01-29T05:59:20.2938058Z ##[group]GITHUB_TOKEN Permissions
2026-01-29T05:59:20.2940087Z Contents: read
2026-01-29T05:59:20.2940732Z Metadata: read
2026-01-29T05:59:20.2941233Z Packages: read
2026-01-29T05:59:20.2941689Z ##[endgroup]
2026-01-29T05:59:20.2943805Z Secret source: Actions
2026-01-29T05:59:20.2944711Z Prepare workflow directory
2026-01-29T05:59:20.3393970Z Prepare all required actions
2026-01-29T05:59:20.3449713Z Getting action download info
2026-01-29T05:59:20.6966522Z Download action repository 'actions/checkout@v4' (SHA:34e114876b0b11c390a56381ad16ebd13914f8d5)
2026-01-29T05:59:20.8492541Z Download action repository 'actions/setup-go@v4' (SHA:7b8cf10d4e4a01d4992d18a89f4d7dc5a3e6d6f4)
2026-01-29T05:59:21.2379446Z Download action repository 'golangci/golangci-lint-action@v3' (SHA:3a919529898de77ec3da873e3063ca4b10e7f5cc)
2026-01-29T05:59:21.7066747Z Complete job name: Lint & Format Check
2026-01-29T05:59:21.7778832Z ##[group]Run actions/checkout@v4
2026-01-29T05:59:21.7779749Z with:
2026-01-29T05:59:21.7780182Z   repository: rtcdance/streamgate
2026-01-29T05:59:21.7780883Z   token: ***
2026-01-29T05:59:21.7781295Z   ssh-strict: true
2026-01-29T05:59:21.7781718Z   ssh-user: git
2026-01-29T05:59:21.7782150Z   persist-credentials: true
2026-01-29T05:59:21.7782619Z   clean: true
2026-01-29T05:59:21.7783050Z   sparse-checkout-cone-mode: true
2026-01-29T05:59:21.7783553Z   fetch-depth: 1
2026-01-29T05:59:21.7783971Z   fetch-tags: false
2026-01-29T05:59:21.7784397Z   show-progress: true
2026-01-29T05:59:21.7784818Z   lfs: false
2026-01-29T05:59:21.7785219Z   submodules: false
2026-01-29T05:59:21.7785882Z   set-safe-directory: true
2026-01-29T05:59:21.7786606Z env:
2026-01-29T05:59:21.7786992Z   GO_VERSION: 1.21
2026-01-29T05:59:21.7787463Z   GOPROXY: https://goproxy.io,direct
2026-01-29T05:59:21.7787999Z ##[endgroup]
2026-01-29T05:59:21.8858542Z Syncing repository: rtcdance/streamgate
2026-01-29T05:59:21.8860658Z ##[group]Getting Git version info
2026-01-29T05:59:21.8861473Z Working directory is '/home/runner/work/streamgate/streamgate'
2026-01-29T05:59:21.8862687Z [command]/usr/bin/git version
2026-01-29T05:59:21.8924147Z git version 2.52.0
2026-01-29T05:59:21.8949955Z ##[endgroup]
2026-01-29T05:59:21.8963695Z Temporarily overriding HOME='/home/runner/work/_temp/c7a61590-9796-453f-98d7-0c3a0c73d321' before making global git config changes
2026-01-29T05:59:21.8965140Z Adding repository directory to the temporary git global config as a safe directory
2026-01-29T05:59:21.8976828Z [command]/usr/bin/git config --global --add safe.directory /home/runner/work/streamgate/streamgate
2026-01-29T05:59:21.9013818Z Deleting the contents of '/home/runner/work/streamgate/streamgate'
2026-01-29T05:59:21.9017574Z ##[group]Initializing the repository
2026-01-29T05:59:21.9021741Z [command]/usr/bin/git init /home/runner/work/streamgate/streamgate
2026-01-29T05:59:21.9121271Z hint: Using 'master' as the name for the initial branch. This default branch name
2026-01-29T05:59:21.9123112Z hint: will change to "main" in Git 3.0. To configure the initial branch name
2026-01-29T05:59:21.9125054Z hint: to use in all of your new repositories, which will suppress this warning,
2026-01-29T05:59:21.9126602Z hint: call:
2026-01-29T05:59:21.9127101Z hint:
2026-01-29T05:59:21.9127645Z hint: 	git config --global init.defaultBranch <name>
2026-01-29T05:59:21.9128253Z hint:
2026-01-29T05:59:21.9128876Z hint: Names commonly chosen instead of 'master' are 'main', 'trunk' and
2026-01-29T05:59:21.9129802Z hint: 'development'. The just-created branch can be renamed via this command:
2026-01-29T05:59:21.9130727Z hint:
2026-01-29T05:59:21.9131398Z hint: 	git branch -m <name>
2026-01-29T05:59:21.9132019Z hint:
2026-01-29T05:59:21.9132654Z hint: Disable this message with "git config set advice.defaultBranchName false"
2026-01-29T05:59:21.9133682Z Initialized empty Git repository in /home/runner/work/streamgate/streamgate/.git/
2026-01-29T05:59:21.9136536Z [command]/usr/bin/git remote add origin https://github.com/rtcdance/streamgate
2026-01-29T05:59:21.9168502Z ##[endgroup]
2026-01-29T05:59:21.9169275Z ##[group]Disabling automatic garbage collection
2026-01-29T05:59:21.9172259Z [command]/usr/bin/git config --local gc.auto 0
2026-01-29T05:59:21.9199562Z ##[endgroup]
2026-01-29T05:59:21.9200264Z ##[group]Setting up auth
2026-01-29T05:59:21.9206142Z [command]/usr/bin/git config --local --name-only --get-regexp core\.sshCommand
2026-01-29T05:59:21.9235879Z [command]/usr/bin/git submodule foreach --recursive sh -c "git config --local --name-only --get-regexp 'core\.sshCommand' && git config --local --unset-all 'core.sshCommand' || :"
2026-01-29T05:59:21.9551187Z [command]/usr/bin/git config --local --name-only --get-regexp http\.https\:\/\/github\.com\/\.extraheader
2026-01-29T05:59:21.9580581Z [command]/usr/bin/git submodule foreach --recursive sh -c "git config --local --name-only --get-regexp 'http\.https\:\/\/github\.com\/\.extraheader' && git config --local --unset-all 'http.https://github.com/.extraheader' || :"
2026-01-29T05:59:21.9797929Z [command]/usr/bin/git config --local --name-only --get-regexp ^includeIf\.gitdir:
2026-01-29T05:59:21.9827377Z [command]/usr/bin/git submodule foreach --recursive git config --local --show-origin --name-only --get-regexp remote.origin.url
2026-01-29T05:59:22.0057409Z [command]/usr/bin/git config --local http.https://github.com/.extraheader AUTHORIZATION: basic ***
2026-01-29T05:59:22.0092998Z ##[endgroup]
2026-01-29T05:59:22.0093851Z ##[group]Fetching the repository
2026-01-29T05:59:22.0101405Z [command]/usr/bin/git -c protocol.version=2 fetch --no-tags --prune --no-recurse-submodules --depth=1 origin +ebd2250a26ba080e179ad12273ebd431f7db4841:refs/remotes/origin/master
2026-01-29T05:59:22.3636380Z From https://github.com/rtcdance/streamgate
2026-01-29T05:59:22.3638080Z  * [new ref]         ebd2250a26ba080e179ad12273ebd431f7db4841 -> origin/master
2026-01-29T05:59:22.3667600Z ##[endgroup]
2026-01-29T05:59:22.3669088Z ##[group]Determining the checkout info
2026-01-29T05:59:22.3670871Z ##[endgroup]
2026-01-29T05:59:22.3675885Z [command]/usr/bin/git sparse-checkout disable
2026-01-29T05:59:22.3718863Z [command]/usr/bin/git config --local --unset-all extensions.worktreeConfig
2026-01-29T05:59:22.3743164Z ##[group]Checking out the ref
2026-01-29T05:59:22.3746939Z [command]/usr/bin/git checkout --progress --force -B master refs/remotes/origin/master
2026-01-29T05:59:22.4158785Z Reset branch 'master'
2026-01-29T05:59:22.4160015Z branch 'master' set up to track 'origin/master'.
2026-01-29T05:59:22.4170305Z ##[endgroup]
2026-01-29T05:59:22.4210084Z [command]/usr/bin/git log -1 --format=%H
2026-01-29T05:59:22.4233334Z ebd2250a26ba080e179ad12273ebd431f7db4841
2026-01-29T05:59:22.4494269Z ##[group]Run actions/setup-go@v4
2026-01-29T05:59:22.4494998Z with:
2026-01-29T05:59:22.4495583Z   go-version: 1.21
2026-01-29T05:59:22.4496120Z   check-latest: false
2026-01-29T05:59:22.4496953Z   token: ***
2026-01-29T05:59:22.4497745Z   cache: true
2026-01-29T05:59:22.4498383Z env:
2026-01-29T05:59:22.4498807Z   GO_VERSION: 1.21
2026-01-29T05:59:22.4499396Z   GOPROXY: https://goproxy.io,direct
2026-01-29T05:59:22.4500162Z ##[endgroup]
2026-01-29T05:59:22.6088542Z Setup go version spec 1.21
2026-01-29T05:59:22.6570208Z Attempting to download 1.21...
2026-01-29T05:59:23.0580249Z matching 1.21...
2026-01-29T05:59:23.0634211Z Acquiring 1.21.13 from https://github.com/actions/go-versions/releases/download/1.21.13-10277905115/go-1.21.13-linux-x64.tar.gz
2026-01-29T05:59:23.5816531Z Extracting Go...
2026-01-29T05:59:23.5921043Z [command]/usr/bin/tar xz --warning=no-unknown-keyword --overwrite -C /home/runner/work/_temp/e2c80015-5cb5-4785-ad7f-7fe08c369e83 -f /home/runner/work/_temp/985eafd1-14c6-48fd-82f7-8a3cabef3985
2026-01-29T05:59:25.1101479Z Successfully extracted go to /home/runner/work/_temp/e2c80015-5cb5-4785-ad7f-7fe08c369e83
2026-01-29T05:59:25.1102413Z Adding to the cache ...
2026-01-29T05:59:29.4111818Z Successfully cached go to /opt/hostedtoolcache/go/1.21.13/x64
2026-01-29T05:59:29.4113562Z Added go to the path
2026-01-29T05:59:29.4115742Z Successfully set up Go version 1.21
2026-01-29T05:59:29.4354411Z [command]/opt/hostedtoolcache/go/1.21.13/x64/bin/go env GOMODCACHE
2026-01-29T05:59:29.4384959Z [command]/opt/hostedtoolcache/go/1.21.13/x64/bin/go env GOCACHE
2026-01-29T05:59:29.4420297Z /home/runner/go/pkg/mod
2026-01-29T05:59:29.4433520Z /home/runner/.cache/go-build
2026-01-29T05:59:29.5579193Z Cache is not found
2026-01-29T05:59:29.5602780Z go version go1.21.13 linux/amd64
2026-01-29T05:59:29.5603011Z 
2026-01-29T05:59:29.5603316Z ##[group]go env
2026-01-29T05:59:30.4096022Z GO111MODULE=''
2026-01-29T05:59:30.4096427Z GOARCH='amd64'
2026-01-29T05:59:30.4096715Z GOBIN=''
2026-01-29T05:59:30.4097109Z GOCACHE='/home/runner/.cache/go-build'
2026-01-29T05:59:30.4097561Z GOENV='/home/runner/.config/go/env'
2026-01-29T05:59:30.4097934Z GOEXE=''
2026-01-29T05:59:30.4098196Z GOEXPERIMENT=''
2026-01-29T05:59:30.4098565Z GOFLAGS=''
2026-01-29T05:59:30.4098845Z GOHOSTARCH='amd64'
2026-01-29T05:59:30.4099157Z GOHOSTOS='linux'
2026-01-29T05:59:30.4099438Z GOINSECURE=''
2026-01-29T05:59:30.4099761Z GOMODCACHE='/home/runner/go/pkg/mod'
2026-01-29T05:59:30.4100149Z GONOPROXY=''
2026-01-29T05:59:30.4100428Z GONOSUMDB=''
2026-01-29T05:59:30.4100728Z GOOS='linux'
2026-01-29T05:59:30.4101026Z GOPATH='/home/runner/go'
2026-01-29T05:59:30.4101384Z GOPRIVATE=''
2026-01-29T05:59:30.4101730Z GOPROXY='https://goproxy.io,direct'
2026-01-29T05:59:30.4102196Z GOROOT='/opt/hostedtoolcache/go/1.21.13/x64'
2026-01-29T05:59:30.4102620Z GOSUMDB='sum.golang.org'
2026-01-29T05:59:30.4102938Z GOTMPDIR=''
2026-01-29T05:59:30.4103228Z GOTOOLCHAIN='auto'
2026-01-29T05:59:30.4103759Z GOTOOLDIR='/opt/hostedtoolcache/go/1.21.13/x64/pkg/tool/linux_amd64'
2026-01-29T05:59:30.4104315Z GOVCS=''
2026-01-29T05:59:30.4104579Z GOVERSION='go1.21.13'
2026-01-29T05:59:30.4104881Z GCCGO='gccgo'
2026-01-29T05:59:30.4105160Z GOAMD64='v1'
2026-01-29T05:59:30.4105664Z AR='ar'
2026-01-29T05:59:30.4105896Z CC='gcc'
2026-01-29T05:59:30.4106132Z CXX='g++'
2026-01-29T05:59:30.4106373Z CGO_ENABLED='1'
2026-01-29T05:59:30.4106755Z GOMOD='/home/runner/work/streamgate/streamgate/go.mod'
2026-01-29T05:59:30.4107203Z GOWORK=''
2026-01-29T05:59:30.4107485Z CGO_CFLAGS='-O2 -g'
2026-01-29T05:59:30.4107771Z CGO_CPPFLAGS=''
2026-01-29T05:59:30.4108050Z CGO_CXXFLAGS='-O2 -g'
2026-01-29T05:59:30.4108350Z CGO_FFLAGS='-O2 -g'
2026-01-29T05:59:30.4108629Z CGO_LDFLAGS='-O2 -g'
2026-01-29T05:59:30.4108937Z PKG_CONFIG='pkg-config'
2026-01-29T05:59:30.4109933Z GOGCCFLAGS='-fPIC -m64 -pthread -Wl,--no-gc-sections -fmessage-length=0 -ffile-prefix-map=/tmp/go-build4221977249=/tmp/go-build -gno-record-gcc-switches'
2026-01-29T05:59:30.4110818Z 
2026-01-29T05:59:30.4112129Z ##[endgroup]
2026-01-29T05:59:30.4295129Z ##[group]Run golangci/golangci-lint-action@v3
2026-01-29T05:59:30.4295691Z with:
2026-01-29T05:59:30.4295873Z   version: latest
2026-01-29T05:59:30.4296062Z   args: --timeout=5m
2026-01-29T05:59:30.4296596Z   github-token: ***
2026-01-29T05:59:30.4296803Z   only-new-issues: false
2026-01-29T05:59:30.4297004Z   skip-cache: false
2026-01-29T05:59:30.4297199Z   skip-pkg-cache: false
2026-01-29T05:59:30.4297412Z   skip-build-cache: false
2026-01-29T05:59:30.4297625Z   install-mode: binary
2026-01-29T05:59:30.4297807Z env:
2026-01-29T05:59:30.4297969Z   GO_VERSION: 1.21
2026-01-29T05:59:30.4298172Z   GOPROXY: https://goproxy.io,direct
2026-01-29T05:59:30.4298417Z ##[endgroup]
2026-01-29T05:59:30.5490567Z ##[group]prepare environment
2026-01-29T05:59:30.5495274Z Checking for go.mod: go.mod
2026-01-29T05:59:30.6276253Z ##[warning]Failed to restore: Cache service responded with 400
2026-01-29T05:59:30.6283733Z Cache not found for input keys: golangci-lint.cache-2926-c8eb6114cdec4c2670cbe63390ff8d077b164ff8, golangci-lint.cache-2926-
2026-01-29T05:59:30.6284345Z Finding needed golangci-lint version...
2026-01-29T05:59:30.6401611Z Requested golangci-lint 'latest', using 'v1.64.8', calculation took 15ms
2026-01-29T05:59:30.6402332Z Installation mode: binary
2026-01-29T05:59:30.6404324Z Installing golangci-lint binary v1.64.8...
2026-01-29T05:59:30.6406117Z Downloading binary https://github.com/golangci/golangci-lint/releases/download/v1.64.8/golangci-lint-1.64.8-linux-amd64.tar.gz ...
2026-01-29T05:59:30.7997651Z [command]/usr/bin/tar xz --overwrite --warning=no-unknown-keyword --overwrite -C /home/runner -f /home/runner/work/_temp/b1345123-2f4f-4a9e-9780-5f004e17be94
2026-01-29T05:59:31.0103177Z Installed golangci-lint into /home/runner/golangci-lint-1.64.8-linux-amd64/golangci-lint in 370ms
2026-01-29T05:59:31.0103809Z Prepared env in 461ms
2026-01-29T05:59:31.0104225Z ##[endgroup]
2026-01-29T05:59:31.0106337Z ##[group]run golangci-lint
2026-01-29T05:59:31.0111157Z Running [/home/runner/golangci-lint-1.64.8-linux-amd64/golangci-lint run --out-format=github-actions --timeout=5m] in [] ...
2026-01-29T05:59:37.0694008Z level=warning msg="[config_reader] The output format `github-actions` is deprecated, please use `colored-line-number`"
2026-01-29T05:59:37.0695683Z level=error msg="Running error: context loading failed: no go files to analyze: running `go mod tidy` may solve the problem"
2026-01-29T05:59:37.0696428Z 
2026-01-29T05:59:37.0699706Z ##[error]golangci-lint exit with code 5
2026-01-29T05:59:37.0700694Z Ran golangci-lint in 6058ms
2026-01-29T05:59:37.0701110Z ##[endgroup]
2026-01-29T05:59:37.0839572Z Post job cleanup.
2026-01-29T05:59:37.2381743Z [command]/usr/bin/tar --posix -cf cache.tzst --exclude cache.tzst -P -C /home/runner/work/streamgate/streamgate --files-from manifest.txt --use-compress-program zstdmt
2026-01-29T05:59:39.1187667Z ##[warning]Failed to save: <h2>Our services aren't available right now</h2><p>We're working to restore all services as soon as possible. Please check back soon.</p>0S/d6aQAAAADHiFtKyaR6QrAoi+gUc/lcQ0hHRURHRTE3MTgARWRnZQ==
2026-01-29T05:59:39.1744726Z Saved cache for golangci-lint from paths '/home/runner/.cache/golangci-lint, /home/runner/.cache/go-build, /home/runner/go/pkg, zstd-without-long, 1.0' in 1969ms
2026-01-29T05:59:39.1865268Z Post job cleanup.
2026-01-29T05:59:39.2819168Z [command]/usr/bin/git version
2026-01-29T05:59:39.2856085Z git version 2.52.0
2026-01-29T05:59:39.2900330Z Temporarily overriding HOME='/home/runner/work/_temp/8069dabc-14a0-4432-8f5f-5e1f9255d871' before making global git config changes
2026-01-29T05:59:39.2901735Z Adding repository directory to the temporary git global config as a safe directory
2026-01-29T05:59:39.2913172Z [command]/usr/bin/git config --global --add safe.directory /home/runner/work/streamgate/streamgate
2026-01-29T05:59:39.2947501Z [command]/usr/bin/git config --local --name-only --get-regexp core\.sshCommand
2026-01-29T05:59:39.2979308Z [command]/usr/bin/git submodule foreach --recursive sh -c "git config --local --name-only --get-regexp 'core\.sshCommand' && git config --local --unset-all 'core.sshCommand' || :"
2026-01-29T05:59:39.3204190Z [command]/usr/bin/git config --local --name-only --get-regexp http\.https\:\/\/github\.com\/\.extraheader
2026-01-29T05:59:39.3224194Z http.https://github.com/.extraheader
2026-01-29T05:59:39.3236533Z [command]/usr/bin/git config --local --unset-all http.https://github.com/.extraheader
2026-01-29T05:59:39.3267189Z [command]/usr/bin/git submodule foreach --recursive sh -c "git config --local --name-only --get-regexp 'http\.https\:\/\/github\.com\/\.extraheader' && git config --local --unset-all 'http.https://github.com/.extraheader' || :"
2026-01-29T05:59:39.3484954Z [command]/usr/bin/git config --local --name-only --get-regexp ^includeIf\.gitdir:
2026-01-29T05:59:39.3514896Z [command]/usr/bin/git submodule foreach --recursive git config --local --show-origin --name-only --get-regexp remote.origin.url
2026-01-29T05:59:39.3847024Z Cleaning up orphan processes