2026-01-29T07:20:50.6875066Z Current runner version: '2.331.0'
2026-01-29T07:20:50.6899019Z ##[group]Runner Image Provisioner
2026-01-29T07:20:50.6899844Z Hosted Compute Agent
2026-01-29T07:20:50.6900509Z Version: 20260115.477
2026-01-29T07:20:50.6901205Z Commit: 4b342d620503cbe250a3154040964899ea7c9b00
2026-01-29T07:20:50.6901877Z Build Date: 2026-01-15T22:32:41Z
2026-01-29T07:20:50.6902459Z Worker ID: {f87ebce5-5ba8-4736-8c24-003e3397de04}
2026-01-29T07:20:50.6903244Z Azure Region: westus3
2026-01-29T07:20:50.6903738Z ##[endgroup]
2026-01-29T07:20:50.6905148Z ##[group]Operating System
2026-01-29T07:20:50.6905810Z Ubuntu
2026-01-29T07:20:50.6906279Z 24.04.3
2026-01-29T07:20:50.6906690Z LTS
2026-01-29T07:20:50.6907268Z ##[endgroup]
2026-01-29T07:20:50.6907768Z ##[group]Runner Image
2026-01-29T07:20:50.6908268Z Image: ubuntu-24.04
2026-01-29T07:20:50.6908814Z Version: 20260119.4.1
2026-01-29T07:20:50.6909928Z Included Software: https://github.com/actions/runner-images/blob/ubuntu24/20260119.4/images/ubuntu/Ubuntu2404-Readme.md
2026-01-29T07:20:50.6911597Z Image Release: https://github.com/actions/runner-images/releases/tag/ubuntu24%2F20260119.4
2026-01-29T07:20:50.6912526Z ##[endgroup]
2026-01-29T07:20:50.6913606Z ##[group]GITHUB_TOKEN Permissions
2026-01-29T07:20:50.6915419Z Contents: read
2026-01-29T07:20:50.6915920Z Metadata: read
2026-01-29T07:20:50.6916514Z Packages: read
2026-01-29T07:20:50.6916992Z ##[endgroup]
2026-01-29T07:20:50.6919142Z Secret source: Actions
2026-01-29T07:20:50.6919781Z Prepare workflow directory
2026-01-29T07:20:50.7372548Z Prepare all required actions
2026-01-29T07:20:50.7409928Z Getting action download info
2026-01-29T07:20:51.1940021Z Download action repository 'actions/checkout@v4' (SHA:34e114876b0b11c390a56381ad16ebd13914f8d5)
2026-01-29T07:20:51.3113432Z Download action repository 'actions/setup-go@v4' (SHA:7b8cf10d4e4a01d4992d18a89f4d7dc5a3e6d6f4)
2026-01-29T07:20:52.2731932Z Download action repository 'golangci/golangci-lint-action@v3' (SHA:3a919529898de77ec3da873e3063ca4b10e7f5cc)
2026-01-29T07:20:53.4053862Z Complete job name: Lint & Format Check
2026-01-29T07:20:53.4744900Z ##[group]Run actions/checkout@v4
2026-01-29T07:20:53.4745588Z with:
2026-01-29T07:20:53.4745879Z   repository: rtcdance/streamgate
2026-01-29T07:20:53.4746413Z   token: ***
2026-01-29T07:20:53.4746679Z   ssh-strict: true
2026-01-29T07:20:53.4746957Z   ssh-user: git
2026-01-29T07:20:53.4747235Z   persist-credentials: true
2026-01-29T07:20:53.4747543Z   clean: true
2026-01-29T07:20:53.4747822Z   sparse-checkout-cone-mode: true
2026-01-29T07:20:53.4748152Z   fetch-depth: 1
2026-01-29T07:20:53.4748428Z   fetch-tags: false
2026-01-29T07:20:53.4748725Z   show-progress: true
2026-01-29T07:20:53.4749030Z   lfs: false
2026-01-29T07:20:53.4749318Z   submodules: false
2026-01-29T07:20:53.4749625Z   set-safe-directory: true
2026-01-29T07:20:53.4750392Z env:
2026-01-29T07:20:53.4750709Z   GO_VERSION: 1.24
2026-01-29T07:20:53.4751077Z   GOPROXY: https://goproxy.io,direct
2026-01-29T07:20:53.4751464Z   GOTOOLCHAIN: auto
2026-01-29T07:20:53.4751753Z ##[endgroup]
2026-01-29T07:20:53.5830532Z Syncing repository: rtcdance/streamgate
2026-01-29T07:20:53.5832207Z ##[group]Getting Git version info
2026-01-29T07:20:53.5832748Z Working directory is '/home/runner/work/streamgate/streamgate'
2026-01-29T07:20:53.5833494Z [command]/usr/bin/git version
2026-01-29T07:20:53.5950572Z git version 2.52.0
2026-01-29T07:20:53.5976924Z ##[endgroup]
2026-01-29T07:20:53.5999005Z Temporarily overriding HOME='/home/runner/work/_temp/e07b914d-7a51-4274-bebb-b744ad6d721f' before making global git config changes
2026-01-29T07:20:53.6000833Z Adding repository directory to the temporary git global config as a safe directory
2026-01-29T07:20:53.6004783Z [command]/usr/bin/git config --global --add safe.directory /home/runner/work/streamgate/streamgate
2026-01-29T07:20:53.6047237Z Deleting the contents of '/home/runner/work/streamgate/streamgate'
2026-01-29T07:20:53.6051039Z ##[group]Initializing the repository
2026-01-29T07:20:53.6055227Z [command]/usr/bin/git init /home/runner/work/streamgate/streamgate
2026-01-29T07:20:53.6198520Z hint: Using 'master' as the name for the initial branch. This default branch name
2026-01-29T07:20:53.6199654Z hint: will change to "main" in Git 3.0. To configure the initial branch name
2026-01-29T07:20:53.6201046Z hint: to use in all of your new repositories, which will suppress this warning,
2026-01-29T07:20:53.6201936Z hint: call:
2026-01-29T07:20:53.6202439Z hint:
2026-01-29T07:20:53.6203158Z hint: 	git config --global init.defaultBranch <name>
2026-01-29T07:20:53.6204019Z hint:
2026-01-29T07:20:53.6204840Z hint: Names commonly chosen instead of 'master' are 'main', 'trunk' and
2026-01-29T07:20:53.6206246Z hint: 'development'. The just-created branch can be renamed via this command:
2026-01-29T07:20:53.6207207Z hint:
2026-01-29T07:20:53.6207721Z hint: 	git branch -m <name>
2026-01-29T07:20:53.6208169Z hint:
2026-01-29T07:20:53.6208672Z hint: Disable this message with "git config set advice.defaultBranchName false"
2026-01-29T07:20:53.6209548Z Initialized empty Git repository in /home/runner/work/streamgate/streamgate/.git/
2026-01-29T07:20:53.6219024Z [command]/usr/bin/git remote add origin https://github.com/rtcdance/streamgate
2026-01-29T07:20:53.6257887Z ##[endgroup]
2026-01-29T07:20:53.6258783Z ##[group]Disabling automatic garbage collection
2026-01-29T07:20:53.6262616Z [command]/usr/bin/git config --local gc.auto 0
2026-01-29T07:20:53.6291050Z ##[endgroup]
2026-01-29T07:20:53.6291852Z ##[group]Setting up auth
2026-01-29T07:20:53.6298319Z [command]/usr/bin/git config --local --name-only --get-regexp core\.sshCommand
2026-01-29T07:20:53.6329688Z [command]/usr/bin/git submodule foreach --recursive sh -c "git config --local --name-only --get-regexp 'core\.sshCommand' && git config --local --unset-all 'core.sshCommand' || :"
2026-01-29T07:20:53.6740336Z [command]/usr/bin/git config --local --name-only --get-regexp http\.https\:\/\/github\.com\/\.extraheader
2026-01-29T07:20:53.6770040Z [command]/usr/bin/git submodule foreach --recursive sh -c "git config --local --name-only --get-regexp 'http\.https\:\/\/github\.com\/\.extraheader' && git config --local --unset-all 'http.https://github.com/.extraheader' || :"
2026-01-29T07:20:53.6994061Z [command]/usr/bin/git config --local --name-only --get-regexp ^includeIf\.gitdir:
2026-01-29T07:20:53.7027837Z [command]/usr/bin/git submodule foreach --recursive git config --local --show-origin --name-only --get-regexp remote.origin.url
2026-01-29T07:20:53.7252768Z [command]/usr/bin/git config --local http.https://github.com/.extraheader AUTHORIZATION: basic ***
2026-01-29T07:20:53.7286507Z ##[endgroup]
2026-01-29T07:20:53.7287582Z ##[group]Fetching the repository
2026-01-29T07:20:53.7295878Z [command]/usr/bin/git -c protocol.version=2 fetch --no-tags --prune --no-recurse-submodules --depth=1 origin +514ed6759effaa1e1c88273458c0c8ca7d498e30:refs/remotes/origin/master
2026-01-29T07:20:54.4998881Z From https://github.com/rtcdance/streamgate
2026-01-29T07:20:54.5001454Z  * [new ref]         514ed6759effaa1e1c88273458c0c8ca7d498e30 -> origin/master
2026-01-29T07:20:54.5036768Z ##[endgroup]
2026-01-29T07:20:54.5037456Z ##[group]Determining the checkout info
2026-01-29T07:20:54.5039434Z ##[endgroup]
2026-01-29T07:20:54.5046804Z [command]/usr/bin/git sparse-checkout disable
2026-01-29T07:20:54.5097634Z [command]/usr/bin/git config --local --unset-all extensions.worktreeConfig
2026-01-29T07:20:54.5128084Z ##[group]Checking out the ref
2026-01-29T07:20:54.5134007Z [command]/usr/bin/git checkout --progress --force -B master refs/remotes/origin/master
2026-01-29T07:20:54.5607375Z Reset branch 'master'
2026-01-29T07:20:54.5608641Z branch 'master' set up to track 'origin/master'.
2026-01-29T07:20:54.5617905Z ##[endgroup]
2026-01-29T07:20:54.5666435Z [command]/usr/bin/git log -1 --format=%H
2026-01-29T07:20:54.5693623Z 514ed6759effaa1e1c88273458c0c8ca7d498e30
2026-01-29T07:20:54.5923071Z ##[group]Run actions/setup-go@v4
2026-01-29T07:20:54.5923353Z with:
2026-01-29T07:20:54.5923525Z   go-version: 1.24
2026-01-29T07:20:54.5923715Z   check-latest: false
2026-01-29T07:20:54.5924252Z   token: ***
2026-01-29T07:20:54.5924418Z   cache: true
2026-01-29T07:20:54.5924581Z env:
2026-01-29T07:20:54.5924733Z   GO_VERSION: 1.24
2026-01-29T07:20:54.5924936Z   GOPROXY: https://goproxy.io,direct
2026-01-29T07:20:54.5925202Z   GOTOOLCHAIN: auto
2026-01-29T07:20:54.5925386Z ##[endgroup]
2026-01-29T07:20:54.7521446Z Setup go version spec 1.24
2026-01-29T07:20:54.7788100Z Found in cache @ /opt/hostedtoolcache/go/1.24.12/x64
2026-01-29T07:20:54.7793630Z Added go to the path
2026-01-29T07:20:54.7797004Z Successfully set up Go version 1.24
2026-01-29T07:20:55.3023459Z [command]/opt/hostedtoolcache/go/1.24.12/x64/bin/go env GOMODCACHE
2026-01-29T07:20:55.3058672Z [command]/opt/hostedtoolcache/go/1.24.12/x64/bin/go env GOCACHE
2026-01-29T07:20:55.3083168Z /home/runner/go/pkg/mod
2026-01-29T07:20:55.3114906Z /home/runner/.cache/go-build
2026-01-29T07:20:55.6176350Z Cache is not found
2026-01-29T07:20:55.6203212Z go version go1.24.12 linux/amd64
2026-01-29T07:20:55.6203460Z 
2026-01-29T07:20:55.6203779Z ##[group]go env
2026-01-29T07:20:56.2176351Z AR='ar'
2026-01-29T07:20:56.2176651Z CC='gcc'
2026-01-29T07:20:56.2176867Z CGO_CFLAGS='-O2 -g'
2026-01-29T07:20:56.2177091Z CGO_CPPFLAGS=''
2026-01-29T07:20:56.2177295Z CGO_CXXFLAGS='-O2 -g'
2026-01-29T07:20:56.2177495Z CGO_ENABLED='1'
2026-01-29T07:20:56.2177699Z CGO_FFLAGS='-O2 -g'
2026-01-29T07:20:56.2177905Z CGO_LDFLAGS='-O2 -g'
2026-01-29T07:20:56.2178104Z CXX='g++'
2026-01-29T07:20:56.2178283Z GCCGO='gccgo'
2026-01-29T07:20:56.2178468Z GO111MODULE=''
2026-01-29T07:20:56.2178639Z GOAMD64='v1'
2026-01-29T07:20:56.2178820Z GOARCH='amd64'
2026-01-29T07:20:56.2178998Z GOAUTH='netrc'
2026-01-29T07:20:56.2179173Z GOBIN=''
2026-01-29T07:20:56.2179383Z GOCACHE='/home/runner/.cache/go-build'
2026-01-29T07:20:56.2179642Z GOCACHEPROG=''
2026-01-29T07:20:56.2179852Z GODEBUG=''
2026-01-29T07:20:56.2180272Z GOENV='/home/runner/.config/go/env'
2026-01-29T07:20:56.2180651Z GOEXE=''
2026-01-29T07:20:56.2180848Z GOEXPERIMENT=''
2026-01-29T07:20:56.2181088Z GOFIPS140='off'
2026-01-29T07:20:56.2181265Z GOFLAGS=''
2026-01-29T07:20:56.2181935Z GOGCCFLAGS='-fPIC -m64 -pthread -Wl,--no-gc-sections -fmessage-length=0 -ffile-prefix-map=/tmp/go-build4078180207=/tmp/go-build -gno-record-gcc-switches'
2026-01-29T07:20:56.2182574Z GOHOSTARCH='amd64'
2026-01-29T07:20:56.2182766Z GOHOSTOS='linux'
2026-01-29T07:20:56.2182956Z GOINSECURE=''
2026-01-29T07:20:56.2183196Z GOMOD='/home/runner/work/streamgate/streamgate/go.mod'
2026-01-29T07:20:56.2183521Z GOMODCACHE='/home/runner/go/pkg/mod'
2026-01-29T07:20:56.2183754Z GONOPROXY=''
2026-01-29T07:20:56.2183926Z GONOSUMDB=''
2026-01-29T07:20:56.2184088Z GOOS='linux'
2026-01-29T07:20:56.2184276Z GOPATH='/home/runner/go'
2026-01-29T07:20:56.2184477Z GOPRIVATE=''
2026-01-29T07:20:56.2184752Z GOPROXY='https://goproxy.io,direct'
2026-01-29T07:20:56.2185040Z GOROOT='/opt/hostedtoolcache/go/1.24.12/x64'
2026-01-29T07:20:56.2185324Z GOSUMDB='sum.golang.org'
2026-01-29T07:20:56.2185567Z GOTELEMETRY='local'
2026-01-29T07:20:56.2185808Z GOTELEMETRYDIR='/home/runner/.config/go/telemetry'
2026-01-29T07:20:56.2186090Z GOTMPDIR=''
2026-01-29T07:20:56.2186263Z GOTOOLCHAIN='auto'
2026-01-29T07:20:56.2186560Z GOTOOLDIR='/opt/hostedtoolcache/go/1.24.12/x64/pkg/tool/linux_amd64'
2026-01-29T07:20:56.2186889Z GOVCS=''
2026-01-29T07:20:56.2187066Z GOVERSION='go1.24.12'
2026-01-29T07:20:56.2187250Z GOWORK=''
2026-01-29T07:20:56.2187436Z PKG_CONFIG='pkg-config'
2026-01-29T07:20:56.2187568Z 
2026-01-29T07:20:56.2187955Z ##[endgroup]
2026-01-29T07:20:56.2319641Z ##[group]Run golangci/golangci-lint-action@v3
2026-01-29T07:20:56.2319942Z with:
2026-01-29T07:20:56.2320400Z   version: v1.64.8
2026-01-29T07:20:56.2320606Z   args: --timeout=5m ./...
2026-01-29T07:20:56.2320816Z   skip-cache: true
2026-01-29T07:20:56.2321126Z   github-token: ***
2026-01-29T07:20:56.2321326Z   only-new-issues: false
2026-01-29T07:20:56.2321541Z   skip-pkg-cache: false
2026-01-29T07:20:56.2321744Z   skip-build-cache: false
2026-01-29T07:20:56.2321955Z   install-mode: binary
2026-01-29T07:20:56.2322346Z env:
2026-01-29T07:20:56.2322508Z   GO_VERSION: 1.24
2026-01-29T07:20:56.2322712Z   GOPROXY: https://goproxy.io,direct
2026-01-29T07:20:56.2322960Z   GOTOOLCHAIN: auto
2026-01-29T07:20:56.2323135Z ##[endgroup]
2026-01-29T07:20:56.3585931Z ##[group]prepare environment
2026-01-29T07:20:56.3590463Z Finding needed golangci-lint version...
2026-01-29T07:20:56.3593703Z Installation mode: binary
2026-01-29T07:20:56.3594621Z Installing golangci-lint binary v1.64.8...
2026-01-29T07:20:56.3596254Z Downloading binary https://github.com/golangci/golangci-lint/releases/download/v1.64.8/golangci-lint-1.64.8-linux-amd64.tar.gz ...
2026-01-29T07:20:56.7888296Z [command]/usr/bin/tar xz --overwrite --warning=no-unknown-keyword --overwrite -C /home/runner -f /home/runner/work/_temp/00bec761-efd2-4683-b6cf-f854e3e4a174
2026-01-29T07:20:57.0032756Z Installed golangci-lint into /home/runner/golangci-lint-1.64.8-linux-amd64/golangci-lint in 644ms
2026-01-29T07:20:57.0033790Z Prepared env in 645ms
2026-01-29T07:20:57.0034691Z ##[endgroup]
2026-01-29T07:20:57.0038188Z ##[group]run golangci-lint
2026-01-29T07:20:57.0046221Z Running [/home/runner/golangci-lint-1.64.8-linux-amd64/golangci-lint run --out-format=github-actions --timeout=5m ./...] in [] ...
2026-01-29T07:22:44.3977907Z ##[error]: # streamgate/cmd/microservices/api-gateway
2026-01-29T07:22:44.4004722Z ##[error]cmd/microservices/api-gateway/main.go:30:45: cannot use "error" (untyped string constant) as zap.Field value in argument to log.Fatal
2026-01-29T07:22:44.4007386Z ##[error]cmd/microservices/api-gateway/main.go:30:54: cannot use err (variable of interface type error) as zap.Field value in argument to log.Fatal
2026-01-29T07:22:44.4009210Z ##[error]cmd/microservices/api-gateway/main.go:37:35: cannot use "mode" (untyped string constant) as zap.Field value in argument to log.Info
2026-01-29T07:22:44.4011061Z ##[error]cmd/microservices/api-gateway/main.go:37:43: cannot use cfg.Mode (variable of type string) as zap.Field value in argument to log.Info
2026-01-29T07:22:44.4012700Z ##[error]cmd/microservices/api-gateway/main.go:37:53: cannot use "service" (untyped string constant) as zap.Field value in argument to log.Info
2026-01-29T07:22:44.4013983Z ##[error]cmd/microservices/api-gateway/main.go:132:57: undefined: logger.Logger
2026-01-29T07:22:44.4015033Z ##[error]cmd/microservices/api-gateway/main.go:152:60: undefined: logger.Logger
2026-01-29T07:22:44.4016107Z ##[error]cmd/microservices/api-gateway/main.go:175:56: undefined: logger.Logger
2026-01-29T07:22:44.4017177Z ##[error]cmd/microservices/api-gateway/main.go:192:62: undefined: logger.Logger
2026-01-29T07:22:44.4018232Z ##[error]cmd/microservices/api-gateway/main.go:208:59: undefined: logger.Logger
2026-01-29T07:22:44.4019267Z ##[error]cmd/microservices/api-gateway/main.go:37:53: too many errors (typecheck)
2026-01-29T07:22:44.4020848Z ##[error]: # streamgate/pkg/web3
2026-01-29T07:22:44.4022446Z ##[error]pkg/web3/nft.go:31:45: cannot use "contract" (untyped string constant) as zap.Field value in argument to nv.logger.Debug
2026-01-29T07:22:44.4024171Z ##[error]pkg/web3/nft.go:31:57: cannot use contractAddress (variable of type string) as zap.Field value in argument to nv.logger.Debug
2026-01-29T07:22:44.4025767Z ##[error]pkg/web3/nft.go:31:74: cannot use "token_id" (untyped string constant) as zap.Field value in argument to nv.logger.Debug
2026-01-29T07:22:44.4027643Z ##[error]pkg/web3/nft.go:31:86: cannot use tokenID (variable of type string) as zap.Field value in argument to nv.logger.Debug
2026-01-29T07:22:44.4029234Z ##[error]pkg/web3/nft.go:31:95: cannot use "owner" (untyped string constant) as zap.Field value in argument to nv.logger.Debug
2026-01-29T07:22:44.4031069Z ##[error]pkg/web3/nft.go:31:104: cannot use ownerAddress (variable of type string) as zap.Field value in argument to nv.logger.Debug
2026-01-29T07:22:44.4033902Z ##[error]pkg/web3/nft.go:58:45: cannot use struct{To *common.Address; Data []byte}{…} (value of type struct{To *"github.com/ethereum/go-ethereum/common".Address; Data []byte}) as ethereum.CallMsg value in argument to nv.client.CallContract
2026-01-29T07:22:44.4036146Z ##[error]pkg/web3/nft.go:81:44: cannot use "contract" (untyped string constant) as zap.Field value in argument to nv.logger.Debug
2026-01-29T07:22:44.4037725Z ##[error]pkg/web3/nft.go:81:56: cannot use contractAddress (variable of type string) as zap.Field value in argument to nv.logger.Debug
2026-01-29T07:22:44.4039260Z ##[error]pkg/web3/nft.go:81:73: cannot use "token_id" (untyped string constant) as zap.Field value in argument to nv.logger.Debug
2026-01-29T07:22:44.4040813Z ##[error]pkg/web3/nft.go:81:73: too many errors (typecheck)
2026-01-29T07:22:44.4042336Z ##[error]could not import streamgate/pkg/web3 (-: # streamgate/pkg/web3
2026-01-29T07:22:44.4043746Z ##[error]pkg/web3/nft.go:31:45: cannot use "contract" (untyped string constant) as zap.Field value in argument to nv.logger.Debug
2026-01-29T07:22:44.4045323Z ##[error]pkg/web3/nft.go:31:57: cannot use contractAddress (variable of type string) as zap.Field value in argument to nv.logger.Debug
2026-01-29T07:22:44.4046846Z ##[error]pkg/web3/nft.go:31:74: cannot use "token_id" (untyped string constant) as zap.Field value in argument to nv.logger.Debug
2026-01-29T07:22:44.4048391Z ##[error]pkg/web3/nft.go:31:86: cannot use tokenID (variable of type string) as zap.Field value in argument to nv.logger.Debug
2026-01-29T07:22:44.4049877Z ##[error]pkg/web3/nft.go:31:95: cannot use "owner" (untyped string constant) as zap.Field value in argument to nv.logger.Debug
2026-01-29T07:22:44.4051871Z ##[error]pkg/web3/nft.go:31:104: cannot use ownerAddress (variable of type string) as zap.Field value in argument to nv.logger.Debug
2026-01-29T07:22:44.4054361Z ##[error]pkg/web3/nft.go:58:45: cannot use struct{To *common.Address; Data []byte}{…} (value of type struct{To *"github.com/ethereum/go-ethereum/common".Address; Data []byte}) as ethereum.CallMsg value in argument to nv.client.CallContract
2026-01-29T07:22:44.4056256Z ##[error]pkg/web3/nft.go:81:44: cannot use "contract" (untyped string constant) as zap.Field value in argument to nv.logger.Debug
2026-01-29T07:22:44.4057827Z ##[error]pkg/web3/nft.go:81:56: cannot use contractAddress (variable of type string) as zap.Field value in argument to nv.logger.Debug
2026-01-29T07:22:44.4059347Z ##[error]pkg/web3/nft.go:81:73: cannot use "token_id" (untyped string constant) as zap.Field value in argument to nv.logger.Debug
2026-01-29T07:22:44.4060777Z ##[error]pkg/web3/nft.go:81:73: too many errors) (typecheck)
2026-01-29T07:22:44.4062375Z ##[error]cannot use "service" (untyped string constant) as zap.Field value in argument to p.logger.Info (typecheck)
2026-01-29T07:22:44.4064052Z ##[error]cannot use "service" (untyped string constant) as zap.Field value in argument to p.logger.Error (typecheck)
2026-01-29T07:22:44.4065667Z ##[error]cannot use "address" (untyped string constant) as zap.Field value in argument to logger.Info (typecheck)
2026-01-29T07:22:44.4067304Z ##[error]cannot use "service_id" (untyped string constant) as zap.Field value in argument to r.logger.Info (typecheck)
2026-01-29T07:22:44.4068966Z ##[error]cannot use "service_id" (untyped string constant) as zap.Field value in argument to r.logger.Error (typecheck)
2026-01-29T07:22:44.4070925Z ##[error]cannot use "service_id" (untyped string constant) as zap.Field value in argument to r.logger.Info (typecheck)
2026-01-29T07:22:44.4072643Z ##[error]cannot use "service_id" (untyped string constant) as zap.Field value in argument to r.logger.Error (typecheck)
2026-01-29T07:22:44.4074535Z ##[error]cannot use "service_name" (untyped string constant) as zap.Field value in argument to r.logger.Error (typecheck)
2026-01-29T07:22:44.4076278Z ##[error]cannot use "service_name" (untyped string constant) as zap.Field value in argument to r.logger.Info (typecheck)
2026-01-29T07:22:44.4077953Z ##[error]cannot use "service_name" (untyped string constant) as zap.Field value in argument to r.logger.Error (typecheck)
2026-01-29T07:22:44.4079622Z ##[error]cannot use "chain_id" (untyped string constant) as zap.Field value in argument to ws.logger.Debug (typecheck)
2026-01-29T07:22:44.4081702Z ##[error]cannot use chainID (variable of type int64) as string value in argument to zap.String (typecheck)
2026-01-29T07:22:44.4083260Z ##[error]cannot use chainID (variable of type int64) as string value in argument to zap.String (typecheck)
2026-01-29T07:22:44.4084878Z ##[error]cannot use "filename" (untyped string constant) as zap.Field value in argument to ws.logger.Debug (typecheck)
2026-01-29T07:22:44.4086505Z ##[error]cannot use "version" (untyped string constant) as zap.Field value in argument to m.logger.Info (typecheck)
2026-01-29T07:22:44.4088116Z ##[error]cannot use "error" (untyped string constant) as zap.Field value in argument to m.logger.Error (typecheck)
2026-01-29T07:22:44.4089699Z ##[error]cannot use "error" (untyped string constant) as zap.Field value in argument to m.logger.Error (typecheck)
2026-01-29T07:22:44.4091427Z ##[error]cannot use "error" (untyped string constant) as zap.Field value in argument to m.logger.Error (typecheck)
2026-01-29T07:22:44.4093081Z ##[error]cannot use "error" (untyped string constant) as zap.Field value in argument to m.logger.Error (typecheck)
2026-01-29T07:22:44.4094295Z ##[error]: # streamgate/pkg/monitoring
2026-01-29T07:22:44.4095531Z ##[error]pkg/monitoring/grafana.go:472:3: unknown field Severity in struct literal of type AlertRule
2026-01-29T07:22:44.4096822Z ##[error]pkg/monitoring/grafana.go:473:3: unknown field Description in struct literal of type AlertRule
2026-01-29T07:22:44.4098054Z ##[error]pkg/monitoring/grafana.go:484:3: unknown field Severity in struct literal of type AlertRule
2026-01-29T07:22:44.4099288Z ##[error]pkg/monitoring/grafana.go:485:3: unknown field Description in struct literal of type AlertRule
2026-01-29T07:22:44.4100803Z ##[error]pkg/monitoring/grafana.go:496:3: unknown field Severity in struct literal of type AlertRule
2026-01-29T07:22:44.4102112Z ##[error]pkg/monitoring/grafana.go:497:3: unknown field Description in struct literal of type AlertRule
2026-01-29T07:22:44.4103347Z ##[error]pkg/monitoring/grafana.go:508:3: unknown field Severity in struct literal of type AlertRule
2026-01-29T07:22:44.4104578Z ##[error]pkg/monitoring/grafana.go:509:3: unknown field Description in struct literal of type AlertRule
2026-01-29T07:22:44.4105798Z ##[error]pkg/monitoring/grafana.go:520:3: unknown field Severity in struct literal of type AlertRule
2026-01-29T07:22:44.4107038Z ##[error]pkg/monitoring/grafana.go:521:3: unknown field Description in struct literal of type AlertRule
2026-01-29T07:22:44.4108181Z ##[error]pkg/monitoring/grafana.go:521:3: too many errors (typecheck)
2026-01-29T07:22:44.4109542Z ##[error]could not import streamgate/pkg/monitoring (-: # streamgate/pkg/monitoring
2026-01-29T07:22:44.4110884Z ##[error]pkg/monitoring/grafana.go:472:3: unknown field Severity in struct literal of type AlertRule
2026-01-29T07:22:44.4112119Z ##[error]pkg/monitoring/grafana.go:473:3: unknown field Description in struct literal of type AlertRule
2026-01-29T07:22:44.4113334Z ##[error]pkg/monitoring/grafana.go:484:3: unknown field Severity in struct literal of type AlertRule
2026-01-29T07:22:44.4114549Z ##[error]pkg/monitoring/grafana.go:485:3: unknown field Description in struct literal of type AlertRule
2026-01-29T07:22:44.4115744Z ##[error]pkg/monitoring/grafana.go:496:3: unknown field Severity in struct literal of type AlertRule
2026-01-29T07:22:44.4117104Z ##[error]pkg/monitoring/grafana.go:497:3: unknown field Description in struct literal of type AlertRule
2026-01-29T07:22:44.4118361Z ##[error]pkg/monitoring/grafana.go:508:3: unknown field Severity in struct literal of type AlertRule
2026-01-29T07:22:44.4119589Z ##[error]pkg/monitoring/grafana.go:509:3: unknown field Description in struct literal of type AlertRule
2026-01-29T07:22:44.4120979Z ##[error]pkg/monitoring/grafana.go:520:3: unknown field Severity in struct literal of type AlertRule
2026-01-29T07:22:44.4122228Z ##[error]pkg/monitoring/grafana.go:521:3: unknown field Description in struct literal of type AlertRule
2026-01-29T07:22:44.4123484Z ##[error]pkg/monitoring/grafana.go:521:3: too many errors) (typecheck)
2026-01-29T07:22:44.4124734Z ##[error]SignatureVerifier redeclared in this block (typecheck)
2026-01-29T07:22:44.4125929Z ##[error]	other declaration of SignatureVerifier (typecheck)
2026-01-29T07:22:44.4127030Z ##[error]undefined: security.RateLimiter (typecheck)
2026-01-29T07:22:44.4128107Z ##[error]undefined: security.AuditLogger (typecheck)
2026-01-29T07:22:44.4129193Z ##[error]undefined: security.NewRateLimiter (typecheck)
2026-01-29T07:22:44.4130424Z ##[error]undefined: security.NewAuditLogger (typecheck)
2026-01-29T07:22:44.4131890Z ##[error]cannot use "address" (untyped string constant) as zap.Field value in argument to v.logger.Info (typecheck)
2026-01-29T07:22:44.4133119Z ##[error]undefined: address (typecheck)
2026-01-29T07:22:44.4134473Z ##[error]cannot use "error" (untyped string constant) as zap.Field value in argument to log.Fatal (typecheck)
2026-01-29T07:22:44.4136018Z ##[error]cannot use "mode" (untyped string constant) as zap.Field value in argument to log.Info (typecheck)
2026-01-29T07:22:44.4137570Z ##[error]cannot use "error" (untyped string constant) as zap.Field value in argument to log.Fatal (typecheck)
2026-01-29T07:22:44.4139115Z ##[error]cannot use "error" (untyped string constant) as zap.Field value in argument to log.Fatal (typecheck)
2026-01-29T07:22:44.4140936Z ##[error]cannot use "error" (untyped string constant) as zap.Field value in argument to log.Fatal (typecheck)
2026-01-29T07:22:44.4142536Z ##[error]cannot use "port" (untyped string constant) as zap.Field value in argument to log.Info (typecheck)
2026-01-29T07:22:44.4144100Z ##[error]cannot use "signal" (untyped string constant) as zap.Field value in argument to log.Info (typecheck)
2026-01-29T07:22:44.4145645Z ##[error]cannot use "error" (untyped string constant) as zap.Field value in argument to log.Error (typecheck)
2026-01-29T07:22:44.4147061Z ##[error]could not import streamgate/pkg/monitoring (-: # streamgate/pkg/monitoring
2026-01-29T07:22:44.4148332Z ##[error]pkg/monitoring/grafana.go:472:3: unknown field Severity in struct literal of type AlertRule
2026-01-29T07:22:44.4149597Z ##[error]pkg/monitoring/grafana.go:473:3: unknown field Description in struct literal of type AlertRule
2026-01-29T07:22:44.4150979Z ##[error]pkg/monitoring/grafana.go:484:3: unknown field Severity in struct literal of type AlertRule
2026-01-29T07:22:44.4152288Z ##[error]pkg/monitoring/grafana.go:485:3: unknown field Description in struct literal of type AlertRule
2026-01-29T07:22:44.4153504Z ##[error]pkg/monitoring/grafana.go:496:3: unknown field Severity in struct literal of type AlertRule
2026-01-29T07:22:44.4154723Z ##[error]pkg/monitoring/grafana.go:497:3: unknown field Description in struct literal of type AlertRule
2026-01-29T07:22:44.4155915Z ##[error]pkg/monitoring/grafana.go:508:3: unknown field Severity in struct literal of type AlertRule
2026-01-29T07:22:44.4157119Z ##[error]pkg/monitoring/grafana.go:509:3: unknown field Description in struct literal of type AlertRule
2026-01-29T07:22:44.4158327Z ##[error]pkg/monitoring/grafana.go:520:3: unknown field Severity in struct literal of type AlertRule
2026-01-29T07:22:44.4159531Z ##[error]pkg/monitoring/grafana.go:521:3: unknown field Description in struct literal of type AlertRule
2026-01-29T07:22:44.4160732Z ##[error]pkg/monitoring/grafana.go:521:3: too many errors) (typecheck)
2026-01-29T07:22:44.4162082Z ##[error]undefined: security.RateLimiter (typecheck)
2026-01-29T07:22:44.4163211Z ##[error]undefined: security.AuditLogger (typecheck)
2026-01-29T07:22:44.4164306Z ##[error]undefined: security.NewRateLimiter (typecheck)
2026-01-29T07:22:44.4165408Z ##[error]undefined: security.NewAuditLogger (typecheck)
2026-01-29T07:22:44.4166835Z ##[error]cannot use "host" (untyped string constant) as zap.Field value in argument to logger.Info (typecheck)
2026-01-29T07:22:44.4168428Z ##[error]cannot use "key" (untyped string constant) as zap.Field value in argument to s.logger.Debug (typecheck)
2026-01-29T07:22:44.4169827Z ##[error]"strconv" imported and not used (typecheck)
2026-01-29T07:22:44.4171366Z ##[error]cannot use "error" (untyped string constant) as zap.Field value in argument to log.Fatal (typecheck)
2026-01-29T07:22:44.4172923Z ##[error]cannot use "mode" (untyped string constant) as zap.Field value in argument to log.Info (typecheck)
2026-01-29T07:22:44.4174476Z ##[error]cannot use "error" (untyped string constant) as zap.Field value in argument to log.Fatal (typecheck)
2026-01-29T07:22:44.4176021Z ##[error]cannot use "error" (untyped string constant) as zap.Field value in argument to log.Fatal (typecheck)
2026-01-29T07:22:44.4177565Z ##[error]cannot use "error" (untyped string constant) as zap.Field value in argument to log.Fatal (typecheck)
2026-01-29T07:22:44.4179097Z ##[error]cannot use "port" (untyped string constant) as zap.Field value in argument to log.Info (typecheck)
2026-01-29T07:22:44.4180894Z ##[error]cannot use "signal" (untyped string constant) as zap.Field value in argument to log.Info (typecheck)
2026-01-29T07:22:44.4182506Z ##[error]cannot use "error" (untyped string constant) as zap.Field value in argument to log.Error (typecheck)
2026-01-29T07:22:44.4183713Z ##[error]: # streamgate/pkg/optimization
2026-01-29T07:22:44.4184898Z ##[error]pkg/optimization/caching.go:110:3: unknown field ID in struct literal of type CacheEntry
2026-01-29T07:22:44.4186119Z ##[error]pkg/optimization/caching.go:113:3: unknown field TTL in struct literal of type CacheEntry
2026-01-29T07:22:44.4187324Z ##[error]pkg/optimization/caching.go:116:3: unknown field Level in struct literal of type CacheEntry
2026-01-29T07:22:44.4188666Z ##[error]pkg/optimization/caching.go:155:10: entry.HitCount undefined (type *CacheEntry has no field or method HitCount)
2026-01-29T07:22:44.4190203Z ##[error]pkg/optimization/caching.go:167:10: entry.HitCount undefined (type *CacheEntry has no field or method HitCount)
2026-01-29T07:22:44.4191648Z ##[error]pkg/optimization/caching.go:181:10: entry.HitCount undefined (type *CacheEntry has no field or method HitCount)
2026-01-29T07:22:44.4193042Z ##[error]pkg/optimization/caching.go:238:31: entry.HitCount undefined (type *CacheEntry has no field or method HitCount)
2026-01-29T07:22:44.4194463Z ##[error]pkg/optimization/caching.go:238:51: lruEntry.HitCount undefined (type *CacheEntry has no field or method HitCount)
2026-01-29T07:22:44.4195876Z ##[error]pkg/optimization/caching.go:264:31: entry.HitCount undefined (type *CacheEntry has no field or method HitCount)
2026-01-29T07:22:44.4197303Z ##[error]pkg/optimization/caching.go:264:51: lruEntry.HitCount undefined (type *CacheEntry has no field or method HitCount)
2026-01-29T07:22:44.4198450Z ##[error]pkg/optimization/caching.go:264:51: too many errors (typecheck)
2026-01-29T07:22:44.4199779Z ##[error]could not import streamgate/pkg/monitoring (-: # streamgate/pkg/monitoring
2026-01-29T07:22:44.4201243Z ##[error]pkg/monitoring/grafana.go:472:3: unknown field Severity in struct literal of type AlertRule
2026-01-29T07:22:44.4202501Z ##[error]pkg/monitoring/grafana.go:473:3: unknown field Description in struct literal of type AlertRule
2026-01-29T07:22:44.4203729Z ##[error]pkg/monitoring/grafana.go:484:3: unknown field Severity in struct literal of type AlertRule
2026-01-29T07:22:44.4204963Z ##[error]pkg/monitoring/grafana.go:485:3: unknown field Description in struct literal of type AlertRule
2026-01-29T07:22:44.4206336Z ##[error]pkg/monitoring/grafana.go:496:3: unknown field Severity in struct literal of type AlertRule
2026-01-29T07:22:44.4207609Z ##[error]pkg/monitoring/grafana.go:497:3: unknown field Description in struct literal of type AlertRule
2026-01-29T07:22:44.4208823Z ##[error]pkg/monitoring/grafana.go:508:3: unknown field Severity in struct literal of type AlertRule
2026-01-29T07:22:44.4210038Z ##[error]pkg/monitoring/grafana.go:509:3: unknown field Description in struct literal of type AlertRule
2026-01-29T07:22:44.4211503Z ##[error]pkg/monitoring/grafana.go:520:3: unknown field Severity in struct literal of type AlertRule
2026-01-29T07:22:44.4212908Z ##[error]pkg/monitoring/grafana.go:521:3: unknown field Description in struct literal of type AlertRule
2026-01-29T07:22:44.4213975Z ##[error]pkg/monitoring/grafana.go:521:3: too many errors) (typecheck)
2026-01-29T07:22:44.4215354Z ##[error]could not import streamgate/pkg/optimization (-: # streamgate/pkg/optimization
2026-01-29T07:22:44.4216519Z ##[error]pkg/optimization/caching.go:110:3: unknown field ID in struct literal of type CacheEntry
2026-01-29T07:22:44.4217701Z ##[error]pkg/optimization/caching.go:113:3: unknown field TTL in struct literal of type CacheEntry
2026-01-29T07:22:44.4218899Z ##[error]pkg/optimization/caching.go:116:3: unknown field Level in struct literal of type CacheEntry
2026-01-29T07:22:44.4220361Z ##[error]pkg/optimization/caching.go:155:10: entry.HitCount undefined (type *CacheEntry has no field or method HitCount)
2026-01-29T07:22:44.4221795Z ##[error]pkg/optimization/caching.go:167:10: entry.HitCount undefined (type *CacheEntry has no field or method HitCount)
2026-01-29T07:22:44.4223185Z ##[error]pkg/optimization/caching.go:181:10: entry.HitCount undefined (type *CacheEntry has no field or method HitCount)
2026-01-29T07:22:44.4224574Z ##[error]pkg/optimization/caching.go:238:31: entry.HitCount undefined (type *CacheEntry has no field or method HitCount)
2026-01-29T07:22:44.4225994Z ##[error]pkg/optimization/caching.go:238:51: lruEntry.HitCount undefined (type *CacheEntry has no field or method HitCount)
2026-01-29T07:22:44.4227394Z ##[error]pkg/optimization/caching.go:264:31: entry.HitCount undefined (type *CacheEntry has no field or method HitCount)
2026-01-29T07:22:44.4228817Z ##[error]pkg/optimization/caching.go:264:51: lruEntry.HitCount undefined (type *CacheEntry has no field or method HitCount)
2026-01-29T07:22:44.4229959Z ##[error]pkg/optimization/caching.go:264:51: too many errors) (typecheck)
2026-01-29T07:22:44.4231266Z ##[error]undefined: security.RateLimiter (typecheck)
2026-01-29T07:22:44.4232339Z ##[error]undefined: security.AuditLogger (typecheck)
2026-01-29T07:22:44.4233435Z ##[error]undefined: security.NewRateLimiter (typecheck)
2026-01-29T07:22:44.4234527Z ##[error]undefined: security.NewAuditLogger (typecheck)
2026-01-29T07:22:44.4235929Z ##[error]cannot use "host" (untyped string constant) as zap.Field value in argument to logger.Info (typecheck)
2026-01-29T07:22:44.4237486Z ##[error]cannot use contentID (variable of type string) as int64 value in argument to zap.Int64 (typecheck)
2026-01-29T07:22:44.4239100Z ##[error]cannot use metadata.ContentID (variable of type string) as int64 value in argument to zap.Int64 (typecheck)
2026-01-29T07:22:44.4240841Z ##[error]cannot use metadata.ContentID (variable of type string) as int64 value in argument to zap.Int64 (typecheck)
2026-01-29T07:22:44.4242418Z ##[error]cannot use contentID (variable of type string) as int64 value in argument to zap.Int64 (typecheck)
2026-01-29T07:22:44.4244006Z ##[error]cannot use "query" (untyped string constant) as zap.Field value in argument to db.logger.Info (typecheck)
2026-01-29T07:22:44.4245583Z ##[error]cannot use "error" (untyped string constant) as zap.Field value in argument to log.Fatal (typecheck)
2026-01-29T07:22:44.4247116Z ##[error]cannot use "mode" (untyped string constant) as zap.Field value in argument to log.Info (typecheck)
2026-01-29T07:22:44.4248695Z ##[error]cannot use "error" (untyped string constant) as zap.Field value in argument to log.Fatal (typecheck)
2026-01-29T07:22:44.4250491Z ##[error]cannot use "error" (untyped string constant) as zap.Field value in argument to log.Fatal (typecheck)
2026-01-29T07:22:44.4252103Z ##[error]cannot use "error" (untyped string constant) as zap.Field value in argument to log.Fatal (typecheck)
2026-01-29T07:22:44.4253645Z ##[error]cannot use "port" (untyped string constant) as zap.Field value in argument to log.Info (typecheck)
2026-01-29T07:22:44.4255192Z ##[error]cannot use "signal" (untyped string constant) as zap.Field value in argument to log.Info (typecheck)
2026-01-29T07:22:44.4256748Z ##[error]cannot use "error" (untyped string constant) as zap.Field value in argument to log.Error (typecheck)
2026-01-29T07:22:44.4258365Z ##[error]could not import streamgate/pkg/monitoring (-: # streamgate/pkg/monitoring
2026-01-29T07:22:44.4259613Z ##[error]pkg/monitoring/grafana.go:472:3: unknown field Severity in struct literal of type AlertRule
2026-01-29T07:22:44.4261031Z ##[error]pkg/monitoring/grafana.go:473:3: unknown field Description in struct literal of type AlertRule
2026-01-29T07:22:44.4262271Z ##[error]pkg/monitoring/grafana.go:484:3: unknown field Severity in struct literal of type AlertRule
2026-01-29T07:22:44.4295854Z ##[error]pkg/monitoring/grafana.go:485:3: unknown field Description in struct literal of type AlertRule
2026-01-29T07:22:44.4297278Z ##[error]pkg/monitoring/grafana.go:496:3: unknown field Severity in struct literal of type AlertRule
2026-01-29T07:22:44.4298555Z ##[error]pkg/monitoring/grafana.go:497:3: unknown field Description in struct literal of type AlertRule
2026-01-29T07:22:44.4299818Z ##[error]pkg/monitoring/grafana.go:508:3: unknown field Severity in struct literal of type AlertRule
2026-01-29T07:22:44.4301271Z ##[error]pkg/monitoring/grafana.go:509:3: unknown field Description in struct literal of type AlertRule
2026-01-29T07:22:44.4302535Z ##[error]pkg/monitoring/grafana.go:520:3: unknown field Severity in struct literal of type AlertRule
2026-01-29T07:22:44.4303790Z ##[error]pkg/monitoring/grafana.go:521:3: unknown field Description in struct literal of type AlertRule
2026-01-29T07:22:44.4304875Z ##[error]pkg/monitoring/grafana.go:521:3: too many errors) (typecheck)
2026-01-29T07:22:44.4306109Z ##[error]HealthStatus redeclared in this block (typecheck)
2026-01-29T07:22:44.4307224Z ##[error]	other declaration of HealthStatus (typecheck)
2026-01-29T07:22:44.4308292Z ##[error]Alert redeclared in this block (typecheck)
2026-01-29T07:22:44.4309323Z ##[error]	other declaration of Alert (typecheck)
2026-01-29T07:22:44.4310574Z ##[error]undefined: security.RateLimiter (typecheck)
2026-01-29T07:22:44.4311686Z ##[error]undefined: security.AuditLogger (typecheck)
2026-01-29T07:22:44.4312771Z ##[error]undefined: security.NewRateLimiter (typecheck)
2026-01-29T07:22:44.4313863Z ##[error]undefined: security.NewAuditLogger (typecheck)
2026-01-29T07:22:44.4315100Z ##[error]unknown field Timestamp in struct literal of type HealthStatus (typecheck)
2026-01-29T07:22:44.4316609Z ##[error]cannot use "error" (untyped string constant) as zap.Field value in argument to log.Fatal (typecheck)
2026-01-29T07:22:44.4318162Z ##[error]cannot use "mode" (untyped string constant) as zap.Field value in argument to log.Info (typecheck)
2026-01-29T07:22:44.4319699Z ##[error]cannot use "error" (untyped string constant) as zap.Field value in argument to log.Fatal (typecheck)
2026-01-29T07:22:44.4321441Z ##[error]cannot use "error" (untyped string constant) as zap.Field value in argument to log.Fatal (typecheck)
2026-01-29T07:22:44.4322981Z ##[error]cannot use "error" (untyped string constant) as zap.Field value in argument to log.Fatal (typecheck)
2026-01-29T07:22:44.4324521Z ##[error]cannot use "port" (untyped string constant) as zap.Field value in argument to log.Info (typecheck)
2026-01-29T07:22:44.4326047Z ##[error]cannot use "signal" (untyped string constant) as zap.Field value in argument to log.Info (typecheck)
2026-01-29T07:22:44.4327575Z ##[error]cannot use "error" (untyped string constant) as zap.Field value in argument to log.Error (typecheck)
2026-01-29T07:22:44.4329173Z ##[error]could not import streamgate/pkg/monitoring (-: # streamgate/pkg/monitoring
2026-01-29T07:22:44.4330604Z ##[error]pkg/monitoring/grafana.go:472:3: unknown field Severity in struct literal of type AlertRule
2026-01-29T07:22:44.4331953Z ##[error]pkg/monitoring/grafana.go:473:3: unknown field Description in struct literal of type AlertRule
2026-01-29T07:22:44.4333206Z ##[error]pkg/monitoring/grafana.go:484:3: unknown field Severity in struct literal of type AlertRule
2026-01-29T07:22:44.4334453Z ##[error]pkg/monitoring/grafana.go:485:3: unknown field Description in struct literal of type AlertRule
2026-01-29T07:22:44.4335838Z ##[error]pkg/monitoring/grafana.go:496:3: unknown field Severity in struct literal of type AlertRule
2026-01-29T07:22:44.4337055Z ##[error]pkg/monitoring/grafana.go:497:3: unknown field Description in struct literal of type AlertRule
2026-01-29T07:22:44.4338260Z ##[error]pkg/monitoring/grafana.go:508:3: unknown field Severity in struct literal of type AlertRule
2026-01-29T07:22:44.4339477Z ##[error]pkg/monitoring/grafana.go:509:3: unknown field Description in struct literal of type AlertRule
2026-01-29T07:22:44.4340818Z ##[error]pkg/monitoring/grafana.go:520:3: unknown field Severity in struct literal of type AlertRule
2026-01-29T07:22:44.4342030Z ##[error]pkg/monitoring/grafana.go:521:3: unknown field Description in struct literal of type AlertRule
2026-01-29T07:22:44.4343094Z ##[error]pkg/monitoring/grafana.go:521:3: too many errors) (typecheck)
2026-01-29T07:22:44.4344460Z ##[error]could not import streamgate/pkg/optimization (-: # streamgate/pkg/optimization
2026-01-29T07:22:44.4345641Z ##[error]pkg/optimization/caching.go:110:3: unknown field ID in struct literal of type CacheEntry
2026-01-29T07:22:44.4346811Z ##[error]pkg/optimization/caching.go:113:3: unknown field TTL in struct literal of type CacheEntry
2026-01-29T07:22:44.4348033Z ##[error]pkg/optimization/caching.go:116:3: unknown field Level in struct literal of type CacheEntry
2026-01-29T07:22:44.4349387Z ##[error]pkg/optimization/caching.go:155:10: entry.HitCount undefined (type *CacheEntry has no field or method HitCount)
2026-01-29T07:22:44.4351007Z ##[error]pkg/optimization/caching.go:167:10: entry.HitCount undefined (type *CacheEntry has no field or method HitCount)
2026-01-29T07:22:44.4352411Z ##[error]pkg/optimization/caching.go:181:10: entry.HitCount undefined (type *CacheEntry has no field or method HitCount)
2026-01-29T07:22:44.4353793Z ##[error]pkg/optimization/caching.go:238:31: entry.HitCount undefined (type *CacheEntry has no field or method HitCount)
2026-01-29T07:22:44.4355212Z ##[error]pkg/optimization/caching.go:238:51: lruEntry.HitCount undefined (type *CacheEntry has no field or method HitCount)
2026-01-29T07:22:44.4356598Z ##[error]pkg/optimization/caching.go:264:31: entry.HitCount undefined (type *CacheEntry has no field or method HitCount)
2026-01-29T07:22:44.4357994Z ##[error]pkg/optimization/caching.go:264:51: lruEntry.HitCount undefined (type *CacheEntry has no field or method HitCount)
2026-01-29T07:22:44.4359143Z ##[error]pkg/optimization/caching.go:264:51: too many errors) (typecheck)
2026-01-29T07:22:44.4360477Z ##[error]StreamCache redeclared in this block (typecheck)
2026-01-29T07:22:44.4361575Z ##[error]	other declaration of StreamCache (typecheck)
2026-01-29T07:22:44.4362929Z ##[error]method StreamCache.Get already declared at pkg/plugins/streaming/cache.go:7:23 (typecheck)
2026-01-29T07:22:44.4364428Z ##[error]method StreamCache.Set already declared at pkg/plugins/streaming/cache.go:12:23 (typecheck)
2026-01-29T07:22:44.4365647Z ##[error]undefined: security.RateLimiter (typecheck)
2026-01-29T07:22:44.4366708Z ##[error]undefined: security.AuditLogger (typecheck)
2026-01-29T07:22:44.4367776Z ##[error]undefined: security.NewRateLimiter (typecheck)
2026-01-29T07:22:44.4368845Z ##[error]undefined: security.NewAuditLogger (typecheck)
2026-01-29T07:22:44.4370317Z ##[error]cannot use contentID (variable of type string) as int64 value in argument to zap.Int64 (typecheck)
2026-01-29T07:22:44.4371734Z ##[error]declared and not used: startTime (typecheck)
2026-01-29T07:22:44.4373128Z ##[error]cannot use contentID (variable of type string) as int64 value in argument to zap.Int64 (typecheck)
2026-01-29T07:22:44.4374720Z ##[error]cannot use "content_id" (untyped string constant) as zap.Field value in argument to h.logger.Info (typecheck)
2026-01-29T07:22:44.4376311Z ##[error]cannot use contentID (variable of type string) as int64 value in argument to zap.Int64 (typecheck)
2026-01-29T07:22:44.4377697Z ##[error]unknown field logger in struct literal of type StreamCache (typecheck)
2026-01-29T07:22:44.4379314Z ##[error]cannot use "error" (untyped string constant) as zap.Field value in argument to log.Fatal (typecheck)
2026-01-29T07:22:44.4380985Z ##[error]cannot use "mode" (untyped string constant) as zap.Field value in argument to log.Info (typecheck)
2026-01-29T07:22:44.4382564Z ##[error]cannot use "error" (untyped string constant) as zap.Field value in argument to log.Fatal (typecheck)
2026-01-29T07:22:44.4384117Z ##[error]cannot use "error" (untyped string constant) as zap.Field value in argument to log.Fatal (typecheck)
2026-01-29T07:22:44.4385648Z ##[error]cannot use "error" (untyped string constant) as zap.Field value in argument to log.Fatal (typecheck)
2026-01-29T07:22:44.4387169Z ##[error]cannot use "port" (untyped string constant) as zap.Field value in argument to log.Info (typecheck)
2026-01-29T07:22:44.4388693Z ##[error]cannot use "signal" (untyped string constant) as zap.Field value in argument to log.Info (typecheck)
2026-01-29T07:22:44.4390360Z ##[error]cannot use "error" (untyped string constant) as zap.Field value in argument to log.Error (typecheck)
2026-01-29T07:22:44.4391795Z ##[error]could not import streamgate/pkg/monitoring (-: # streamgate/pkg/monitoring
2026-01-29T07:22:44.4393018Z ##[error]pkg/monitoring/grafana.go:472:3: unknown field Severity in struct literal of type AlertRule
2026-01-29T07:22:44.4394272Z ##[error]pkg/monitoring/grafana.go:473:3: unknown field Description in struct literal of type AlertRule
2026-01-29T07:22:44.4395501Z ##[error]pkg/monitoring/grafana.go:484:3: unknown field Severity in struct literal of type AlertRule
2026-01-29T07:22:44.4396730Z ##[error]pkg/monitoring/grafana.go:485:3: unknown field Description in struct literal of type AlertRule
2026-01-29T07:22:44.4397939Z ##[error]pkg/monitoring/grafana.go:496:3: unknown field Severity in struct literal of type AlertRule
2026-01-29T07:22:44.4399145Z ##[error]pkg/monitoring/grafana.go:497:3: unknown field Description in struct literal of type AlertRule
2026-01-29T07:22:44.4400531Z ##[error]pkg/monitoring/grafana.go:508:3: unknown field Severity in struct literal of type AlertRule
2026-01-29T07:22:44.4401764Z ##[error]pkg/monitoring/grafana.go:509:3: unknown field Description in struct literal of type AlertRule
2026-01-29T07:22:44.4402964Z ##[error]pkg/monitoring/grafana.go:520:3: unknown field Severity in struct literal of type AlertRule
2026-01-29T07:22:44.4404169Z ##[error]pkg/monitoring/grafana.go:521:3: unknown field Description in struct literal of type AlertRule
2026-01-29T07:22:44.4405230Z ##[error]pkg/monitoring/grafana.go:521:3: too many errors) (typecheck)
2026-01-29T07:22:44.4406392Z ##[error]TaskQueue redeclared in this block (typecheck)
2026-01-29T07:22:44.4407457Z ##[error]	other declaration of TaskQueue (typecheck)
2026-01-29T07:22:44.4408512Z ##[error]Worker redeclared in this block (typecheck)
2026-01-29T07:22:44.4409535Z ##[error]	other declaration of Worker (typecheck)
2026-01-29T07:22:44.4411005Z ##[error]method TaskQueue.Enqueue already declared at pkg/plugins/transcoder/queue.go:7:21 (typecheck)
2026-01-29T07:22:44.4412545Z ##[error]method TaskQueue.Dequeue already declared at pkg/plugins/transcoder/queue.go:12:21 (typecheck)
2026-01-29T07:22:44.4413767Z ##[error]undefined: security.RateLimiter (typecheck)
2026-01-29T07:22:44.4414814Z ##[error]undefined: security.AuditLogger (typecheck)
2026-01-29T07:22:44.4415883Z ##[error]undefined: security.NewRateLimiter (typecheck)
2026-01-29T07:22:44.4417099Z ##[error]undefined: security.NewAuditLogger (typecheck)
2026-01-29T07:22:44.4418543Z ##[error]cannot use "task_id" (untyped string constant) as zap.Field value in argument to h.logger.Info (typecheck)
2026-01-29T07:22:44.4420273Z ##[error]cannot use "task_id" (untyped string constant) as zap.Field value in argument to h.logger.Info (typecheck)
2026-01-29T07:22:44.4421672Z ##[error]unknown field tasks in struct literal of type TaskQueue (typecheck)
2026-01-29T07:22:44.4422918Z ##[error]unknown field queue in struct literal of type TaskQueue (typecheck)
2026-01-29T07:22:44.4424338Z ##[error]unknown field maxSize in struct literal of type TaskQueue (typecheck)
2026-01-29T07:22:44.4425598Z ##[error]unknown field metrics in struct literal of type TaskQueue (typecheck)
2026-01-29T07:22:44.4426860Z ##[error]tq.mu undefined (type *TaskQueue has no field or method mu) (typecheck)
2026-01-29T07:22:44.4428129Z ##[error]tq.mu undefined (type *TaskQueue has no field or method mu) (typecheck)
2026-01-29T07:22:44.4429434Z ##[error]tq.queue undefined (type *TaskQueue has no field or method queue) (typecheck)
2026-01-29T07:22:44.4430959Z ##[error]tq.tasks undefined (type *TaskQueue has no field or method tasks) (typecheck)
2026-01-29T07:22:44.4432310Z ##[error]tq.queue undefined (type *TaskQueue has no field or method queue) (typecheck)
2026-01-29T07:22:44.4433672Z ##[error]tq.metrics undefined (type *TaskQueue has no field or method metrics) (typecheck)
2026-01-29T07:22:44.4435019Z ##[error]tq.queue undefined (type *TaskQueue has no field or method queue) (typecheck)
2026-01-29T07:22:44.4436306Z ##[error]tq.mu undefined (type *TaskQueue has no field or method mu) (typecheck)
2026-01-29T07:22:44.4437571Z ##[error]tq.mu undefined (type *TaskQueue has no field or method mu) (typecheck)
2026-01-29T07:22:44.4438875Z ##[error]tq.tasks undefined (type *TaskQueue has no field or method tasks) (typecheck)
2026-01-29T07:22:44.4440264Z ##[error]tq.mu undefined (type *TaskQueue has no field or method mu) (typecheck)
2026-01-29T07:22:44.4441556Z ##[error]tq.mu undefined (type *TaskQueue has no field or method mu) (typecheck)
2026-01-29T07:22:44.4442858Z ##[error]tq.tasks undefined (type *TaskQueue has no field or method tasks) (typecheck)
2026-01-29T07:22:44.4444143Z ##[error]tq.mu undefined (type *TaskQueue has no field or method mu) (typecheck)
2026-01-29T07:22:44.4445388Z ##[error]tq.mu undefined (type *TaskQueue has no field or method mu) (typecheck)
2026-01-29T07:22:44.4446685Z ##[error]tq.tasks undefined (type *TaskQueue has no field or method tasks) (typecheck)
2026-01-29T07:22:44.4447998Z ##[error]tq.mu undefined (type *TaskQueue has no field or method mu) (typecheck)
2026-01-29T07:22:44.4449255Z ##[error]tq.mu undefined (type *TaskQueue has no field or method mu) (typecheck)
2026-01-29T07:22:44.4450660Z ##[error]tq.queue undefined (type *TaskQueue has no field or method queue) (typecheck)
2026-01-29T07:22:44.4451865Z ##[error]too many arguments in call to wp.taskQueue.Dequeue
2026-01-29T07:22:44.4452582Z 	have (context.Context)
2026-01-29T07:22:44.4452803Z 	want () (typecheck)
2026-01-29T07:22:44.4453943Z ##[error]cannot use task (variable of type interface{}) as *TranscodeTask value in argument to wp.processTask: need type assertion (typecheck)
2026-01-29T07:22:44.4455571Z ##[error]wp.taskQueue.metrics undefined (type *TaskQueue has no field or method metrics) (typecheck)
2026-01-29T07:22:44.4457066Z ##[error]wp.taskQueue.metrics undefined (type *TaskQueue has no field or method metrics) (typecheck)
2026-01-29T07:22:44.4458540Z ##[error]wp.taskQueue.metrics undefined (type *TaskQueue has no field or method metrics) (typecheck)
2026-01-29T07:22:44.4460015Z ##[error]wp.taskQueue.metrics undefined (type *TaskQueue has no field or method metrics) (typecheck)
2026-01-29T07:22:44.4461723Z ##[error]cannot use "error" (untyped string constant) as zap.Field value in argument to log.Fatal (typecheck)
2026-01-29T07:22:44.4463251Z ##[error]cannot use "mode" (untyped string constant) as zap.Field value in argument to log.Info (typecheck)
2026-01-29T07:22:44.4464912Z ##[error]cannot use "error" (untyped string constant) as zap.Field value in argument to log.Fatal (typecheck)
2026-01-29T07:22:44.4466508Z ##[error]cannot use "error" (untyped string constant) as zap.Field value in argument to log.Fatal (typecheck)
2026-01-29T07:22:44.4468034Z ##[error]cannot use "error" (untyped string constant) as zap.Field value in argument to log.Fatal (typecheck)
2026-01-29T07:22:44.4469557Z ##[error]cannot use "port" (untyped string constant) as zap.Field value in argument to log.Info (typecheck)
2026-01-29T07:22:44.4471412Z ##[error]cannot use "signal" (untyped string constant) as zap.Field value in argument to log.Info (typecheck)
2026-01-29T07:22:44.4472938Z ##[error]cannot use "error" (untyped string constant) as zap.Field value in argument to log.Error (typecheck)
2026-01-29T07:22:44.4474332Z ##[error]could not import streamgate/pkg/monitoring (-: # streamgate/pkg/monitoring
2026-01-29T07:22:44.4475548Z ##[error]pkg/monitoring/grafana.go:472:3: unknown field Severity in struct literal of type AlertRule
2026-01-29T07:22:44.4476790Z ##[error]pkg/monitoring/grafana.go:473:3: unknown field Description in struct literal of type AlertRule
2026-01-29T07:22:44.4478003Z ##[error]pkg/monitoring/grafana.go:484:3: unknown field Severity in struct literal of type AlertRule
2026-01-29T07:22:44.4479237Z ##[error]pkg/monitoring/grafana.go:485:3: unknown field Description in struct literal of type AlertRule
2026-01-29T07:22:44.4480597Z ##[error]pkg/monitoring/grafana.go:496:3: unknown field Severity in struct literal of type AlertRule
2026-01-29T07:22:44.4481877Z ##[error]pkg/monitoring/grafana.go:497:3: unknown field Description in struct literal of type AlertRule
2026-01-29T07:22:44.4483096Z ##[error]pkg/monitoring/grafana.go:508:3: unknown field Severity in struct literal of type AlertRule
2026-01-29T07:22:44.4484320Z ##[error]pkg/monitoring/grafana.go:509:3: unknown field Description in struct literal of type AlertRule
2026-01-29T07:22:44.4485525Z ##[error]pkg/monitoring/grafana.go:520:3: unknown field Severity in struct literal of type AlertRule
2026-01-29T07:22:44.4486734Z ##[error]pkg/monitoring/grafana.go:521:3: unknown field Description in struct literal of type AlertRule
2026-01-29T07:22:44.4487890Z ##[error]pkg/monitoring/grafana.go:521:3: too many errors) (typecheck)
2026-01-29T07:22:44.4489040Z ##[error]undefined: security.RateLimiter (typecheck)
2026-01-29T07:22:44.4490228Z ##[error]undefined: security.AuditLogger (typecheck)
2026-01-29T07:22:44.4491344Z ##[error]undefined: security.NewRateLimiter (typecheck)
2026-01-29T07:22:44.4492432Z ##[error]undefined: security.NewAuditLogger (typecheck)
2026-01-29T07:22:44.4493854Z ##[error]cannot use "file_id" (untyped string constant) as zap.Field value in argument to h.logger.Info (typecheck)
2026-01-29T07:22:44.4495480Z ##[error]cannot use "upload_id" (untyped string constant) as zap.Field value in argument to h.logger.Info (typecheck)
2026-01-29T07:22:44.4497103Z ##[error]cannot use "upload_id" (untyped string constant) as zap.Field value in argument to h.logger.Info (typecheck)
2026-01-29T07:22:44.4498667Z ##[error]cannot use "type" (untyped string constant) as zap.Field value in argument to logger.Info (typecheck)
2026-01-29T07:22:44.4500369Z ##[error]cannot use "file_id" (untyped string constant) as zap.Field value in argument to s.logger.Info (typecheck)
2026-01-29T07:22:44.4502193Z ##[error]cannot use "upload_id" (untyped string constant) as zap.Field value in argument to s.logger.Info (typecheck)
2026-01-29T07:22:44.4503817Z ##[error]cannot use "upload_id" (untyped string constant) as zap.Field value in argument to s.logger.Info (typecheck)
2026-01-29T07:22:44.4505425Z ##[error]cannot use "upload_id" (untyped string constant) as zap.Field value in argument to s.logger.Info (typecheck)
2026-01-29T07:22:44.4507020Z ##[error]cannot use "upload_id" (untyped string constant) as zap.Field value in argument to s.logger.Info (typecheck)
2026-01-29T07:22:44.4508248Z ##[error]"fmt" imported and not used (typecheck)
2026-01-29T07:22:44.4509796Z ##[error]cannot use "error" (untyped string constant) as zap.Field value in argument to log.Fatal (typecheck)
2026-01-29T07:22:44.4511701Z ##[error]cannot use "mode" (untyped string constant) as zap.Field value in argument to log.Info (typecheck)
2026-01-29T07:22:44.4513248Z ##[error]cannot use "error" (untyped string constant) as zap.Field value in argument to log.Fatal (typecheck)
2026-01-29T07:22:44.4514789Z ##[error]cannot use "error" (untyped string constant) as zap.Field value in argument to log.Fatal (typecheck)
2026-01-29T07:22:44.4516321Z ##[error]cannot use "error" (untyped string constant) as zap.Field value in argument to log.Fatal (typecheck)
2026-01-29T07:22:44.4518006Z ##[error]cannot use "port" (untyped string constant) as zap.Field value in argument to log.Info (typecheck)
2026-01-29T07:22:44.4519538Z ##[error]cannot use "signal" (untyped string constant) as zap.Field value in argument to log.Info (typecheck)
2026-01-29T07:22:44.4521223Z ##[error]cannot use "error" (untyped string constant) as zap.Field value in argument to log.Error (typecheck)
2026-01-29T07:22:44.4522628Z ##[error]could not import streamgate/pkg/monitoring (-: # streamgate/pkg/monitoring
2026-01-29T07:22:44.4523856Z ##[error]pkg/monitoring/grafana.go:472:3: unknown field Severity in struct literal of type AlertRule
2026-01-29T07:22:44.4525124Z ##[error]pkg/monitoring/grafana.go:473:3: unknown field Description in struct literal of type AlertRule
2026-01-29T07:22:44.4526346Z ##[error]pkg/monitoring/grafana.go:484:3: unknown field Severity in struct literal of type AlertRule
2026-01-29T07:22:44.4527575Z ##[error]pkg/monitoring/grafana.go:485:3: unknown field Description in struct literal of type AlertRule
2026-01-29T07:22:44.4528784Z ##[error]pkg/monitoring/grafana.go:496:3: unknown field Severity in struct literal of type AlertRule
2026-01-29T07:22:44.4529996Z ##[error]pkg/monitoring/grafana.go:497:3: unknown field Description in struct literal of type AlertRule
2026-01-29T07:22:44.4531384Z ##[error]pkg/monitoring/grafana.go:508:3: unknown field Severity in struct literal of type AlertRule
2026-01-29T07:22:44.4532604Z ##[error]pkg/monitoring/grafana.go:509:3: unknown field Description in struct literal of type AlertRule
2026-01-29T07:22:44.4533792Z ##[error]pkg/monitoring/grafana.go:520:3: unknown field Severity in struct literal of type AlertRule
2026-01-29T07:22:44.4534995Z ##[error]pkg/monitoring/grafana.go:521:3: unknown field Description in struct literal of type AlertRule
2026-01-29T07:22:44.4536050Z ##[error]pkg/monitoring/grafana.go:521:3: too many errors) (typecheck)
2026-01-29T07:22:44.4537190Z ##[error]Job redeclared in this block (typecheck)
2026-01-29T07:22:44.4538225Z ##[error]	other declaration of Job (typecheck)
2026-01-29T07:22:44.4539266Z ##[error]undefined: security.RateLimiter (typecheck)
2026-01-29T07:22:44.4540437Z ##[error]undefined: security.AuditLogger (typecheck)
2026-01-29T07:22:44.4541607Z ##[error]undefined: security.NewRateLimiter (typecheck)
2026-01-29T07:22:44.4542688Z ##[error]undefined: security.NewAuditLogger (typecheck)
2026-01-29T07:22:44.4544101Z ##[error]cannot use "job_id" (untyped string constant) as zap.Field value in argument to h.logger.Info (typecheck)
2026-01-29T07:22:44.4545686Z ##[error]cannot use "job_id" (untyped string constant) as zap.Field value in argument to h.logger.Info (typecheck)
2026-01-29T07:22:44.4547260Z ##[error]cannot use "job_id" (untyped string constant) as zap.Field value in argument to h.logger.Info (typecheck)
2026-01-29T07:22:44.4548889Z ##[error]cannot use "job_type" (untyped string constant) as zap.Field value in argument to h.logger.Info (typecheck)
2026-01-29T07:22:44.4550613Z ##[error]cannot use "job_id" (untyped string constant) as zap.Field value in argument to s.logger.Info (typecheck)
2026-01-29T07:22:44.4552102Z ##[error]job.CompletedAt undefined (type *Job has no field or method CompletedAt) (typecheck)
2026-01-29T07:22:44.4553613Z ##[error]cannot use "error" (untyped string constant) as zap.Field value in argument to log.Fatal (typecheck)
2026-01-29T07:22:44.4555283Z ##[error]cannot use "mode" (untyped string constant) as zap.Field value in argument to log.Info (typecheck)
2026-01-29T07:22:44.4556898Z ##[error]cannot use "error" (untyped string constant) as zap.Field value in argument to log.Fatal (typecheck)
2026-01-29T07:22:44.4558443Z ##[error]cannot use "error" (untyped string constant) as zap.Field value in argument to log.Fatal (typecheck)
2026-01-29T07:22:44.4559979Z ##[error]cannot use "error" (untyped string constant) as zap.Field value in argument to log.Fatal (typecheck)
2026-01-29T07:22:44.4561818Z ##[error]cannot use "port" (untyped string constant) as zap.Field value in argument to log.Info (typecheck)
2026-01-29T07:22:44.4563362Z ##[error]cannot use "signal" (untyped string constant) as zap.Field value in argument to log.Info (typecheck)
2026-01-29T07:22:44.4564898Z ##[error]cannot use "error" (untyped string constant) as zap.Field value in argument to log.Error (typecheck)
2026-01-29T07:22:44.4566301Z ##[error]could not import streamgate/pkg/monitoring (-: # streamgate/pkg/monitoring
2026-01-29T07:22:44.4567518Z ##[error]pkg/monitoring/grafana.go:472:3: unknown field Severity in struct literal of type AlertRule
2026-01-29T07:22:44.4568753Z ##[error]pkg/monitoring/grafana.go:473:3: unknown field Description in struct literal of type AlertRule
2026-01-29T07:22:44.4569961Z ##[error]pkg/monitoring/grafana.go:484:3: unknown field Severity in struct literal of type AlertRule
2026-01-29T07:22:44.4571361Z ##[error]pkg/monitoring/grafana.go:485:3: unknown field Description in struct literal of type AlertRule
2026-01-29T07:22:44.4572590Z ##[error]pkg/monitoring/grafana.go:496:3: unknown field Severity in struct literal of type AlertRule
2026-01-29T07:22:44.4573813Z ##[error]pkg/monitoring/grafana.go:497:3: unknown field Description in struct literal of type AlertRule
2026-01-29T07:22:44.4575018Z ##[error]pkg/monitoring/grafana.go:508:3: unknown field Severity in struct literal of type AlertRule
2026-01-29T07:22:44.4576236Z ##[error]pkg/monitoring/grafana.go:509:3: unknown field Description in struct literal of type AlertRule
2026-01-29T07:22:44.4577437Z ##[error]pkg/monitoring/grafana.go:520:3: unknown field Severity in struct literal of type AlertRule
2026-01-29T07:22:44.4578666Z ##[error]pkg/monitoring/grafana.go:521:3: unknown field Description in struct literal of type AlertRule
2026-01-29T07:22:44.4579736Z ##[error]pkg/monitoring/grafana.go:521:3: too many errors) (typecheck)
2026-01-29T07:22:44.4581212Z ##[error]could not import streamgate/pkg/optimization (-: # streamgate/pkg/optimization
2026-01-29T07:22:44.4582420Z ##[error]pkg/optimization/caching.go:110:3: unknown field ID in struct literal of type CacheEntry
2026-01-29T07:22:44.4583609Z ##[error]pkg/optimization/caching.go:113:3: unknown field TTL in struct literal of type CacheEntry
2026-01-29T07:22:44.4584796Z ##[error]pkg/optimization/caching.go:116:3: unknown field Level in struct literal of type CacheEntry
2026-01-29T07:22:44.4586149Z ##[error]pkg/optimization/caching.go:155:10: entry.HitCount undefined (type *CacheEntry has no field or method HitCount)
2026-01-29T07:22:44.4587555Z ##[error]pkg/optimization/caching.go:167:10: entry.HitCount undefined (type *CacheEntry has no field or method HitCount)
2026-01-29T07:22:44.4588946Z ##[error]pkg/optimization/caching.go:181:10: entry.HitCount undefined (type *CacheEntry has no field or method HitCount)
2026-01-29T07:22:44.4590459Z ##[error]pkg/optimization/caching.go:238:31: entry.HitCount undefined (type *CacheEntry has no field or method HitCount)
2026-01-29T07:22:44.4591916Z ##[error]pkg/optimization/caching.go:238:51: lruEntry.HitCount undefined (type *CacheEntry has no field or method HitCount)
2026-01-29T07:22:44.4593326Z ##[error]pkg/optimization/caching.go:264:31: entry.HitCount undefined (type *CacheEntry has no field or method HitCount)
2026-01-29T07:22:44.4594744Z ##[error]pkg/optimization/caching.go:264:51: lruEntry.HitCount undefined (type *CacheEntry has no field or method HitCount)
2026-01-29T07:22:44.4596049Z ##[error]pkg/optimization/caching.go:264:51: too many errors) (typecheck)
2026-01-29T07:22:44.4597289Z ##[error]undefined: security.RateLimiter (typecheck)
2026-01-29T07:22:44.4598366Z ##[error]undefined: security.AuditLogger (typecheck)
2026-01-29T07:22:44.4599430Z ##[error]undefined: security.RateLimiter (typecheck)
2026-01-29T07:22:44.4600622Z ##[error]undefined: security.AuditLogger (typecheck)
2026-01-29T07:22:44.4601725Z ##[error]undefined: security.NewRateLimiter (typecheck)
2026-01-29T07:22:44.4602820Z ##[error]undefined: security.NewAuditLogger (typecheck)
2026-01-29T07:22:44.4604420Z ##[error]cannot use "alert_id" (untyped string constant) as zap.Field value in argument to p.logger.Warn (typecheck)
2026-01-29T07:22:44.4606033Z ##[error]cannot use "level" (untyped string constant) as zap.Field value in argument to p.logger.Warn (typecheck)
2026-01-29T07:22:44.4607628Z ##[error]cannot use "title" (untyped string constant) as zap.Field value in argument to p.logger.Warn (typecheck)
2026-01-29T07:22:44.4609243Z ##[error]cannot use "message" (untyped string constant) as zap.Field value in argument to p.logger.Warn (typecheck)
2026-01-29T07:22:44.4610667Z ##[error]undefined: security.NewRateLimiter (typecheck)
2026-01-29T07:22:44.4611783Z ##[error]undefined: security.NewAuditLogger (typecheck)
2026-01-29T07:22:44.4612852Z ##[error]"context" imported and not used (typecheck)
2026-01-29T07:22:44.4614235Z ##[error]cannot use "error" (untyped string constant) as zap.Field value in argument to log.Fatal (typecheck)
2026-01-29T07:22:44.4615783Z ##[error]cannot use "mode" (untyped string constant) as zap.Field value in argument to log.Info (typecheck)
2026-01-29T07:22:44.4617338Z ##[error]cannot use "error" (untyped string constant) as zap.Field value in argument to log.Fatal (typecheck)
2026-01-29T07:22:44.4618884Z ##[error]cannot use "error" (untyped string constant) as zap.Field value in argument to log.Fatal (typecheck)
2026-01-29T07:22:44.4620608Z ##[error]cannot use "error" (untyped string constant) as zap.Field value in argument to log.Fatal (typecheck)
2026-01-29T07:22:44.4622177Z ##[error]cannot use "signal" (untyped string constant) as zap.Field value in argument to log.Info (typecheck)
2026-01-29T07:22:44.4623723Z ##[error]cannot use "error" (untyped string constant) as zap.Field value in argument to log.Error (typecheck)
2026-01-29T07:22:44.4624999Z ##[error]too many arguments in call to middleware.NewService
2026-01-29T07:22:44.4625702Z 	have (nil, nil, nil)
2026-01-29T07:22:44.4625927Z 	want (*zap.Logger) (typecheck)
2026-01-29T07:22:44.4626597Z ##[error]too many arguments in call to middleware.NewService
2026-01-29T07:22:44.4627296Z 	have (nil, nil, nil)
2026-01-29T07:22:44.4627511Z 	want (*zap.Logger) (typecheck)
2026-01-29T07:22:44.4628171Z ##[error]too many arguments in call to middleware.NewService
2026-01-29T07:22:44.4628863Z 	have (nil, nil, nil)
2026-01-29T07:22:44.4629077Z 	want (*zap.Logger) (typecheck)
2026-01-29T07:22:44.4629726Z ##[error]too many arguments in call to middleware.NewService
2026-01-29T07:22:44.4630521Z 	have (nil, nil, nil)
2026-01-29T07:22:44.4630735Z 	want (*zap.Logger) (typecheck)
2026-01-29T07:22:44.4631536Z ##[error]unknown field Password in struct literal of type models.User (typecheck)
2026-01-29T07:22:44.4632867Z ##[error]unknown field Password in struct literal of type models.User (typecheck)
2026-01-29T07:22:44.4634181Z ##[error]unknown field Password in struct literal of type models.User (typecheck)
2026-01-29T07:22:44.4635498Z ##[error]unknown field Password in struct literal of type models.User (typecheck)
2026-01-29T07:22:44.4636810Z ##[error]unknown field Password in struct literal of type models.User (typecheck)
2026-01-29T07:22:44.4638227Z ##[error]db.Insert undefined (type *storage.PostgresDB has no field or method Insert) (typecheck)
2026-01-29T07:22:44.4639955Z ##[error]cannot use context.Background() (value of interface type context.Context) as string value in argument to db.Query (typecheck)
2026-01-29T07:22:44.4641676Z ##[error]db.Update undefined (type *storage.PostgresDB has no field or method Update) (typecheck)
2026-01-29T07:22:44.4667465Z ##[error]db.Delete undefined (type *storage.PostgresDB has no field or method Delete) (typecheck)
2026-01-29T07:22:44.4668741Z ##[error]too many arguments in call to cache.Set
2026-01-29T07:22:44.4669477Z 	have (context.Context, string, string, number)
2026-01-29T07:22:44.4669795Z 	want (string, string) (typecheck)
2026-01-29T07:22:44.4670574Z ##[error]too many arguments in call to cache.Set
2026-01-29T07:22:44.4671324Z 	have (context.Context, string, string, number)
2026-01-29T07:22:44.4671619Z 	want (string, string) (typecheck)
2026-01-29T07:22:44.4672383Z ##[error]too many arguments in call to cache.Get
2026-01-29T07:22:44.4673081Z 	have (context.Context, string)
2026-01-29T07:22:44.4673325Z 	want (string) (typecheck)
2026-01-29T07:22:44.4673927Z ##[error]too many arguments in call to cache.Delete
2026-01-29T07:22:44.4674617Z 	have (context.Context, string)
2026-01-29T07:22:44.4674858Z 	want (string) (typecheck)
2026-01-29T07:22:44.4676020Z ##[error]cannot use context.Background() (value of interface type context.Context) as string value in argument to storage.Upload (typecheck)
2026-01-29T07:22:44.4677907Z ##[error]cannot use context.Background() (value of interface type context.Context) as string value in argument to storage.Upload (typecheck)
2026-01-29T07:22:44.4679786Z ##[error]cannot use context.Background() (value of interface type context.Context) as string value in argument to storage.Download (typecheck)
2026-01-29T07:22:44.4681793Z ##[error]cannot use context.Background() (value of interface type context.Context) as string value in argument to storage.Delete (typecheck)
2026-01-29T07:22:44.4683541Z ##[error]db.AcquireConnection undefined (type *storage.PostgresDB has no field or method AcquireConnection) (typecheck)
2026-01-29T07:22:44.4685249Z ##[error]db.AcquireConnection undefined (type *storage.PostgresDB has no field or method AcquireConnection) (typecheck)
2026-01-29T07:22:44.4686938Z ##[error]db.ReleaseConnection undefined (type *storage.PostgresDB has no field or method ReleaseConnection) (typecheck)
2026-01-29T07:22:44.4688301Z ##[error]"streamgate/pkg/storage" imported and not used (typecheck)
2026-01-29T07:22:44.4689429Z ##[error]declared and not used: breakpointID (typecheck)
2026-01-29T07:22:44.4690571Z ##[error]undefined: ml.AlertRule (typecheck)
2026-01-29T07:22:44.4691780Z ##[error]could not import streamgate/pkg/monitoring (-: # streamgate/pkg/monitoring
2026-01-29T07:22:44.4693034Z ##[error]pkg/monitoring/grafana.go:472:3: unknown field Severity in struct literal of type AlertRule
2026-01-29T07:22:44.4694312Z ##[error]pkg/monitoring/grafana.go:473:3: unknown field Description in struct literal of type AlertRule
2026-01-29T07:22:44.4695547Z ##[error]pkg/monitoring/grafana.go:484:3: unknown field Severity in struct literal of type AlertRule
2026-01-29T07:22:44.4696755Z ##[error]pkg/monitoring/grafana.go:485:3: unknown field Description in struct literal of type AlertRule
2026-01-29T07:22:44.4697952Z ##[error]pkg/monitoring/grafana.go:496:3: unknown field Severity in struct literal of type AlertRule
2026-01-29T07:22:44.4699153Z ##[error]pkg/monitoring/grafana.go:497:3: unknown field Description in struct literal of type AlertRule
2026-01-29T07:22:44.4700523Z ##[error]pkg/monitoring/grafana.go:508:3: unknown field Severity in struct literal of type AlertRule
2026-01-29T07:22:44.4701767Z ##[error]pkg/monitoring/grafana.go:509:3: unknown field Description in struct literal of type AlertRule
2026-01-29T07:22:44.4702954Z ##[error]pkg/monitoring/grafana.go:520:3: unknown field Severity in struct literal of type AlertRule
2026-01-29T07:22:44.4704159Z ##[error]pkg/monitoring/grafana.go:521:3: unknown field Description in struct literal of type AlertRule
2026-01-29T07:22:44.4705207Z ##[error]pkg/monitoring/grafana.go:521:3: too many errors) (typecheck)
2026-01-29T07:22:44.4706434Z ##[error]TestE2E_TracingFlow redeclared in this block (typecheck)
2026-01-29T07:22:44.4707596Z ##[error]	other declaration of TestE2E_TracingFlow (typecheck)
2026-01-29T07:22:44.4708863Z ##[error]too many arguments in call to middleware.NewService
2026-01-29T07:22:44.4709597Z 	have (nil, nil, nil)
2026-01-29T07:22:44.4709822Z 	want (*zap.Logger) (typecheck)
2026-01-29T07:22:44.4710616Z ##[error]too many arguments in call to middleware.NewService
2026-01-29T07:22:44.4711318Z 	have (nil, nil, nil)
2026-01-29T07:22:44.4711527Z 	want (*zap.Logger) (typecheck)
2026-01-29T07:22:44.4712173Z ##[error]too many arguments in call to middleware.NewService
2026-01-29T07:22:44.4712859Z 	have (nil, nil, nil)
2026-01-29T07:22:44.4713213Z 	want (*zap.Logger) (typecheck)
2026-01-29T07:22:44.4713896Z ##[error]too many arguments in call to middleware.NewService
2026-01-29T07:22:44.4714604Z 	have (nil, nil, nil)
2026-01-29T07:22:44.4714828Z 	want (*zap.Logger) (typecheck)
2026-01-29T07:22:44.4715495Z ##[error]too many arguments in call to middleware.NewService
2026-01-29T07:22:44.4716188Z 	have (nil, nil, nil)
2026-01-29T07:22:44.4716400Z 	want (*zap.Logger) (typecheck)
2026-01-29T07:22:44.4717052Z ##[error]too many arguments in call to middleware.NewService
2026-01-29T07:22:44.4717742Z 	have (nil, nil, nil)
2026-01-29T07:22:44.4717950Z 	want (*zap.Logger) (typecheck)
2026-01-29T07:22:44.4718592Z ##[error]too many arguments in call to middleware.NewService
2026-01-29T07:22:44.4719277Z 	have (nil, nil, nil)
2026-01-29T07:22:44.4719485Z 	want (*zap.Logger) (typecheck)
2026-01-29T07:22:44.4720239Z ##[error]too many arguments in call to middleware.NewService
2026-01-29T07:22:44.4720936Z 	have (nil, nil, nil)
2026-01-29T07:22:44.4721139Z 	want (*zap.Logger) (typecheck)
2026-01-29T07:22:44.4721796Z ##[error]too many arguments in call to middleware.NewService
2026-01-29T07:22:44.4722477Z 	have (nil, nil, nil)
2026-01-29T07:22:44.4722678Z 	want (*zap.Logger) (typecheck)
2026-01-29T07:22:44.4723321Z ##[error]too many arguments in call to middleware.NewService
2026-01-29T07:22:44.4723990Z 	have (nil, nil, nil)
2026-01-29T07:22:44.4724198Z 	want (*zap.Logger) (typecheck)
2026-01-29T07:22:44.4724839Z ##[error]too many arguments in call to middleware.NewService
2026-01-29T07:22:44.4725516Z 	have (nil, nil, nil)
2026-01-29T07:22:44.4725722Z 	want (*zap.Logger) (typecheck)
2026-01-29T07:22:44.4726355Z ##[error]too many arguments in call to middleware.NewService
2026-01-29T07:22:44.4727030Z 	have (nil, nil, nil)
2026-01-29T07:22:44.4727239Z 	want (*zap.Logger) (typecheck)
2026-01-29T07:22:44.4728017Z ##[error]unknown field Password in struct literal of type models.User (typecheck)
2026-01-29T07:22:44.4729415Z ##[error]user.Validate undefined (type *models.User has no field or method Validate) (typecheck)
2026-01-29T07:22:44.4730985Z ##[error]user.Validate undefined (type *models.User has no field or method Validate) (typecheck)
2026-01-29T07:22:44.4732466Z ##[error]content.Validate undefined (type *models.Content has no field or method Validate) (typecheck)
2026-01-29T07:22:44.4733962Z ##[error]content.Validate undefined (type *models.Content has no field or method Validate) (typecheck)
2026-01-29T07:22:44.4735301Z ##[error]unknown field Title in struct literal of type models.NFT (typecheck)
2026-01-29T07:22:44.4736626Z ##[error]unknown field ContentID in struct literal of type models.NFT (typecheck)
2026-01-29T07:22:44.4737938Z ##[error]unknown field ContractAddr in struct literal of type models.NFT (typecheck)
2026-01-29T07:22:44.4739329Z ##[error]nft.Validate undefined (type *models.NFT has no field or method Validate) (typecheck)
2026-01-29T07:22:44.4741005Z ##[error]nft.ContractAddr undefined (type *models.NFT has no field or method ContractAddr) (typecheck)
2026-01-29T07:22:44.4742514Z ##[error]nft.Validate undefined (type *models.NFT has no field or method Validate) (typecheck)
2026-01-29T07:22:44.4743880Z ##[error]unknown field UserID in struct literal of type models.Transaction (typecheck)
2026-01-29T07:22:44.4745232Z ##[error]unknown field ContentID in struct literal of type models.Transaction (typecheck)
2026-01-29T07:22:44.4746576Z ##[error]unknown field Amount in struct literal of type models.Transaction (typecheck)
2026-01-29T07:22:44.4748255Z ##[error]transaction.Validate undefined (type *models.Transaction has no field or method Validate) (typecheck)
2026-01-29T07:22:44.4749884Z ##[error]transaction.Amount undefined (type *models.Transaction has no field or method Amount) (typecheck)
2026-01-29T07:22:44.4751633Z ##[error]transaction.Validate undefined (type *models.Transaction has no field or method Validate) (typecheck)
2026-01-29T07:22:44.4753035Z ##[error]unknown field ContentID in struct literal of type models.Task (typecheck)
2026-01-29T07:22:44.4754510Z ##[error]unknown field InputFormat in struct literal of type models.Task (typecheck)
2026-01-29T07:22:44.4755831Z ##[error]unknown field OutputFormat in struct literal of type models.Task (typecheck)
2026-01-29T07:22:44.4757215Z ##[error]task.Validate undefined (type *models.Task has no field or method Validate) (typecheck)
2026-01-29T07:22:44.4758635Z ##[error]task.Validate undefined (type *models.Task has no field or method Validate) (typecheck)
2026-01-29T07:22:44.4759990Z ##[error]unknown field Password in struct literal of type models.User (typecheck)
2026-01-29T07:22:44.4761500Z ##[error]user.ToJSON undefined (type *models.User has no field or method ToJSON) (typecheck)
2026-01-29T07:22:44.4762914Z ##[error]user2.FromJSON undefined (type *models.User has no field or method FromJSON) (typecheck)
2026-01-29T07:22:44.4764472Z ##[error]content.ApplyDefaults undefined (type *models.Content has no field or method ApplyDefaults) (typecheck)
2026-01-29T07:22:44.4765880Z ##[error]unknown field Password in struct literal of type models.User (typecheck)
2026-01-29T07:22:44.4767179Z ##[error]unknown field UserID in struct literal of type models.Content (typecheck)
2026-01-29T07:22:44.4768570Z ##[error]content.UserID undefined (type *models.Content has no field or method UserID) (typecheck)
2026-01-29T07:22:44.4770345Z ##[error]cannot use p.id (variable of type string) as *scaling.DisasterRecoveryPlan value in argument to drm.CreatePlan (typecheck)
2026-01-29T07:22:44.4772137Z ##[error]cannot use p.id (variable of type string) as *scaling.DisasterRecoveryPlan value in argument to drm.CreatePlan (typecheck)
2026-01-29T07:22:44.4773407Z ##[error]declared and not used: plan (typecheck)
2026-01-29T07:22:44.4774450Z ##[error]declared and not used: passwordHash (typecheck)
2026-01-29T07:22:44.4775668Z ##[error]unknown field UploadID in struct literal of type models.Content (typecheck)
2026-01-29T07:22:44.4776973Z ##[error]unknown field ContentID in struct literal of type models.Task (typecheck)
2026-01-29T07:22:44.4778285Z ##[error]unknown field InputFormat in struct literal of type models.Task (typecheck)
2026-01-29T07:22:44.4779598Z ##[error]unknown field OutputFormat in struct literal of type models.Task (typecheck)
2026-01-29T07:22:44.4781071Z ##[error]unknown field ContentID in struct literal of type models.Task (typecheck)
2026-01-29T07:22:44.4782379Z ##[error]unknown field InputFormat in struct literal of type models.Task (typecheck)
2026-01-29T07:22:44.4783741Z ##[error]unknown field OutputFormat in struct literal of type models.Task (typecheck)
2026-01-29T07:22:44.4785056Z ##[error]unknown field ContentID in struct literal of type models.Task (typecheck)
2026-01-29T07:22:44.4786376Z ##[error]unknown field InputFormat in struct literal of type models.Task (typecheck)
2026-01-29T07:22:44.4787695Z ##[error]unknown field OutputFormat in struct literal of type models.Task (typecheck)
2026-01-29T07:22:44.4789033Z ##[error]assignment mismatch: 1 variable but util.FileSize returns 2 values (typecheck)
2026-01-29T07:22:44.4790430Z ##[error]unknown field Title in struct literal of type models.NFT (typecheck)
2026-01-29T07:22:44.4791734Z ##[error]unknown field ContentID in struct literal of type models.NFT (typecheck)
2026-01-29T07:22:44.4793045Z ##[error]unknown field ContractAddr in struct literal of type models.NFT (typecheck)
2026-01-29T07:22:44.4794380Z ##[error]nft.Title undefined (type *models.NFT has no field or method Title) (typecheck)
2026-01-29T07:22:44.4795791Z ##[error]unknown field Title in struct literal of type models.NFT (typecheck)
2026-01-29T07:22:44.4797111Z ##[error]unknown field ContentID in struct literal of type models.NFT (typecheck)
2026-01-29T07:22:44.4798475Z ##[error]cannot use chainID (variable of type int) as int64 value in struct literal (typecheck)
2026-01-29T07:22:44.4799829Z ##[error]unknown field ContractAddr in struct literal of type models.NFT (typecheck)
2026-01-29T07:22:44.4801147Z ##[error]"database/sql" imported and not used (typecheck)
2026-01-29T07:22:44.4802205Z ##[error]"context" imported and not used (typecheck)
2026-01-29T07:22:44.4803582Z ##[error]unknown field Password in struct literal of type models.User (typecheck)
2026-01-29T07:22:44.4804893Z ##[error]unknown field Password in struct literal of type models.User (typecheck)
2026-01-29T07:22:44.4806173Z ##[error]unknown field Password in struct literal of type models.User (typecheck)
2026-01-29T07:22:44.4807453Z ##[error]unknown field Password in struct literal of type models.User (typecheck)
2026-01-29T07:22:44.4808734Z ##[error]unknown field Password in struct literal of type models.User (typecheck)
2026-01-29T07:22:44.4810009Z ##[error]unknown field Password in struct literal of type models.User (typecheck)
2026-01-29T07:22:44.4811578Z ##[error]: # streamgate/test/integration/middleware_test [streamgate/test/integration/middleware.test]
2026-01-29T07:22:44.4813105Z ##[error]test/integration/middleware/middleware_integration_test.go:18:40: too many arguments in call to middleware.NewService
2026-01-29T07:22:44.4814043Z 	have (nil, nil, nil)
2026-01-29T07:22:44.4814255Z 	want (*zap.Logger)
2026-01-29T07:22:44.4814931Z ##[error]test/integration/middleware/middleware_integration_test.go:48:40: too many arguments in call to middleware.NewService
2026-01-29T07:22:44.4815860Z 	have (nil, nil, nil)
2026-01-29T07:22:44.4816055Z 	want (*zap.Logger)
2026-01-29T07:22:44.4816703Z ##[error]test/integration/middleware/middleware_integration_test.go:74:40: too many arguments in call to middleware.NewService
2026-01-29T07:22:44.4817622Z 	have (nil, nil, nil)
2026-01-29T07:22:44.4817837Z 	want (*zap.Logger) (typecheck)
2026-01-29T07:22:44.4818628Z ##[error]: # streamgate/test/integration/ml [streamgate/test/integration/ml.test]
2026-01-29T07:22:44.4819769Z ##[error]test/integration/ml/ml_integration_test.go:187:14: undefined: ml.AlertRule (typecheck)
2026-01-29T07:22:44.4821368Z ##[error]: # streamgate/test/integration/models_test [streamgate/test/integration/models.test]
2026-01-29T07:22:44.4822748Z ##[error]test/integration/models/models_integration_test.go:25:3: unknown field Password in struct literal of type models.User
2026-01-29T07:22:44.4824299Z ##[error]test/integration/models/models_integration_test.go:29:12: db.SaveUser undefined (type *storage.Database has no field or method SaveUser)
2026-01-29T07:22:44.4825873Z ##[error]test/integration/models/models_integration_test.go:34:23: db.GetUser undefined (type *storage.Database has no field or method GetUser)
2026-01-29T07:22:44.4827489Z ##[error]test/integration/models/models_integration_test.go:57:12: db.SaveContent undefined (type *storage.Database has no field or method SaveContent)
2026-01-29T07:22:44.4829110Z ##[error]test/integration/models/models_integration_test.go:62:23: db.GetContent undefined (type *storage.Database has no field or method GetContent)
2026-01-29T07:22:44.4830683Z ##[error]test/integration/models/models_integration_test.go:77:3: unknown field Title in struct literal of type models.NFT
2026-01-29T07:22:44.4832096Z ##[error]test/integration/models/models_integration_test.go:79:3: unknown field ContentID in struct literal of type models.NFT
2026-01-29T07:22:44.4833516Z ##[error]test/integration/models/models_integration_test.go:81:3: unknown field ContractAddr in struct literal of type models.NFT
2026-01-29T07:22:44.4835012Z ##[error]test/integration/models/models_integration_test.go:86:12: db.SaveNFT undefined (type *storage.Database has no field or method SaveNFT)
2026-01-29T07:22:44.4836723Z ##[error]test/integration/models/models_integration_test.go:91:23: db.GetNFT undefined (type *storage.Database has no field or method GetNFT)
2026-01-29T07:22:44.4838047Z ##[error]test/integration/models/models_integration_test.go:91:23: too many errors (typecheck)
2026-01-29T07:22:44.4839464Z ##[error]could not import streamgate/pkg/monitoring (-: # streamgate/pkg/monitoring
2026-01-29T07:22:44.4840980Z ##[error]pkg/monitoring/grafana.go:472:3: unknown field Severity in struct literal of type AlertRule
2026-01-29T07:22:44.4842251Z ##[error]pkg/monitoring/grafana.go:473:3: unknown field Description in struct literal of type AlertRule
2026-01-29T07:22:44.4843665Z ##[error]pkg/monitoring/grafana.go:484:3: unknown field Severity in struct literal of type AlertRule
2026-01-29T07:22:44.4844912Z ##[error]pkg/monitoring/grafana.go:485:3: unknown field Description in struct literal of type AlertRule
2026-01-29T07:22:44.4846114Z ##[error]pkg/monitoring/grafana.go:496:3: unknown field Severity in struct literal of type AlertRule
2026-01-29T07:22:44.4847325Z ##[error]pkg/monitoring/grafana.go:497:3: unknown field Description in struct literal of type AlertRule
2026-01-29T07:22:44.4848575Z ##[error]pkg/monitoring/grafana.go:508:3: unknown field Severity in struct literal of type AlertRule
2026-01-29T07:22:44.4849775Z ##[error]pkg/monitoring/grafana.go:509:3: unknown field Description in struct literal of type AlertRule
2026-01-29T07:22:44.4851128Z ##[error]pkg/monitoring/grafana.go:520:3: unknown field Severity in struct literal of type AlertRule
2026-01-29T07:22:44.4852331Z ##[error]pkg/monitoring/grafana.go:521:3: unknown field Description in struct literal of type AlertRule
2026-01-29T07:22:44.4853406Z ##[error]pkg/monitoring/grafana.go:521:3: too many errors) (typecheck)
2026-01-29T07:22:44.4854746Z ##[error]unknown field ContentID in struct literal of type models.Task (typecheck)
2026-01-29T07:22:44.4856083Z ##[error]unknown field InputFormat in struct literal of type models.Task (typecheck)
2026-01-29T07:22:44.4857425Z ##[error]unknown field OutputFormat in struct literal of type models.Task (typecheck)
2026-01-29T07:22:44.4858739Z ##[error]unknown field ContentID in struct literal of type models.Task (typecheck)
2026-01-29T07:22:44.4860173Z ##[error]unknown field InputFormat in struct literal of type models.Task (typecheck)
2026-01-29T07:22:44.4861529Z ##[error]unknown field OutputFormat in struct literal of type models.Task (typecheck)
2026-01-29T07:22:44.4862839Z ##[error]unknown field ContentID in struct literal of type models.Task (typecheck)
2026-01-29T07:22:44.4864146Z ##[error]unknown field InputFormat in struct literal of type models.Task (typecheck)
2026-01-29T07:22:44.4865470Z ##[error]unknown field OutputFormat in struct literal of type models.Task (typecheck)
2026-01-29T07:22:44.4866779Z ##[error]unknown field ContentID in struct literal of type models.Task (typecheck)
2026-01-29T07:22:44.4868083Z ##[error]unknown field InputFormat in struct literal of type models.Task (typecheck)
2026-01-29T07:22:44.4869410Z ##[error]unknown field OutputFormat in struct literal of type models.Task (typecheck)
2026-01-29T07:22:44.4870836Z ##[error]unknown field ContentID in struct literal of type models.Task (typecheck)
2026-01-29T07:22:44.4872149Z ##[error]unknown field InputFormat in struct literal of type models.Task (typecheck)
2026-01-29T07:22:44.4873470Z ##[error]unknown field OutputFormat in struct literal of type models.Task (typecheck)
2026-01-29T07:22:44.4874779Z ##[error]unknown field ContentID in struct literal of type models.Task (typecheck)
2026-01-29T07:22:44.4876087Z ##[error]unknown field InputFormat in struct literal of type models.Task (typecheck)
2026-01-29T07:22:44.4877416Z ##[error]unknown field OutputFormat in struct literal of type models.Task (typecheck)
2026-01-29T07:22:44.4878723Z ##[error]unknown field ContentID in struct literal of type models.Task (typecheck)
2026-01-29T07:22:44.4880027Z ##[error]unknown field InputFormat in struct literal of type models.Task (typecheck)
2026-01-29T07:22:44.4881606Z ##[error]unknown field OutputFormat in struct literal of type models.Task (typecheck)
2026-01-29T07:22:44.4882789Z ##[error]"bytes" imported and not used (typecheck)
2026-01-29T07:22:44.4883931Z ##[error]"streamgate/pkg/models" imported and not used (typecheck)
2026-01-29T07:22:44.4885155Z ##[error]unknown field Title in struct literal of type models.NFT (typecheck)
2026-01-29T07:22:44.4886433Z ##[error]unknown field ContentID in struct literal of type models.NFT (typecheck)
2026-01-29T07:22:44.4887749Z ##[error]unknown field ContractAddr in struct literal of type models.NFT (typecheck)
2026-01-29T07:22:44.4889172Z ##[error]unknown field Title in struct literal of type models.NFT (typecheck)
2026-01-29T07:22:44.4890559Z ##[error]unknown field ContentID in struct literal of type models.NFT (typecheck)
2026-01-29T07:22:44.4891896Z ##[error]unknown field ContractAddr in struct literal of type models.NFT (typecheck)
2026-01-29T07:22:44.4893239Z ##[error]nft.Title undefined (type *models.NFT has no field or method Title) (typecheck)
2026-01-29T07:22:44.4894385Z ##[error]too many arguments in call to cache.Set
2026-01-29T07:22:44.4895089Z 	have (context.Context, string, string, number)
2026-01-29T07:22:44.4895389Z 	want (string, string) (typecheck)
2026-01-29T07:22:44.4896029Z ##[error]too many arguments in call to cache.Get
2026-01-29T07:22:44.4896705Z 	have (context.Context, string)
2026-01-29T07:22:44.4896948Z 	want (string) (typecheck)
2026-01-29T07:22:44.4897523Z ##[error]too many arguments in call to cache.Set
2026-01-29T07:22:44.4898219Z 	have (context.Context, string, string, number)
2026-01-29T07:22:44.4898508Z 	want (string, string) (typecheck)
2026-01-29T07:22:44.4899102Z ##[error]too many arguments in call to cache.Set
2026-01-29T07:22:44.4899789Z 	have (context.Context, string, string, number)
2026-01-29T07:22:44.4900166Z 	want (string, string) (typecheck)
2026-01-29T07:22:44.4900764Z ##[error]too many arguments in call to cache.Set
2026-01-29T07:22:44.4901457Z 	have (context.Context, string, string, number)
2026-01-29T07:22:44.4901738Z 	want (string, string) (typecheck)
2026-01-29T07:22:44.4902331Z ##[error]too many arguments in call to cache.Get
2026-01-29T07:22:44.4902984Z 	have (context.Context, string)
2026-01-29T07:22:44.4903223Z 	want (string) (typecheck)
2026-01-29T07:22:44.4903793Z ##[error]too many arguments in call to cache.Set
2026-01-29T07:22:44.4904481Z 	have (context.Context, string, string, number)
2026-01-29T07:22:44.4904764Z 	want (string, string) (typecheck)
2026-01-29T07:22:44.4905798Z ##[error]cache.GetMemoryUsage undefined (type *storage.RedisCache has no field or method GetMemoryUsage) (typecheck)
2026-01-29T07:22:44.4907256Z ##[error]unknown field Password in struct literal of type models.User (typecheck)
2026-01-29T07:22:44.4908369Z ##[error]too many arguments in call to cache.Set
2026-01-29T07:22:44.4909045Z 	have (context.Context, string, string, number)
2026-01-29T07:22:44.4909331Z 	want (string, string) (typecheck)
2026-01-29T07:22:44.4909918Z ##[error]too many arguments in call to cache.Get
2026-01-29T07:22:44.4910685Z 	have (context.Context, string)
2026-01-29T07:22:44.4910922Z 	want (string) (typecheck)
2026-01-29T07:22:44.4911694Z ##[error]unknown field Password in struct literal of type models.User (typecheck)
2026-01-29T07:22:44.4913113Z ##[error]db.SaveUser undefined (type *storage.Database has no field or method SaveUser) (typecheck)
2026-01-29T07:22:44.4914479Z ##[error]unknown field Password in struct literal of type models.User (typecheck)
2026-01-29T07:22:44.4915769Z ##[error]unknown field Password in struct literal of type models.User (typecheck)
2026-01-29T07:22:44.4917173Z ##[error]db.SaveUser undefined (type *storage.Database has no field or method SaveUser) (typecheck)
2026-01-29T07:22:44.4918527Z ##[error]unknown field Password in struct literal of type models.User (typecheck)
2026-01-29T07:22:44.4919922Z ##[error]db.SaveUser undefined (type *storage.Database has no field or method SaveUser) (typecheck)
2026-01-29T07:22:44.4921978Z ##[error]cannot use context.Background() (value of interface type context.Context) as string value in argument to db.Query (typecheck)
2026-01-29T07:22:44.4923720Z ##[error]db.BeginTransaction undefined (type *storage.Database has no field or method BeginTransaction) (typecheck)
2026-01-29T07:22:44.4925140Z ##[error]unknown field Password in struct literal of type models.User (typecheck)
2026-01-29T07:22:44.4926427Z ##[error]unknown field Password in struct literal of type models.User (typecheck)
2026-01-29T07:22:44.4927861Z ##[error]db.BulkInsert undefined (type *storage.Database has no field or method BulkInsert) (typecheck)
2026-01-29T07:22:44.4929405Z ##[error]could not import streamgate/pkg/monitoring (-: # streamgate/pkg/monitoring
2026-01-29T07:22:44.4930724Z ##[error]pkg/monitoring/grafana.go:472:3: unknown field Severity in struct literal of type AlertRule
2026-01-29T07:22:44.4931964Z ##[error]pkg/monitoring/grafana.go:473:3: unknown field Description in struct literal of type AlertRule
2026-01-29T07:22:44.4933180Z ##[error]pkg/monitoring/grafana.go:484:3: unknown field Severity in struct literal of type AlertRule
2026-01-29T07:22:44.4934393Z ##[error]pkg/monitoring/grafana.go:485:3: unknown field Description in struct literal of type AlertRule
2026-01-29T07:22:44.4935585Z ##[error]pkg/monitoring/grafana.go:496:3: unknown field Severity in struct literal of type AlertRule
2026-01-29T07:22:44.4936789Z ##[error]pkg/monitoring/grafana.go:497:3: unknown field Description in struct literal of type AlertRule
2026-01-29T07:22:44.4937977Z ##[error]pkg/monitoring/grafana.go:508:3: unknown field Severity in struct literal of type AlertRule
2026-01-29T07:22:44.4939179Z ##[error]pkg/monitoring/grafana.go:509:3: unknown field Description in struct literal of type AlertRule
2026-01-29T07:22:44.4940467Z ##[error]pkg/monitoring/grafana.go:520:3: unknown field Severity in struct literal of type AlertRule
2026-01-29T07:22:44.4941713Z ##[error]pkg/monitoring/grafana.go:521:3: unknown field Description in struct literal of type AlertRule
2026-01-29T07:22:44.4942771Z ##[error]pkg/monitoring/grafana.go:521:3: too many errors) (typecheck)
2026-01-29T07:22:44.4944298Z ##[error]could not import streamgate/pkg/optimization (-: # streamgate/pkg/optimization
2026-01-29T07:22:44.4945499Z ##[error]pkg/optimization/caching.go:110:3: unknown field ID in struct literal of type CacheEntry
2026-01-29T07:22:44.4946672Z ##[error]pkg/optimization/caching.go:113:3: unknown field TTL in struct literal of type CacheEntry
2026-01-29T07:22:44.4947861Z ##[error]pkg/optimization/caching.go:116:3: unknown field Level in struct literal of type CacheEntry
2026-01-29T07:22:44.4949248Z ##[error]pkg/optimization/caching.go:155:10: entry.HitCount undefined (type *CacheEntry has no field or method HitCount)
2026-01-29T07:22:44.4950783Z ##[error]pkg/optimization/caching.go:167:10: entry.HitCount undefined (type *CacheEntry has no field or method HitCount)
2026-01-29T07:22:44.4952202Z ##[error]pkg/optimization/caching.go:181:10: entry.HitCount undefined (type *CacheEntry has no field or method HitCount)
2026-01-29T07:22:44.4953579Z ##[error]pkg/optimization/caching.go:238:31: entry.HitCount undefined (type *CacheEntry has no field or method HitCount)
2026-01-29T07:22:44.4954986Z ##[error]pkg/optimization/caching.go:238:51: lruEntry.HitCount undefined (type *CacheEntry has no field or method HitCount)
2026-01-29T07:22:44.4956374Z ##[error]pkg/optimization/caching.go:264:31: entry.HitCount undefined (type *CacheEntry has no field or method HitCount)
2026-01-29T07:22:44.4957768Z ##[error]pkg/optimization/caching.go:264:51: lruEntry.HitCount undefined (type *CacheEntry has no field or method HitCount)
2026-01-29T07:22:44.4958910Z ##[error]pkg/optimization/caching.go:264:51: too many errors) (typecheck)
2026-01-29T07:22:44.4960274Z ##[error]: # streamgate/test/security [streamgate/test/security.test]
2026-01-29T07:22:44.4961784Z ##[error]test/security/security_audit_test.go:52:13: cannot use util.ValidateEmail(tt.input) (value of interface type error) as bool value in assignment
2026-01-29T07:22:44.4963710Z ##[error]test/security/security_audit_test.go:54:13: cannot use util.ValidateEthereumAddress(tt.input) (value of interface type error) as bool value in assignment
2026-01-29T07:22:44.4965451Z ##[error]test/security/security_audit_test.go:56:13: cannot use util.ValidateHash(tt.input) (value of interface type error) as bool value in assignment
2026-01-29T07:22:44.4966730Z ##[error]test/security/security_audit_test.go:68:22: undefined: security.NewRateLimiter
2026-01-29T07:22:44.4967810Z ##[error]test/security/security_audit_test.go:85:21: undefined: security.NewAuditLogger
2026-01-29T07:22:44.4969362Z ##[error]test/security/security_audit_test.go:114:28: cannot use tt.input (variable of type string) as []byte value in argument to util.HashSHA256
2026-01-29T07:22:44.4971053Z ##[error]test/security/security_audit_test.go:127:13: assignment mismatch: 1 variable but util.GenerateRandomString returns 2 values
2026-01-29T07:22:44.4972314Z ##[error]test/security/security_audit_test.go:140:20: undefined: security.NewSecureCache
2026-01-29T07:22:44.4973426Z ##[error]test/security/security_audit_test.go:167:18: undefined: security.NewSecurityError
2026-01-29T07:22:44.4974835Z ##[error]test/security/security_audit_test.go:179:25: undefined: security.GetCORSConfig
2026-01-29T07:22:44.4975904Z ##[error]test/security/security_audit_test.go:179:25: too many errors (typecheck)
2026-01-29T07:22:44.4977298Z ##[error]: # streamgate/test/unit/middleware_test [streamgate/test/unit/middleware.test]
2026-01-29T07:22:44.4978537Z ##[error]test/unit/middleware/auth_test.go:19:40: too many arguments in call to middleware.NewService
2026-01-29T07:22:44.4979371Z 	have (nil, nil, nil)
2026-01-29T07:22:44.4979577Z 	want (*zap.Logger)
2026-01-29T07:22:44.4980263Z ##[error]test/unit/middleware/auth_test.go:43:40: too many arguments in call to middleware.NewService
2026-01-29T07:22:44.4981101Z 	have (nil, nil, nil)
2026-01-29T07:22:44.4981303Z 	want (*zap.Logger)
2026-01-29T07:22:44.4981861Z ##[error]test/unit/middleware/auth_test.go:65:40: too many arguments in call to middleware.NewService
2026-01-29T07:22:44.4982689Z 	have (nil, nil, nil)
2026-01-29T07:22:44.4982883Z 	want (*zap.Logger)
2026-01-29T07:22:44.4983424Z ##[error]test/unit/middleware/cors_test.go:18:40: too many arguments in call to middleware.NewService
2026-01-29T07:22:44.4984232Z 	have (nil, nil, nil)
2026-01-29T07:22:44.4984422Z 	want (*zap.Logger)
2026-01-29T07:22:44.4984958Z ##[error]test/unit/middleware/cors_test.go:41:40: too many arguments in call to middleware.NewService
2026-01-29T07:22:44.4985772Z 	have (nil, nil, nil)
2026-01-29T07:22:44.4985966Z 	want (*zap.Logger)
2026-01-29T07:22:44.4986522Z ##[error]test/unit/middleware/logging_test.go:18:40: too many arguments in call to middleware.NewService
2026-01-29T07:22:44.4987346Z 	have (nil, nil, nil)
2026-01-29T07:22:44.4987540Z 	want (*zap.Logger)
2026-01-29T07:22:44.4988091Z ##[error]test/unit/middleware/logging_test.go:40:40: too many arguments in call to middleware.NewService
2026-01-29T07:22:44.4988911Z 	have (nil, nil, nil)
2026-01-29T07:22:44.4989098Z 	want (*zap.Logger)
2026-01-29T07:22:44.4989664Z ##[error]test/unit/middleware/ratelimit_test.go:18:40: too many arguments in call to middleware.NewService
2026-01-29T07:22:44.4990628Z 	have (nil, nil, nil)
2026-01-29T07:22:44.4990823Z 	want (*zap.Logger)
2026-01-29T07:22:44.4991401Z ##[error]test/unit/middleware/ratelimit_test.go:41:40: too many arguments in call to middleware.NewService
2026-01-29T07:22:44.4992239Z 	have (nil, nil, nil)
2026-01-29T07:22:44.4992446Z 	want (*zap.Logger) (typecheck)
2026-01-29T07:22:44.4993249Z ##[error]: # streamgate/test/unit/models_test [streamgate/test/unit/models.test]
2026-01-29T07:22:44.4994468Z ##[error]test/unit/models/content_test.go:16:3: unknown field Size in struct literal of type models.Content
2026-01-29T07:22:44.4995898Z ##[error]test/unit/models/content_test.go:24:49: content.Size undefined (type *models.Content has no field or method Size) (typecheck)
2026-01-29T07:22:44.5028926Z ##[error]could not import streamgate/pkg/monitoring (-: # streamgate/pkg/monitoring
2026-01-29T07:22:44.5030958Z ##[error]pkg/monitoring/grafana.go:472:3: unknown field Severity in struct literal of type AlertRule
2026-01-29T07:22:44.5032409Z ##[error]pkg/monitoring/grafana.go:473:3: unknown field Description in struct literal of type AlertRule
2026-01-29T07:22:44.5033757Z ##[error]pkg/monitoring/grafana.go:484:3: unknown field Severity in struct literal of type AlertRule
2026-01-29T07:22:44.5035055Z ##[error]pkg/monitoring/grafana.go:485:3: unknown field Description in struct literal of type AlertRule
2026-01-29T07:22:44.5036305Z ##[error]pkg/monitoring/grafana.go:496:3: unknown field Severity in struct literal of type AlertRule
2026-01-29T07:22:44.5037703Z ##[error]pkg/monitoring/grafana.go:497:3: unknown field Description in struct literal of type AlertRule
2026-01-29T07:22:44.5038913Z ##[error]pkg/monitoring/grafana.go:508:3: unknown field Severity in struct literal of type AlertRule
2026-01-29T07:22:44.5040412Z ##[error]pkg/monitoring/grafana.go:509:3: unknown field Description in struct literal of type AlertRule
2026-01-29T07:22:44.5041737Z ##[error]pkg/monitoring/grafana.go:520:3: unknown field Severity in struct literal of type AlertRule
2026-01-29T07:22:44.5043206Z ##[error]pkg/monitoring/grafana.go:521:3: unknown field Description in struct literal of type AlertRule
2026-01-29T07:22:44.5044380Z ##[error]pkg/monitoring/grafana.go:521:3: too many errors) (typecheck)
2026-01-29T07:22:44.5045747Z ##[error]: # streamgate/test/unit/storage_test [streamgate/test/unit/storage.test]
2026-01-29T07:22:44.5047034Z ##[error]test/unit/storage/postgres_test.go:6:2: "streamgate/pkg/storage" imported and not used (typecheck)
2026-01-29T07:22:44.5048460Z ##[error]: # streamgate/test/unit/util_test [streamgate/test/unit/util.test]
2026-01-29T07:22:44.5050476Z ##[error]test/unit/util/crypto_test.go:28:8: cannot use util.VerifyPassword(hash, password) (value of type bool) as error value in assignment: bool does not implement error (missing method Error)
2026-01-29T07:22:44.5055872Z ##[error]test/unit/util/crypto_test.go:32:8: cannot use util.VerifyPassword(hash, "wrongpassword") (value of type bool) as error value in assignment: bool does not implement error (missing method Error)
2026-01-29T07:22:44.5058451Z ##[error]test/unit/util/crypto_test.go:72:34: cannot use plaintext (variable of type string) as []byte value in argument to util.Encrypt
2026-01-29T07:22:44.5059991Z ##[error]test/unit/util/crypto_test.go:72:45: cannot use key (variable of type string) as []byte value in argument to util.Encrypt
2026-01-29T07:22:44.5082525Z ##[error]test/unit/util/crypto_test.go:77:45: cannot use key (variable of type string) as []byte value in argument to util.Decrypt
2026-01-29T07:22:44.5084105Z ##[error]test/unit/util/crypto_test.go:88:34: cannot use plaintext (variable of type string) as []byte value in argument to util.Encrypt
2026-01-29T07:22:44.5085582Z ##[error]test/unit/util/crypto_test.go:88:45: cannot use key1 (variable of type string) as []byte value in argument to util.Encrypt
2026-01-29T07:22:44.5087110Z ##[error]test/unit/util/crypto_test.go:92:36: cannot use key2 (variable of type string) as []byte value in argument to util.Decrypt (typecheck)
2026-01-29T07:22:44.5088653Z ##[error]could not import streamgate/pkg/web3 (-: # streamgate/pkg/web3
2026-01-29T07:22:44.5090009Z ##[error]pkg/web3/nft.go:31:45: cannot use "contract" (untyped string constant) as zap.Field value in argument to nv.logger.Debug
2026-01-29T07:22:44.5091902Z ##[error]pkg/web3/nft.go:31:57: cannot use contractAddress (variable of type string) as zap.Field value in argument to nv.logger.Debug
2026-01-29T07:22:44.5093450Z ##[error]pkg/web3/nft.go:31:74: cannot use "token_id" (untyped string constant) as zap.Field value in argument to nv.logger.Debug
2026-01-29T07:22:44.5094911Z ##[error]pkg/web3/nft.go:31:86: cannot use tokenID (variable of type string) as zap.Field value in argument to nv.logger.Debug
2026-01-29T07:22:44.5096350Z ##[error]pkg/web3/nft.go:31:95: cannot use "owner" (untyped string constant) as zap.Field value in argument to nv.logger.Debug
2026-01-29T07:22:44.5098053Z ##[error]pkg/web3/nft.go:31:104: cannot use ownerAddress (variable of type string) as zap.Field value in argument to nv.logger.Debug
2026-01-29T07:22:44.5100883Z ##[error]pkg/web3/nft.go:58:45: cannot use struct{To *common.Address; Data []byte}{…} (value of type struct{To *"github.com/ethereum/go-ethereum/common".Address; Data []byte}) as ethereum.CallMsg value in argument to nv.client.CallContract
2026-01-29T07:22:44.5102854Z ##[error]pkg/web3/nft.go:81:44: cannot use "contract" (untyped string constant) as zap.Field value in argument to nv.logger.Debug
2026-01-29T07:22:44.5104614Z ##[error]pkg/web3/nft.go:81:56: cannot use contractAddress (variable of type string) as zap.Field value in argument to nv.logger.Debug
2026-01-29T07:22:44.5106118Z ##[error]pkg/web3/nft.go:81:73: cannot use "token_id" (untyped string constant) as zap.Field value in argument to nv.logger.Debug
2026-01-29T07:22:44.5107234Z ##[error]pkg/web3/nft.go:81:73: too many errors) (typecheck)
2026-01-29T07:22:44.5107843Z 
2026-01-29T07:22:44.5108262Z level=warning msg="[config_reader] The output format `github-actions` is deprecated, please use `colored-line-number`"
2026-01-29T07:22:44.5108704Z 
2026-01-29T07:22:44.5109126Z ##[error]issues found
2026-01-29T07:22:44.5109741Z Ran golangci-lint in 107390ms
2026-01-29T07:22:44.5110282Z ##[endgroup]
2026-01-29T07:22:44.5180688Z Post job cleanup.
2026-01-29T07:22:44.6513891Z Post job cleanup.
2026-01-29T07:22:44.7505770Z [command]/usr/bin/git version
2026-01-29T07:22:44.7559877Z git version 2.52.0
2026-01-29T07:22:44.7621734Z Temporarily overriding HOME='/home/runner/work/_temp/c250e951-f887-4dbe-b5e5-e51356e4dfa1' before making global git config changes
2026-01-29T07:22:44.7623160Z Adding repository directory to the temporary git global config as a safe directory
2026-01-29T07:22:44.7639439Z [command]/usr/bin/git config --global --add safe.directory /home/runner/work/streamgate/streamgate
2026-01-29T07:22:44.7685908Z [command]/usr/bin/git config --local --name-only --get-regexp core\.sshCommand
2026-01-29T07:22:44.7730907Z [command]/usr/bin/git submodule foreach --recursive sh -c "git config --local --name-only --get-regexp 'core\.sshCommand' && git config --local --unset-all 'core.sshCommand' || :"
2026-01-29T07:22:44.7993125Z [command]/usr/bin/git config --local --name-only --get-regexp http\.https\:\/\/github\.com\/\.extraheader
2026-01-29T07:22:44.8018771Z http.https://github.com/.extraheader
2026-01-29T07:22:44.8034506Z [command]/usr/bin/git config --local --unset-all http.https://github.com/.extraheader
2026-01-29T07:22:44.8077521Z [command]/usr/bin/git submodule foreach --recursive sh -c "git config --local --name-only --get-regexp 'http\.https\:\/\/github\.com\/\.extraheader' && git config --local --unset-all 'http.https://github.com/.extraheader' || :"
2026-01-29T07:22:44.8327079Z [command]/usr/bin/git config --local --name-only --get-regexp ^includeIf\.gitdir:
2026-01-29T07:22:44.8362392Z [command]/usr/bin/git submodule foreach --recursive git config --local --show-origin --name-only --get-regexp remote.origin.url
2026-01-29T07:22:44.8715444Z Cleaning up orphan processes