2026-01-29T07:54:06.2293130Z Current runner version: '2.331.0'
2026-01-29T07:54:06.2316332Z ##[group]Runner Image Provisioner
2026-01-29T07:54:06.2317232Z Hosted Compute Agent
2026-01-29T07:54:06.2317730Z Version: 20260115.477
2026-01-29T07:54:06.2318416Z Commit: 4b342d620503cbe250a3154040964899ea7c9b00
2026-01-29T07:54:06.2319073Z Build Date: 2026-01-15T22:32:41Z
2026-01-29T07:54:06.2320040Z Worker ID: {e1cc7cd7-cf1b-45b9-9031-2b57cd2aa3f5}
2026-01-29T07:54:06.2320817Z Azure Region: westus
2026-01-29T07:54:06.2321341Z ##[endgroup]
2026-01-29T07:54:06.2322708Z ##[group]Operating System
2026-01-29T07:54:06.2323381Z Ubuntu
2026-01-29T07:54:06.2323834Z 24.04.3
2026-01-29T07:54:06.2324243Z LTS
2026-01-29T07:54:06.2324788Z ##[endgroup]
2026-01-29T07:54:06.2325246Z ##[group]Runner Image
2026-01-29T07:54:06.2325762Z Image: ubuntu-24.04
2026-01-29T07:54:06.2326252Z Version: 20260119.4.1
2026-01-29T07:54:06.2327424Z Included Software: https://github.com/actions/runner-images/blob/ubuntu24/20260119.4/images/ubuntu/Ubuntu2404-Readme.md
2026-01-29T07:54:06.2328941Z Image Release: https://github.com/actions/runner-images/releases/tag/ubuntu24%2F20260119.4
2026-01-29T07:54:06.2330145Z ##[endgroup]
2026-01-29T07:54:06.2331135Z ##[group]GITHUB_TOKEN Permissions
2026-01-29T07:54:06.2332972Z Contents: read
2026-01-29T07:54:06.2333521Z Metadata: read
2026-01-29T07:54:06.2333967Z Packages: read
2026-01-29T07:54:06.2334597Z ##[endgroup]
2026-01-29T07:54:06.2336633Z Secret source: Actions
2026-01-29T07:54:06.2337284Z Prepare workflow directory
2026-01-29T07:54:06.2723888Z Prepare all required actions
2026-01-29T07:54:06.2760829Z Getting action download info
2026-01-29T07:54:06.7452785Z Download action repository 'actions/checkout@v4' (SHA:34e114876b0b11c390a56381ad16ebd13914f8d5)
2026-01-29T07:54:06.8845120Z Download action repository 'actions/setup-go@v4' (SHA:7b8cf10d4e4a01d4992d18a89f4d7dc5a3e6d6f4)
2026-01-29T07:54:07.4558039Z Download action repository 'golangci/golangci-lint-action@v3' (SHA:3a919529898de77ec3da873e3063ca4b10e7f5cc)
2026-01-29T07:54:08.1982652Z Complete job name: Lint & Format Check
2026-01-29T07:54:08.2805149Z ##[group]Run actions/checkout@v4
2026-01-29T07:54:08.2806439Z with:
2026-01-29T07:54:08.2807193Z   repository: rtcdance/streamgate
2026-01-29T07:54:08.2808427Z   token: ***
2026-01-29T07:54:08.2809161Z   ssh-strict: true
2026-01-29T07:54:08.2810084Z   ssh-user: git
2026-01-29T07:54:08.2810890Z   persist-credentials: true
2026-01-29T07:54:08.2811779Z   clean: true
2026-01-29T07:54:08.2812577Z   sparse-checkout-cone-mode: true
2026-01-29T07:54:08.2813532Z   fetch-depth: 1
2026-01-29T07:54:08.2814292Z   fetch-tags: false
2026-01-29T07:54:08.2815092Z   show-progress: true
2026-01-29T07:54:08.2815909Z   lfs: false
2026-01-29T07:54:08.2816650Z   submodules: false
2026-01-29T07:54:08.2817474Z   set-safe-directory: true
2026-01-29T07:54:08.2818610Z env:
2026-01-29T07:54:08.2819318Z   GO_VERSION: 1.24
2026-01-29T07:54:08.2820563Z   GOPROXY: https://goproxy.io,direct
2026-01-29T07:54:08.2821605Z   GOTOOLCHAIN: auto
2026-01-29T07:54:08.2822404Z ##[endgroup]
2026-01-29T07:54:08.3887929Z Syncing repository: rtcdance/streamgate
2026-01-29T07:54:08.3890903Z ##[group]Getting Git version info
2026-01-29T07:54:08.3892288Z Working directory is '/home/runner/work/streamgate/streamgate'
2026-01-29T07:54:08.3894239Z [command]/usr/bin/git version
2026-01-29T07:54:08.3964102Z git version 2.52.0
2026-01-29T07:54:08.3990126Z ##[endgroup]
2026-01-29T07:54:08.4003957Z Temporarily overriding HOME='/home/runner/work/_temp/da7d36c6-0740-44a8-ad0f-552ccfa1d3e2' before making global git config changes
2026-01-29T07:54:08.4006786Z Adding repository directory to the temporary git global config as a safe directory
2026-01-29T07:54:08.4009842Z [command]/usr/bin/git config --global --add safe.directory /home/runner/work/streamgate/streamgate
2026-01-29T07:54:08.4046501Z Deleting the contents of '/home/runner/work/streamgate/streamgate'
2026-01-29T07:54:08.4050161Z ##[group]Initializing the repository
2026-01-29T07:54:08.4054114Z [command]/usr/bin/git init /home/runner/work/streamgate/streamgate
2026-01-29T07:54:08.4154838Z hint: Using 'master' as the name for the initial branch. This default branch name
2026-01-29T07:54:08.4156833Z hint: will change to "main" in Git 3.0. To configure the initial branch name
2026-01-29T07:54:08.4159125Z hint: to use in all of your new repositories, which will suppress this warning,
2026-01-29T07:54:08.4160870Z hint: call:
2026-01-29T07:54:08.4161592Z hint:
2026-01-29T07:54:08.4162567Z hint: 	git config --global init.defaultBranch <name>
2026-01-29T07:54:08.4164188Z hint:
2026-01-29T07:54:08.4165288Z hint: Names commonly chosen instead of 'master' are 'main', 'trunk' and
2026-01-29T07:54:08.4167103Z hint: 'development'. The just-created branch can be renamed via this command:
2026-01-29T07:54:08.4168924Z hint:
2026-01-29T07:54:08.4169895Z hint: 	git branch -m <name>
2026-01-29T07:54:08.4170842Z hint:
2026-01-29T07:54:08.4172026Z hint: Disable this message with "git config set advice.defaultBranchName false"
2026-01-29T07:54:08.4174110Z Initialized empty Git repository in /home/runner/work/streamgate/streamgate/.git/
2026-01-29T07:54:08.4177211Z [command]/usr/bin/git remote add origin https://github.com/rtcdance/streamgate
2026-01-29T07:54:08.4204650Z ##[endgroup]
2026-01-29T07:54:08.4206109Z ##[group]Disabling automatic garbage collection
2026-01-29T07:54:08.4207765Z [command]/usr/bin/git config --local gc.auto 0
2026-01-29T07:54:08.4236373Z ##[endgroup]
2026-01-29T07:54:08.4237657Z ##[group]Setting up auth
2026-01-29T07:54:08.4242392Z [command]/usr/bin/git config --local --name-only --get-regexp core\.sshCommand
2026-01-29T07:54:08.4272769Z [command]/usr/bin/git submodule foreach --recursive sh -c "git config --local --name-only --get-regexp 'core\.sshCommand' && git config --local --unset-all 'core.sshCommand' || :"
2026-01-29T07:54:08.4604797Z [command]/usr/bin/git config --local --name-only --get-regexp http\.https\:\/\/github\.com\/\.extraheader
2026-01-29T07:54:08.4633551Z [command]/usr/bin/git submodule foreach --recursive sh -c "git config --local --name-only --get-regexp 'http\.https\:\/\/github\.com\/\.extraheader' && git config --local --unset-all 'http.https://github.com/.extraheader' || :"
2026-01-29T07:54:08.4847410Z [command]/usr/bin/git config --local --name-only --get-regexp ^includeIf\.gitdir:
2026-01-29T07:54:08.4876514Z [command]/usr/bin/git submodule foreach --recursive git config --local --show-origin --name-only --get-regexp remote.origin.url
2026-01-29T07:54:08.5106368Z [command]/usr/bin/git config --local http.https://github.com/.extraheader AUTHORIZATION: basic ***
2026-01-29T07:54:08.5139594Z ##[endgroup]
2026-01-29T07:54:08.5141678Z ##[group]Fetching the repository
2026-01-29T07:54:08.5149637Z [command]/usr/bin/git -c protocol.version=2 fetch --no-tags --prune --no-recurse-submodules --depth=1 origin +2d4b7248f1ed8291d8aa903c02ba58bcb6622937:refs/remotes/origin/master
2026-01-29T07:54:09.0533585Z From https://github.com/rtcdance/streamgate
2026-01-29T07:54:09.0534668Z  * [new ref]         2d4b7248f1ed8291d8aa903c02ba58bcb6622937 -> origin/master
2026-01-29T07:54:09.0565252Z ##[endgroup]
2026-01-29T07:54:09.0565680Z ##[group]Determining the checkout info
2026-01-29T07:54:09.0568079Z ##[endgroup]
2026-01-29T07:54:09.0573591Z [command]/usr/bin/git sparse-checkout disable
2026-01-29T07:54:09.0669216Z [command]/usr/bin/git config --local --unset-all extensions.worktreeConfig
2026-01-29T07:54:09.0696563Z ##[group]Checking out the ref
2026-01-29T07:54:09.0701183Z [command]/usr/bin/git checkout --progress --force -B master refs/remotes/origin/master
2026-01-29T07:54:09.1118153Z Reset branch 'master'
2026-01-29T07:54:09.1120185Z branch 'master' set up to track 'origin/master'.
2026-01-29T07:54:09.1127394Z ##[endgroup]
2026-01-29T07:54:09.1165662Z [command]/usr/bin/git log -1 --format=%H
2026-01-29T07:54:09.1187284Z 2d4b7248f1ed8291d8aa903c02ba58bcb6622937
2026-01-29T07:54:09.1401227Z ##[group]Run actions/setup-go@v4
2026-01-29T07:54:09.1401496Z with:
2026-01-29T07:54:09.1401675Z   go-version: 1.24
2026-01-29T07:54:09.1401865Z   check-latest: false
2026-01-29T07:54:09.1402393Z   token: ***
2026-01-29T07:54:09.1402565Z   cache: true
2026-01-29T07:54:09.1402733Z env:
2026-01-29T07:54:09.1402897Z   GO_VERSION: 1.24
2026-01-29T07:54:09.1403110Z   GOPROXY: https://goproxy.io,direct
2026-01-29T07:54:09.1403378Z   GOTOOLCHAIN: auto
2026-01-29T07:54:09.1403562Z ##[endgroup]
2026-01-29T07:54:09.2972311Z Setup go version spec 1.24
2026-01-29T07:54:09.3393047Z Found in cache @ /opt/hostedtoolcache/go/1.24.12/x64
2026-01-29T07:54:09.3397063Z Added go to the path
2026-01-29T07:54:09.3401204Z Successfully set up Go version 1.24
2026-01-29T07:54:09.8943391Z [command]/opt/hostedtoolcache/go/1.24.12/x64/bin/go env GOMODCACHE
2026-01-29T07:54:09.8975403Z [command]/opt/hostedtoolcache/go/1.24.12/x64/bin/go env GOCACHE
2026-01-29T07:54:09.8997153Z /home/runner/go/pkg/mod
2026-01-29T07:54:09.9022327Z /home/runner/.cache/go-build
2026-01-29T07:54:10.2064729Z Cache is not found
2026-01-29T07:54:10.2085230Z go version go1.24.12 linux/amd64
2026-01-29T07:54:10.2085488Z 
2026-01-29T07:54:10.2085844Z ##[group]go env
2026-01-29T07:54:10.7863369Z AR='ar'
2026-01-29T07:54:10.7863864Z CC='gcc'
2026-01-29T07:54:10.7864176Z CGO_CFLAGS='-O2 -g'
2026-01-29T07:54:10.7864544Z CGO_CPPFLAGS=''
2026-01-29T07:54:10.7864866Z CGO_CXXFLAGS='-O2 -g'
2026-01-29T07:54:10.7865370Z CGO_ENABLED='1'
2026-01-29T07:54:10.7865709Z CGO_FFLAGS='-O2 -g'
2026-01-29T07:54:10.7866088Z CGO_LDFLAGS='-O2 -g'
2026-01-29T07:54:10.7866462Z CXX='g++'
2026-01-29T07:54:10.7866832Z GCCGO='gccgo'
2026-01-29T07:54:10.7867231Z GO111MODULE=''
2026-01-29T07:54:10.7867651Z GOAMD64='v1'
2026-01-29T07:54:10.7868055Z GOARCH='amd64'
2026-01-29T07:54:10.7868474Z GOAUTH='netrc'
2026-01-29T07:54:10.7868833Z GOBIN=''
2026-01-29T07:54:10.7869208Z GOCACHE='/home/runner/.cache/go-build'
2026-01-29T07:54:10.7870012Z GOCACHEPROG=''
2026-01-29T07:54:10.7870442Z GODEBUG=''
2026-01-29T07:54:10.7870898Z GOENV='/home/runner/.config/go/env'
2026-01-29T07:54:10.7871451Z GOEXE=''
2026-01-29T07:54:10.7871847Z GOEXPERIMENT=''
2026-01-29T07:54:10.7872328Z GOFIPS140='off'
2026-01-29T07:54:10.7872680Z GOFLAGS=''
2026-01-29T07:54:10.7874018Z GOGCCFLAGS='-fPIC -m64 -pthread -Wl,--no-gc-sections -fmessage-length=0 -ffile-prefix-map=/tmp/go-build2855464381=/tmp/go-build -gno-record-gcc-switches'
2026-01-29T07:54:10.7875299Z GOHOSTARCH='amd64'
2026-01-29T07:54:10.7875697Z GOHOSTOS='linux'
2026-01-29T07:54:10.7876063Z GOINSECURE=''
2026-01-29T07:54:10.7876566Z GOMOD='/home/runner/work/streamgate/streamgate/go.mod'
2026-01-29T07:54:10.7877155Z GOMODCACHE='/home/runner/go/pkg/mod'
2026-01-29T07:54:10.7877628Z GONOPROXY=''
2026-01-29T07:54:10.7877972Z GONOSUMDB=''
2026-01-29T07:54:10.7878294Z GOOS='linux'
2026-01-29T07:54:10.7878650Z GOPATH='/home/runner/go'
2026-01-29T07:54:10.7879042Z GOPRIVATE=''
2026-01-29T07:54:10.7879652Z GOPROXY='https://goproxy.io,direct'
2026-01-29T07:54:10.7880196Z GOROOT='/opt/hostedtoolcache/go/1.24.12/x64'
2026-01-29T07:54:10.7880703Z GOSUMDB='sum.golang.org'
2026-01-29T07:54:10.7881088Z GOTELEMETRY='local'
2026-01-29T07:54:10.7881529Z GOTELEMETRYDIR='/home/runner/.config/go/telemetry'
2026-01-29T07:54:10.7882042Z GOTMPDIR=''
2026-01-29T07:54:10.7882352Z GOTOOLCHAIN='auto'
2026-01-29T07:54:10.7882900Z GOTOOLDIR='/opt/hostedtoolcache/go/1.24.12/x64/pkg/tool/linux_amd64'
2026-01-29T07:54:10.7883505Z GOVCS=''
2026-01-29T07:54:10.7883811Z GOVERSION='go1.24.12'
2026-01-29T07:54:10.7884133Z GOWORK=''
2026-01-29T07:54:10.7884463Z PKG_CONFIG='pkg-config'
2026-01-29T07:54:10.7884703Z 
2026-01-29T07:54:10.7885749Z ##[endgroup]
2026-01-29T07:54:10.8006444Z ##[group]Run golangci/golangci-lint-action@v3
2026-01-29T07:54:10.8006755Z with:
2026-01-29T07:54:10.8006925Z   version: v1.64.8
2026-01-29T07:54:10.8007137Z   args: --timeout=5m ./...
2026-01-29T07:54:10.8007361Z   skip-cache: true
2026-01-29T07:54:10.8007690Z   github-token: ***
2026-01-29T07:54:10.8007893Z   only-new-issues: false
2026-01-29T07:54:10.8008104Z   skip-pkg-cache: false
2026-01-29T07:54:10.8008316Z   skip-build-cache: false
2026-01-29T07:54:10.8008523Z   install-mode: binary
2026-01-29T07:54:10.8008909Z env:
2026-01-29T07:54:10.8009070Z   GO_VERSION: 1.24
2026-01-29T07:54:10.8009283Z   GOPROXY: https://goproxy.io,direct
2026-01-29T07:54:10.8009796Z   GOTOOLCHAIN: auto
2026-01-29T07:54:10.8009989Z ##[endgroup]
2026-01-29T07:54:10.9220579Z ##[group]prepare environment
2026-01-29T07:54:10.9224773Z Finding needed golangci-lint version...
2026-01-29T07:54:10.9228106Z Installation mode: binary
2026-01-29T07:54:10.9229143Z Installing golangci-lint binary v1.64.8...
2026-01-29T07:54:10.9230725Z Downloading binary https://github.com/golangci/golangci-lint/releases/download/v1.64.8/golangci-lint-1.64.8-linux-amd64.tar.gz ...
2026-01-29T07:54:11.2587580Z [command]/usr/bin/tar xz --overwrite --warning=no-unknown-keyword --overwrite -C /home/runner -f /home/runner/work/_temp/5e3c7e04-f89f-403a-9a96-eb898c5c9907
2026-01-29T07:54:11.4704997Z Installed golangci-lint into /home/runner/golangci-lint-1.64.8-linux-amd64/golangci-lint in 548ms
2026-01-29T07:54:11.4706065Z Prepared env in 548ms
2026-01-29T07:54:11.4706779Z ##[endgroup]
2026-01-29T07:54:11.4709359Z ##[group]run golangci-lint
2026-01-29T07:54:11.4715906Z Running [/home/runner/golangci-lint-1.64.8-linux-amd64/golangci-lint run --out-format=github-actions --timeout=5m ./...] in [] ...
2026-01-29T07:54:11.5637345Z level=warning msg="[config_reader] The output format `github-actions` is deprecated, please use `colored-line-number`"
2026-01-29T07:54:11.5648845Z Error: you are using a configuration file for golangci-lint v2 with golangci-lint v1: please use golangci-lint v2
2026-01-29T07:54:11.5652083Z Failed executing command with error: you are using a configuration file for golangci-lint v2 with golangci-lint v1: please use golangci-lint v2
2026-01-29T07:54:11.5652969Z 
2026-01-29T07:54:11.5669034Z ##[error]golangci-lint exit with code 3
2026-01-29T07:54:11.5676240Z Ran golangci-lint in 92ms
2026-01-29T07:54:11.5676702Z ##[endgroup]
2026-01-29T07:54:11.5790787Z Post job cleanup.
2026-01-29T07:54:11.7125063Z Post job cleanup.
2026-01-29T07:54:11.8052701Z [command]/usr/bin/git version
2026-01-29T07:54:11.8087787Z git version 2.52.0
2026-01-29T07:54:11.8131529Z Temporarily overriding HOME='/home/runner/work/_temp/741db95d-ca96-4a26-ab9b-37f6c6cde570' before making global git config changes
2026-01-29T07:54:11.8132901Z Adding repository directory to the temporary git global config as a safe directory
2026-01-29T07:54:11.8144429Z [command]/usr/bin/git config --global --add safe.directory /home/runner/work/streamgate/streamgate
2026-01-29T07:54:11.8180239Z [command]/usr/bin/git config --local --name-only --get-regexp core\.sshCommand
2026-01-29T07:54:11.8213160Z [command]/usr/bin/git submodule foreach --recursive sh -c "git config --local --name-only --get-regexp 'core\.sshCommand' && git config --local --unset-all 'core.sshCommand' || :"
2026-01-29T07:54:11.8440749Z [command]/usr/bin/git config --local --name-only --get-regexp http\.https\:\/\/github\.com\/\.extraheader
2026-01-29T07:54:11.8460784Z http.https://github.com/.extraheader
2026-01-29T07:54:11.8472908Z [command]/usr/bin/git config --local --unset-all http.https://github.com/.extraheader
2026-01-29T07:54:11.8503136Z [command]/usr/bin/git submodule foreach --recursive sh -c "git config --local --name-only --get-regexp 'http\.https\:\/\/github\.com\/\.extraheader' && git config --local --unset-all 'http.https://github.com/.extraheader' || :"
2026-01-29T07:54:11.8720319Z [command]/usr/bin/git config --local --name-only --get-regexp ^includeIf\.gitdir:
2026-01-29T07:54:11.8750590Z [command]/usr/bin/git submodule foreach --recursive git config --local --show-origin --name-only --get-regexp remote.origin.url
2026-01-29T07:54:11.9067012Z Cleaning up orphan processes