2026-01-29T08:33:11.1843552Z Current runner version: '2.331.0'
2026-01-29T08:33:11.1881854Z ##[group]Runner Image Provisioner
2026-01-29T08:33:11.1883058Z Hosted Compute Agent
2026-01-29T08:33:11.1883827Z Version: 20260123.484
2026-01-29T08:33:11.1884762Z Commit: 6bd6555ca37d84114959e1c76d2c01448ff61c5d
2026-01-29T08:33:11.1885792Z Build Date: 2026-01-23T19:41:17Z
2026-01-29T08:33:11.1886695Z Worker ID: {6dc9f98c-1103-4d9b-bcd6-27c212813947}
2026-01-29T08:33:11.1888088Z Azure Region: eastus2
2026-01-29T08:33:11.1888805Z ##[endgroup]
2026-01-29T08:33:11.1890711Z ##[group]Operating System
2026-01-29T08:33:11.1891701Z Ubuntu
2026-01-29T08:33:11.1892329Z 24.04.3
2026-01-29T08:33:11.1892994Z LTS
2026-01-29T08:33:11.1893762Z ##[endgroup]
2026-01-29T08:33:11.1894498Z ##[group]Runner Image
2026-01-29T08:33:11.1895254Z Image: ubuntu-24.04
2026-01-29T08:33:11.1896085Z Version: 20260126.10.1
2026-01-29T08:33:11.1898041Z Included Software: https://github.com/actions/runner-images/blob/ubuntu24/20260126.10/images/ubuntu/Ubuntu2404-Readme.md
2026-01-29T08:33:11.1900462Z Image Release: https://github.com/actions/runner-images/releases/tag/ubuntu24%2F20260126.10
2026-01-29T08:33:11.1901890Z ##[endgroup]
2026-01-29T08:33:11.1903561Z ##[group]GITHUB_TOKEN Permissions
2026-01-29T08:33:11.1906398Z Contents: read
2026-01-29T08:33:11.1907110Z Metadata: read
2026-01-29T08:33:11.1908396Z Packages: read
2026-01-29T08:33:11.1909141Z ##[endgroup]
2026-01-29T08:33:11.1911777Z Secret source: Actions
2026-01-29T08:33:11.1912931Z Prepare workflow directory
2026-01-29T08:33:11.2434554Z Prepare all required actions
2026-01-29T08:33:11.2487664Z Getting action download info
2026-01-29T08:33:11.5556889Z Download action repository 'actions/checkout@v4' (SHA:34e114876b0b11c390a56381ad16ebd13914f8d5)
2026-01-29T08:33:11.6745008Z Download action repository 'actions/setup-go@v4' (SHA:7b8cf10d4e4a01d4992d18a89f4d7dc5a3e6d6f4)
2026-01-29T08:33:11.9668739Z Download action repository 'golangci/golangci-lint-action@v3' (SHA:3a919529898de77ec3da873e3063ca4b10e7f5cc)
2026-01-29T08:33:12.3289498Z Complete job name: Lint & Format Check
2026-01-29T08:33:12.3967117Z ##[group]Run actions/checkout@v4
2026-01-29T08:33:12.3968273Z with:
2026-01-29T08:33:12.3968741Z   repository: rtcdance/streamgate
2026-01-29T08:33:12.3969479Z   token: ***
2026-01-29T08:33:12.3969927Z   ssh-strict: true
2026-01-29T08:33:12.3970374Z   ssh-user: git
2026-01-29T08:33:12.3970832Z   persist-credentials: true
2026-01-29T08:33:12.3971332Z   clean: true
2026-01-29T08:33:12.3971799Z   sparse-checkout-cone-mode: true
2026-01-29T08:33:12.3972350Z   fetch-depth: 1
2026-01-29T08:33:12.3972808Z   fetch-tags: false
2026-01-29T08:33:12.3973263Z   show-progress: true
2026-01-29T08:33:12.3973723Z   lfs: false
2026-01-29T08:33:12.3974162Z   submodules: false
2026-01-29T08:33:12.3974634Z   set-safe-directory: true
2026-01-29T08:33:12.3975289Z env:
2026-01-29T08:33:12.3975696Z   GO_VERSION: 1.24
2026-01-29T08:33:12.3976177Z   GOPROXY: https://goproxy.io,direct
2026-01-29T08:33:12.3976740Z   GOTOOLCHAIN: auto
2026-01-29T08:33:12.3977194Z ##[endgroup]
2026-01-29T08:33:12.5054650Z Syncing repository: rtcdance/streamgate
2026-01-29T08:33:12.5056715Z ##[group]Getting Git version info
2026-01-29T08:33:12.5057669Z Working directory is '/home/runner/work/streamgate/streamgate'
2026-01-29T08:33:12.5058732Z [command]/usr/bin/git version
2026-01-29T08:33:12.5113629Z git version 2.52.0
2026-01-29T08:33:12.5138045Z ##[endgroup]
2026-01-29T08:33:12.5158612Z Temporarily overriding HOME='/home/runner/work/_temp/87e01a4d-3b39-43d5-a129-dc71b518a004' before making global git config changes
2026-01-29T08:33:12.5160119Z Adding repository directory to the temporary git global config as a safe directory
2026-01-29T08:33:12.5163646Z [command]/usr/bin/git config --global --add safe.directory /home/runner/work/streamgate/streamgate
2026-01-29T08:33:12.5201409Z Deleting the contents of '/home/runner/work/streamgate/streamgate'
2026-01-29T08:33:12.5205125Z ##[group]Initializing the repository
2026-01-29T08:33:12.5209524Z [command]/usr/bin/git init /home/runner/work/streamgate/streamgate
2026-01-29T08:33:12.5291495Z hint: Using 'master' as the name for the initial branch. This default branch name
2026-01-29T08:33:12.5293219Z hint: will change to "main" in Git 3.0. To configure the initial branch name
2026-01-29T08:33:12.5294857Z hint: to use in all of your new repositories, which will suppress this warning,
2026-01-29T08:33:12.5296137Z hint: call:
2026-01-29T08:33:12.5296803Z hint:
2026-01-29T08:33:12.5298031Z hint: 	git config --global init.defaultBranch <name>
2026-01-29T08:33:12.5298703Z hint:
2026-01-29T08:33:12.5299314Z hint: Names commonly chosen instead of 'master' are 'main', 'trunk' and
2026-01-29T08:33:12.5300319Z hint: 'development'. The just-created branch can be renamed via this command:
2026-01-29T08:33:12.5301087Z hint:
2026-01-29T08:33:12.5301720Z hint: 	git branch -m <name>
2026-01-29T08:33:12.5302506Z hint:
2026-01-29T08:33:12.5303155Z hint: Disable this message with "git config set advice.defaultBranchName false"
2026-01-29T08:33:12.5304257Z Initialized empty Git repository in /home/runner/work/streamgate/streamgate/.git/
2026-01-29T08:33:12.5307374Z [command]/usr/bin/git remote add origin https://github.com/rtcdance/streamgate
2026-01-29T08:33:12.5341463Z ##[endgroup]
2026-01-29T08:33:12.5342282Z ##[group]Disabling automatic garbage collection
2026-01-29T08:33:12.5345283Z [command]/usr/bin/git config --local gc.auto 0
2026-01-29T08:33:12.5374575Z ##[endgroup]
2026-01-29T08:33:12.5375322Z ##[group]Setting up auth
2026-01-29T08:33:12.5381302Z [command]/usr/bin/git config --local --name-only --get-regexp core\.sshCommand
2026-01-29T08:33:12.5412426Z [command]/usr/bin/git submodule foreach --recursive sh -c "git config --local --name-only --get-regexp 'core\.sshCommand' && git config --local --unset-all 'core.sshCommand' || :"
2026-01-29T08:33:12.5739083Z [command]/usr/bin/git config --local --name-only --get-regexp http\.https\:\/\/github\.com\/\.extraheader
2026-01-29T08:33:12.5768631Z [command]/usr/bin/git submodule foreach --recursive sh -c "git config --local --name-only --get-regexp 'http\.https\:\/\/github\.com\/\.extraheader' && git config --local --unset-all 'http.https://github.com/.extraheader' || :"
2026-01-29T08:33:12.5998447Z [command]/usr/bin/git config --local --name-only --get-regexp ^includeIf\.gitdir:
2026-01-29T08:33:12.6030336Z [command]/usr/bin/git submodule foreach --recursive git config --local --show-origin --name-only --get-regexp remote.origin.url
2026-01-29T08:33:12.6266717Z [command]/usr/bin/git config --local http.https://github.com/.extraheader AUTHORIZATION: basic ***
2026-01-29T08:33:12.6302144Z ##[endgroup]
2026-01-29T08:33:12.6303445Z ##[group]Fetching the repository
2026-01-29T08:33:12.6311785Z [command]/usr/bin/git -c protocol.version=2 fetch --no-tags --prune --no-recurse-submodules --depth=1 origin +2808ef4cf3b73d48834026c33dbce7c402830c23:refs/remotes/origin/master
2026-01-29T08:33:12.9135553Z From https://github.com/rtcdance/streamgate
2026-01-29T08:33:12.9136460Z  * [new ref]         2808ef4cf3b73d48834026c33dbce7c402830c23 -> origin/master
2026-01-29T08:33:12.9168154Z ##[endgroup]
2026-01-29T08:33:12.9169210Z ##[group]Determining the checkout info
2026-01-29T08:33:12.9170812Z ##[endgroup]
2026-01-29T08:33:12.9176445Z [command]/usr/bin/git sparse-checkout disable
2026-01-29T08:33:12.9218265Z [command]/usr/bin/git config --local --unset-all extensions.worktreeConfig
2026-01-29T08:33:12.9244712Z ##[group]Checking out the ref
2026-01-29T08:33:12.9249503Z [command]/usr/bin/git checkout --progress --force -B master refs/remotes/origin/master
2026-01-29T08:33:12.9672888Z Reset branch 'master'
2026-01-29T08:33:12.9674552Z branch 'master' set up to track 'origin/master'.
2026-01-29T08:33:12.9684145Z ##[endgroup]
2026-01-29T08:33:12.9726225Z [command]/usr/bin/git log -1 --format=%H
2026-01-29T08:33:12.9751850Z 2808ef4cf3b73d48834026c33dbce7c402830c23
2026-01-29T08:33:12.9984586Z ##[group]Run actions/setup-go@v4
2026-01-29T08:33:12.9985078Z with:
2026-01-29T08:33:12.9985411Z   go-version: 1.24
2026-01-29T08:33:12.9985791Z   check-latest: false
2026-01-29T08:33:12.9986552Z   token: ***
2026-01-29T08:33:12.9986900Z   cache: true
2026-01-29T08:33:12.9987253Z env:
2026-01-29T08:33:12.9987728Z   GO_VERSION: 1.24
2026-01-29T08:33:12.9988135Z   GOPROXY: https://goproxy.io,direct
2026-01-29T08:33:12.9988613Z   GOTOOLCHAIN: auto
2026-01-29T08:33:12.9988988Z ##[endgroup]
2026-01-29T08:33:13.1595298Z Setup go version spec 1.24
2026-01-29T08:33:13.2431253Z Found in cache @ /opt/hostedtoolcache/go/1.24.12/x64
2026-01-29T08:33:13.2435632Z Added go to the path
2026-01-29T08:33:13.2438875Z Successfully set up Go version 1.24
2026-01-29T08:33:16.1803601Z [command]/opt/hostedtoolcache/go/1.24.12/x64/bin/go env GOMODCACHE
2026-01-29T08:33:16.1834112Z [command]/opt/hostedtoolcache/go/1.24.12/x64/bin/go env GOCACHE
2026-01-29T08:33:16.1855702Z /home/runner/go/pkg/mod
2026-01-29T08:33:16.1883523Z /home/runner/.cache/go-build
2026-01-29T08:33:16.3215635Z Cache is not found
2026-01-29T08:33:16.3240687Z go version go1.24.12 linux/amd64
2026-01-29T08:33:16.3241252Z 
2026-01-29T08:33:16.3242161Z ##[group]go env
2026-01-29T08:33:19.2849266Z AR='ar'
2026-01-29T08:33:19.2849659Z CC='gcc'
2026-01-29T08:33:19.2849975Z CGO_CFLAGS='-O2 -g'
2026-01-29T08:33:19.2850277Z CGO_CPPFLAGS=''
2026-01-29T08:33:19.2850565Z CGO_CXXFLAGS='-O2 -g'
2026-01-29T08:33:19.2850871Z CGO_ENABLED='1'
2026-01-29T08:33:19.2851174Z CGO_FFLAGS='-O2 -g'
2026-01-29T08:33:19.2851503Z CGO_LDFLAGS='-O2 -g'
2026-01-29T08:33:19.2851794Z CXX='g++'
2026-01-29T08:33:19.2852029Z GCCGO='gccgo'
2026-01-29T08:33:19.2852292Z GO111MODULE=''
2026-01-29T08:33:19.2852540Z GOAMD64='v1'
2026-01-29T08:33:19.2852809Z GOARCH='amd64'
2026-01-29T08:33:19.2853064Z GOAUTH='netrc'
2026-01-29T08:33:19.2853320Z GOBIN=''
2026-01-29T08:33:19.2853620Z GOCACHE='/home/runner/.cache/go-build'
2026-01-29T08:33:19.2854005Z GOCACHEPROG=''
2026-01-29T08:33:19.2854370Z GODEBUG=''
2026-01-29T08:33:19.2854678Z GOENV='/home/runner/.config/go/env'
2026-01-29T08:33:19.2855043Z GOEXE=''
2026-01-29T08:33:19.2855296Z GOEXPERIMENT=''
2026-01-29T08:33:19.2856855Z GOFIPS140='off'
2026-01-29T08:33:19.2857167Z GOFLAGS=''
2026-01-29T08:33:19.2858320Z GOGCCFLAGS='-fPIC -m64 -pthread -Wl,--no-gc-sections -fmessage-length=0 -ffile-prefix-map=/tmp/go-build3853004968=/tmp/go-build -gno-record-gcc-switches'
2026-01-29T08:33:19.2859254Z GOHOSTARCH='amd64'
2026-01-29T08:33:19.2859545Z GOHOSTOS='linux'
2026-01-29T08:33:19.2859832Z GOINSECURE=''
2026-01-29T08:33:19.2860600Z GOMOD='/home/runner/work/streamgate/streamgate/go.mod'
2026-01-29T08:33:19.2861110Z GOMODCACHE='/home/runner/go/pkg/mod'
2026-01-29T08:33:19.2861480Z GONOPROXY=''
2026-01-29T08:33:19.2861752Z GONOSUMDB=''
2026-01-29T08:33:19.2862007Z GOOS='linux'
2026-01-29T08:33:19.2862293Z GOPATH='/home/runner/go'
2026-01-29T08:33:19.2862679Z GOPRIVATE=''
2026-01-29T08:33:19.2863193Z GOPROXY='https://goproxy.io,direct'
2026-01-29T08:33:19.2863677Z GOROOT='/opt/hostedtoolcache/go/1.24.12/x64'
2026-01-29T08:33:19.2864099Z GOSUMDB='sum.golang.org'
2026-01-29T08:33:19.2864428Z GOTELEMETRY='local'
2026-01-29T08:33:19.2864810Z GOTELEMETRYDIR='/home/runner/.config/go/telemetry'
2026-01-29T08:33:19.2865247Z GOTMPDIR=''
2026-01-29T08:33:19.2865515Z GOTOOLCHAIN='auto'
2026-01-29T08:33:19.2865989Z GOTOOLDIR='/opt/hostedtoolcache/go/1.24.12/x64/pkg/tool/linux_amd64'
2026-01-29T08:33:19.2866499Z GOVCS=''
2026-01-29T08:33:19.2866777Z GOVERSION='go1.24.12'
2026-01-29T08:33:19.2867079Z GOWORK=''
2026-01-29T08:33:19.2867364Z PKG_CONFIG='pkg-config'
2026-01-29T08:33:19.2867819Z 
2026-01-29T08:33:19.2868495Z ##[endgroup]
2026-01-29T08:33:19.2998729Z ##[group]Run golangci/golangci-lint-action@v3
2026-01-29T08:33:19.2999054Z with:
2026-01-29T08:33:19.2999231Z   version: v1.65.0
2026-01-29T08:33:19.2999446Z   args: --timeout=5m ./...
2026-01-29T08:33:19.2999666Z   skip-cache: true
2026-01-29T08:33:19.3000024Z   github-token: ***
2026-01-29T08:33:19.3000235Z   only-new-issues: false
2026-01-29T08:33:19.3000445Z   skip-pkg-cache: false
2026-01-29T08:33:19.3000660Z   skip-build-cache: false
2026-01-29T08:33:19.3000866Z   install-mode: binary
2026-01-29T08:33:19.3001310Z env:
2026-01-29T08:33:19.3001481Z   GO_VERSION: 1.24
2026-01-29T08:33:19.3001705Z   GOPROXY: https://goproxy.io,direct
2026-01-29T08:33:19.3001977Z   GOTOOLCHAIN: auto
2026-01-29T08:33:19.3002162Z ##[endgroup]
2026-01-29T08:33:19.4229423Z ##[group]prepare environment
2026-01-29T08:33:19.4235027Z Finding needed golangci-lint version...
2026-01-29T08:33:19.4239490Z Installation mode: binary
2026-01-29T08:33:19.4240169Z Installing golangci-lint binary v1.65.0...
2026-01-29T08:33:19.4241276Z Downloading binary https://github.com/golangci/golangci-lint/releases/download/v1.65.0/golangci-lint-1.65.0-linux-amd64.tar.gz ...
2026-01-29T08:33:19.5475166Z ##[endgroup]
2026-01-29T08:33:19.5534305Z ##[error]Failed to run: Error: Unexpected HTTP response: 404, Error: Unexpected HTTP response: 404
    at /home/runner/work/_actions/golangci/golangci-lint-action/v3/dist/run/index.js:7008:25
    at Generator.next (<anonymous>)
    at fulfilled (/home/runner/work/_actions/golangci/golangci-lint-action/v3/dist/run/index.js:6918:58)
    at process.processTicksAndRejections (node:internal/process/task_queues:95:5)
2026-01-29T08:33:19.5543703Z ##[error]Unexpected HTTP response: 404
2026-01-29T08:33:49.5600952Z Post job cleanup.
2026-01-29T08:33:49.6918964Z Post job cleanup.
2026-01-29T08:33:49.7859590Z [command]/usr/bin/git version
2026-01-29T08:33:49.7895440Z git version 2.52.0
2026-01-29T08:33:49.7935448Z Temporarily overriding HOME='/home/runner/work/_temp/5d1390e4-43a8-492d-8277-a634f88d8eae' before making global git config changes
2026-01-29T08:33:49.7936525Z Adding repository directory to the temporary git global config as a safe directory
2026-01-29T08:33:49.7941227Z [command]/usr/bin/git config --global --add safe.directory /home/runner/work/streamgate/streamgate
2026-01-29T08:33:49.7977178Z [command]/usr/bin/git config --local --name-only --get-regexp core\.sshCommand
2026-01-29T08:33:49.8010881Z [command]/usr/bin/git submodule foreach --recursive sh -c "git config --local --name-only --get-regexp 'core\.sshCommand' && git config --local --unset-all 'core.sshCommand' || :"
2026-01-29T08:33:49.8253936Z [command]/usr/bin/git config --local --name-only --get-regexp http\.https\:\/\/github\.com\/\.extraheader
2026-01-29T08:33:49.8275485Z http.https://github.com/.extraheader
2026-01-29T08:33:49.8287293Z [command]/usr/bin/git config --local --unset-all http.https://github.com/.extraheader
2026-01-29T08:33:49.8319279Z [command]/usr/bin/git submodule foreach --recursive sh -c "git config --local --name-only --get-regexp 'http\.https\:\/\/github\.com\/\.extraheader' && git config --local --unset-all 'http.https://github.com/.extraheader' || :"
2026-01-29T08:33:49.8554269Z [command]/usr/bin/git config --local --name-only --get-regexp ^includeIf\.gitdir:
2026-01-29T08:33:49.8585329Z [command]/usr/bin/git submodule foreach --recursive git config --local --show-origin --name-only --get-regexp remote.origin.url
2026-01-29T08:33:49.8937978Z Cleaning up orphan processes