2026-01-29T02:36:18.2017621Z Current runner version: '2.331.0'
2026-01-29T02:36:18.2042729Z ##[group]Runner Image Provisioner
2026-01-29T02:36:18.2043804Z Hosted Compute Agent
2026-01-29T02:36:18.2044376Z Version: 20260123.484
2026-01-29T02:36:18.2044918Z Commit: 6bd6555ca37d84114959e1c76d2c01448ff61c5d
2026-01-29T02:36:18.2045613Z Build Date: 2026-01-23T19:41:17Z
2026-01-29T02:36:18.2046269Z Worker ID: {2dd88b19-2e04-4d1c-b2d6-8cfea8cc462d}
2026-01-29T02:36:18.2046937Z Azure Region: eastus2
2026-01-29T02:36:18.2047574Z ##[endgroup]
2026-01-29T02:36:18.2049206Z ##[group]Operating System
2026-01-29T02:36:18.2049821Z Ubuntu
2026-01-29T02:36:18.2050406Z 24.04.3
2026-01-29T02:36:18.2050907Z LTS
2026-01-29T02:36:18.2051415Z ##[endgroup]
2026-01-29T02:36:18.2052003Z ##[group]Runner Image
2026-01-29T02:36:18.2052541Z Image: ubuntu-24.04
2026-01-29T02:36:18.2053528Z Version: 20260126.10.1
2026-01-29T02:36:18.2054874Z Included Software: https://github.com/actions/runner-images/blob/ubuntu24/20260126.10/images/ubuntu/Ubuntu2404-Readme.md
2026-01-29T02:36:18.2056374Z Image Release: https://github.com/actions/runner-images/releases/tag/ubuntu24%2F20260126.10
2026-01-29T02:36:18.2057273Z ##[endgroup]
2026-01-29T02:36:18.2058369Z ##[group]GITHUB_TOKEN Permissions
2026-01-29T02:36:18.2060324Z Contents: read
2026-01-29T02:36:18.2060931Z Metadata: read
2026-01-29T02:36:18.2061486Z Packages: read
2026-01-29T02:36:18.2062122Z ##[endgroup]
2026-01-29T02:36:18.2064494Z Secret source: Actions
2026-01-29T02:36:18.2065295Z Prepare workflow directory
2026-01-29T02:36:18.2459109Z Prepare all required actions
2026-01-29T02:36:18.2499529Z Getting action download info
2026-01-29T02:36:18.5510077Z Download action repository 'actions/checkout@v4' (SHA:34e114876b0b11c390a56381ad16ebd13914f8d5)
2026-01-29T02:36:18.6483790Z Download action repository 'actions/setup-go@v4' (SHA:7b8cf10d4e4a01d4992d18a89f4d7dc5a3e6d6f4)
2026-01-29T02:36:18.9793650Z Download action repository 'golangci/golangci-lint-action@v3' (SHA:3a919529898de77ec3da873e3063ca4b10e7f5cc)
2026-01-29T02:36:19.3175044Z Complete job name: Lint & Format Check
2026-01-29T02:36:19.3892150Z ##[group]Run actions/checkout@v4
2026-01-29T02:36:19.3893348Z with:
2026-01-29T02:36:19.3893802Z   repository: rtcdance/streamgate
2026-01-29T02:36:19.3894524Z   token: ***
2026-01-29T02:36:19.3894926Z   ssh-strict: true
2026-01-29T02:36:19.3895333Z   ssh-user: git
2026-01-29T02:36:19.3895759Z   persist-credentials: true
2026-01-29T02:36:19.3896223Z   clean: true
2026-01-29T02:36:19.3896653Z   sparse-checkout-cone-mode: true
2026-01-29T02:36:19.3897149Z   fetch-depth: 1
2026-01-29T02:36:19.3897556Z   fetch-tags: false
2026-01-29T02:36:19.3897971Z   show-progress: true
2026-01-29T02:36:19.3898402Z   lfs: false
2026-01-29T02:36:19.3898809Z   submodules: false
2026-01-29T02:36:19.3899238Z   set-safe-directory: true
2026-01-29T02:36:19.3899968Z env:
2026-01-29T02:36:19.3900350Z   GO_VERSION: 1.21
2026-01-29T02:36:19.3900809Z   GOPROXY: https://goproxy.io,direct
2026-01-29T02:36:19.3901346Z ##[endgroup]
2026-01-29T02:36:19.5036703Z Syncing repository: rtcdance/streamgate
2026-01-29T02:36:19.5039823Z ##[group]Getting Git version info
2026-01-29T02:36:19.5041233Z Working directory is '/home/runner/work/streamgate/streamgate'
2026-01-29T02:36:19.5043523Z [command]/usr/bin/git version
2026-01-29T02:36:19.5133295Z git version 2.52.0
2026-01-29T02:36:19.5161344Z ##[endgroup]
2026-01-29T02:36:19.5179031Z Temporarily overriding HOME='/home/runner/work/_temp/fd26285b-f37d-4937-8984-6672ad29ceb5' before making global git config changes
2026-01-29T02:36:19.5181703Z Adding repository directory to the temporary git global config as a safe directory
2026-01-29T02:36:19.5194716Z [command]/usr/bin/git config --global --add safe.directory /home/runner/work/streamgate/streamgate
2026-01-29T02:36:19.5244031Z Deleting the contents of '/home/runner/work/streamgate/streamgate'
2026-01-29T02:36:19.5248629Z ##[group]Initializing the repository
2026-01-29T02:36:19.5253936Z [command]/usr/bin/git init /home/runner/work/streamgate/streamgate
2026-01-29T02:36:19.5398241Z hint: Using 'master' as the name for the initial branch. This default branch name
2026-01-29T02:36:19.5400052Z hint: will change to "main" in Git 3.0. To configure the initial branch name
2026-01-29T02:36:19.5401870Z hint: to use in all of your new repositories, which will suppress this warning,
2026-01-29T02:36:19.5403163Z hint: call:
2026-01-29T02:36:19.5403961Z hint:
2026-01-29T02:36:19.5405049Z hint: 	git config --global init.defaultBranch <name>
2026-01-29T02:36:19.5406445Z hint:
2026-01-29T02:36:19.5407676Z hint: Names commonly chosen instead of 'master' are 'main', 'trunk' and
2026-01-29T02:36:19.5409584Z hint: 'development'. The just-created branch can be renamed via this command:
2026-01-29T02:36:19.5411081Z hint:
2026-01-29T02:36:19.5411875Z hint: 	git branch -m <name>
2026-01-29T02:36:19.5412757Z hint:
2026-01-29T02:36:19.5414202Z hint: Disable this message with "git config set advice.defaultBranchName false"
2026-01-29T02:36:19.5416412Z Initialized empty Git repository in /home/runner/work/streamgate/streamgate/.git/
2026-01-29T02:36:19.5419818Z [command]/usr/bin/git remote add origin https://github.com/rtcdance/streamgate
2026-01-29T02:36:19.5456509Z ##[endgroup]
2026-01-29T02:36:19.5457856Z ##[group]Disabling automatic garbage collection
2026-01-29T02:36:19.5461544Z [command]/usr/bin/git config --local gc.auto 0
2026-01-29T02:36:19.5492362Z ##[endgroup]
2026-01-29T02:36:19.5494007Z ##[group]Setting up auth
2026-01-29T02:36:19.5500619Z [command]/usr/bin/git config --local --name-only --get-regexp core\.sshCommand
2026-01-29T02:36:19.5533819Z [command]/usr/bin/git submodule foreach --recursive sh -c "git config --local --name-only --get-regexp 'core\.sshCommand' && git config --local --unset-all 'core.sshCommand' || :"
2026-01-29T02:36:19.5906436Z [command]/usr/bin/git config --local --name-only --get-regexp http\.https\:\/\/github\.com\/\.extraheader
2026-01-29T02:36:19.5937989Z [command]/usr/bin/git submodule foreach --recursive sh -c "git config --local --name-only --get-regexp 'http\.https\:\/\/github\.com\/\.extraheader' && git config --local --unset-all 'http.https://github.com/.extraheader' || :"
2026-01-29T02:36:19.6168032Z [command]/usr/bin/git config --local --name-only --get-regexp ^includeIf\.gitdir:
2026-01-29T02:36:19.6208597Z [command]/usr/bin/git submodule foreach --recursive git config --local --show-origin --name-only --get-regexp remote.origin.url
2026-01-29T02:36:19.6447378Z [command]/usr/bin/git config --local http.https://github.com/.extraheader AUTHORIZATION: basic ***
2026-01-29T02:36:19.6484327Z ##[endgroup]
2026-01-29T02:36:19.6485323Z ##[group]Fetching the repository
2026-01-29T02:36:19.6493981Z [command]/usr/bin/git -c protocol.version=2 fetch --no-tags --prune --no-recurse-submodules --depth=1 origin +ed72a475b9ac18a104e6529b79ebf8208ff8ccf8:refs/remotes/origin/master
2026-01-29T02:36:19.8617645Z From https://github.com/rtcdance/streamgate
2026-01-29T02:36:19.8619653Z  * [new ref]         ed72a475b9ac18a104e6529b79ebf8208ff8ccf8 -> origin/master
2026-01-29T02:36:19.8660111Z ##[endgroup]
2026-01-29T02:36:19.8661084Z ##[group]Determining the checkout info
2026-01-29T02:36:19.8662622Z ##[endgroup]
2026-01-29T02:36:19.8668918Z [command]/usr/bin/git sparse-checkout disable
2026-01-29T02:36:19.8754405Z [command]/usr/bin/git config --local --unset-all extensions.worktreeConfig
2026-01-29T02:36:19.8788008Z ##[group]Checking out the ref
2026-01-29T02:36:19.8792203Z [command]/usr/bin/git checkout --progress --force -B master refs/remotes/origin/master
2026-01-29T02:36:19.9032336Z Reset branch 'master'
2026-01-29T02:36:19.9034344Z branch 'master' set up to track 'origin/master'.
2026-01-29T02:36:19.9042545Z ##[endgroup]
2026-01-29T02:36:19.9087300Z [command]/usr/bin/git log -1 --format=%H
2026-01-29T02:36:19.9113594Z ed72a475b9ac18a104e6529b79ebf8208ff8ccf8
2026-01-29T02:36:19.9384974Z ##[group]Run actions/setup-go@v4
2026-01-29T02:36:19.9385683Z with:
2026-01-29T02:36:19.9386077Z   go-version: 1.21
2026-01-29T02:36:19.9386582Z   check-latest: false
2026-01-29T02:36:19.9387375Z   token: ***
2026-01-29T02:36:19.9388020Z   cache: true
2026-01-29T02:36:19.9388433Z env:
2026-01-29T02:36:19.9388813Z   GO_VERSION: 1.21
2026-01-29T02:36:19.9389424Z   GOPROXY: https://goproxy.io,direct
2026-01-29T02:36:19.9390141Z ##[endgroup]
2026-01-29T02:36:20.1031206Z Setup go version spec 1.21
2026-01-29T02:36:20.1309024Z Attempting to download 1.21...
2026-01-29T02:36:20.4342671Z matching 1.21...
2026-01-29T02:36:20.4393316Z Acquiring 1.21.13 from https://github.com/actions/go-versions/releases/download/1.21.13-10277905115/go-1.21.13-linux-x64.tar.gz
2026-01-29T02:36:20.9290708Z Extracting Go...
2026-01-29T02:36:20.9409860Z [command]/usr/bin/tar xz --warning=no-unknown-keyword --overwrite -C /home/runner/work/_temp/6296548a-21a1-4159-9614-d3f90925d955 -f /home/runner/work/_temp/93d47325-3dab-4956-9ceb-ad812b0cd035
2026-01-29T02:36:22.5071425Z Successfully extracted go to /home/runner/work/_temp/6296548a-21a1-4159-9614-d3f90925d955
2026-01-29T02:36:22.5072683Z Adding to the cache ...
2026-01-29T02:36:26.8391423Z Successfully cached go to /opt/hostedtoolcache/go/1.21.13/x64
2026-01-29T02:36:26.8392796Z Added go to the path
2026-01-29T02:36:26.8395111Z Successfully set up Go version 1.21
2026-01-29T02:36:42.1729915Z go: downloading go1.25.0 (linux/amd64)
2026-01-29T02:36:42.1896551Z [command]/opt/hostedtoolcache/go/1.21.13/x64/bin/go env GOMODCACHE
2026-01-29T02:36:42.1927622Z [command]/opt/hostedtoolcache/go/1.21.13/x64/bin/go env GOCACHE
2026-01-29T02:36:42.2000127Z /home/runner/go/pkg/mod
2026-01-29T02:36:42.2027960Z /home/runner/.cache/go-build
2026-01-29T02:36:42.2619930Z Cache is not found
2026-01-29T02:36:42.2645040Z go version go1.25.0 linux/amd64
2026-01-29T02:36:42.2645282Z 
2026-01-29T02:36:42.2645710Z ##[group]go env
2026-01-29T02:36:42.4116607Z AR='ar'
2026-01-29T02:36:42.4117050Z CC='gcc'
2026-01-29T02:36:42.4117298Z CGO_CFLAGS='-O2 -g'
2026-01-29T02:36:42.4117560Z CGO_CPPFLAGS=''
2026-01-29T02:36:42.4117796Z CGO_CXXFLAGS='-O2 -g'
2026-01-29T02:36:42.4118047Z CGO_ENABLED='1'
2026-01-29T02:36:42.4118263Z CGO_FFLAGS='-O2 -g'
2026-01-29T02:36:42.4118512Z CGO_LDFLAGS='-O2 -g'
2026-01-29T02:36:42.4118756Z CXX='g++'
2026-01-29T02:36:42.4118984Z GCCGO='gccgo'
2026-01-29T02:36:42.4119225Z GO111MODULE=''
2026-01-29T02:36:42.4119430Z GOAMD64='v1'
2026-01-29T02:36:42.4119640Z GOARCH='amd64'
2026-01-29T02:36:42.4119853Z GOAUTH='netrc'
2026-01-29T02:36:42.4120064Z GOBIN=''
2026-01-29T02:36:42.4120336Z GOCACHE='/home/runner/.cache/go-build'
2026-01-29T02:36:42.4120658Z GOCACHEPROG=''
2026-01-29T02:36:42.4120908Z GODEBUG=''
2026-01-29T02:36:42.4121133Z GOENV='/home/runner/.config/go/env'
2026-01-29T02:36:42.4121407Z GOEXE=''
2026-01-29T02:36:42.4121611Z GOEXPERIMENT=''
2026-01-29T02:36:42.4121858Z GOFIPS140='off'
2026-01-29T02:36:42.4122061Z GOFLAGS=''
2026-01-29T02:36:42.4122847Z GOGCCFLAGS='-fPIC -m64 -pthread -Wl,--no-gc-sections -fmessage-length=0 -ffile-prefix-map=/tmp/go-build1808402005=/tmp/go-build -gno-record-gcc-switches'
2026-01-29T02:36:42.4123984Z GOHOSTARCH='amd64'
2026-01-29T02:36:42.4124223Z GOHOSTOS='linux'
2026-01-29T02:36:42.4124452Z GOINSECURE=''
2026-01-29T02:36:42.4124752Z GOMOD='/home/runner/work/streamgate/streamgate/go.mod'
2026-01-29T02:36:42.4125148Z GOMODCACHE='/home/runner/go/pkg/mod'
2026-01-29T02:36:42.4125444Z GONOPROXY=''
2026-01-29T02:36:42.4125650Z GONOSUMDB=''
2026-01-29T02:36:42.4125861Z GOOS='linux'
2026-01-29T02:36:42.4126081Z GOPATH='/home/runner/go'
2026-01-29T02:36:42.4126299Z GOPRIVATE=''
2026-01-29T02:36:42.4126750Z GOPROXY='https://goproxy.io,direct'
2026-01-29T02:36:42.4127205Z GOROOT='/home/runner/go/pkg/mod/golang.org/toolchain@v0.0.1-go1.25.0.linux-amd64'
2026-01-29T02:36:42.4127650Z GOSUMDB='sum.golang.org'
2026-01-29T02:36:42.4127872Z GOTELEMETRY='local'
2026-01-29T02:36:42.4128139Z GOTELEMETRYDIR='/home/runner/.config/go/telemetry'
2026-01-29T02:36:42.4128770Z GOTMPDIR=''
2026-01-29T02:36:42.4128997Z GOTOOLCHAIN='auto'
2026-01-29T02:36:42.4129484Z GOTOOLDIR='/home/runner/go/pkg/mod/golang.org/toolchain@v0.0.1-go1.25.0.linux-amd64/pkg/tool/linux_amd64'
2026-01-29T02:36:42.4130141Z GOVCS=''
2026-01-29T02:36:42.4130325Z GOVERSION='go1.25.0'
2026-01-29T02:36:42.4130526Z GOWORK=''
2026-01-29T02:36:42.4130733Z PKG_CONFIG='pkg-config'
2026-01-29T02:36:42.4130879Z 
2026-01-29T02:36:42.4131397Z ##[endgroup]
2026-01-29T02:36:42.4333347Z ##[group]Run golangci/golangci-lint-action@v3
2026-01-29T02:36:42.4333682Z with:
2026-01-29T02:36:42.4333853Z   version: latest
2026-01-29T02:36:42.4334055Z   args: --timeout=5m
2026-01-29T02:36:42.4334443Z   github-token: ***
2026-01-29T02:36:42.4334646Z   only-new-issues: false
2026-01-29T02:36:42.4334845Z   skip-cache: false
2026-01-29T02:36:42.4335037Z   skip-pkg-cache: false
2026-01-29T02:36:42.4335248Z   skip-build-cache: false
2026-01-29T02:36:42.4335449Z   install-mode: binary
2026-01-29T02:36:42.4335653Z env:
2026-01-29T02:36:42.4335806Z   GO_VERSION: 1.21
2026-01-29T02:36:42.4336018Z   GOPROXY: https://goproxy.io,direct
2026-01-29T02:36:42.4336306Z ##[endgroup]
2026-01-29T02:36:42.5617971Z ##[group]prepare environment
2026-01-29T02:36:42.5624418Z Checking for go.mod: go.mod
2026-01-29T02:36:42.7413436Z ##[warning]Failed to restore: Cache service responded with 400
2026-01-29T02:36:42.7423308Z Cache not found for input keys: golangci-lint.cache-2926-c9bda3f8f2ab35d11c7ef8da0fe8cba15897e5b8, golangci-lint.cache-2926-
2026-01-29T02:36:42.7424037Z Finding needed golangci-lint version...
2026-01-29T02:36:42.7660184Z Requested golangci-lint 'latest', using 'v1.64.8', calculation took 25ms
2026-01-29T02:36:42.7660903Z Installation mode: binary
2026-01-29T02:36:42.7662775Z Installing golangci-lint binary v1.64.8...
2026-01-29T02:36:42.7664638Z Downloading binary https://github.com/golangci/golangci-lint/releases/download/v1.64.8/golangci-lint-1.64.8-linux-amd64.tar.gz ...
2026-01-29T02:36:43.0191184Z [command]/usr/bin/tar xz --overwrite --warning=no-unknown-keyword --overwrite -C /home/runner -f /home/runner/work/_temp/26c05a19-7b33-48f3-96c3-6fc4f8849129
2026-01-29T02:36:43.2455517Z Installed golangci-lint into /home/runner/golangci-lint-1.64.8-linux-amd64/golangci-lint in 479ms
2026-01-29T02:36:43.2456439Z Prepared env in 684ms
2026-01-29T02:36:43.2457454Z ##[endgroup]
2026-01-29T02:36:43.2458348Z ##[group]run golangci-lint
2026-01-29T02:36:43.2465167Z Running [/home/runner/golangci-lint-1.64.8-linux-amd64/golangci-lint run --out-format=github-actions --timeout=5m] in [] ...
2026-01-29T02:36:43.3440999Z level=warning msg="[config_reader] The configuration option `run.skip-files` is deprecated, please use `issues.exclude-files`."
2026-01-29T02:36:43.3442065Z level=warning msg="[config_reader] The configuration option `run.skip-dirs` is deprecated, please use `issues.exclude-dirs`."
2026-01-29T02:36:43.3443209Z level=warning msg="[config_reader] The output format `github-actions` is deprecated, please use `colored-line-number`"
2026-01-29T02:36:43.3444113Z Error: can't load config: the Go language version (go1.24) used to build golangci-lint is lower than the targeted Go version (1.25.0)
2026-01-29T02:36:43.3445058Z Failed executing command with error: can't load config: the Go language version (go1.24) used to build golangci-lint is lower than the targeted Go version (1.25.0)
2026-01-29T02:36:43.3445666Z 
2026-01-29T02:36:43.3449500Z ##[error]golangci-lint exit with code 3
2026-01-29T02:36:43.3450599Z Ran golangci-lint in 97ms
2026-01-29T02:36:43.3451028Z ##[endgroup]
2026-01-29T02:36:43.3604119Z Post job cleanup.
2026-01-29T02:36:43.5171863Z [command]/usr/bin/tar --posix -cf cache.tzst --exclude cache.tzst -P -C /home/runner/work/streamgate/streamgate --files-from manifest.txt --use-compress-program zstdmt
2026-01-29T02:36:44.5143169Z ##[warning]Failed to save: <h2>Our services aren't available right now</h2><p>We're working to restore all services as soon as possible. Please check back soon.</p>0vMd6aQAAAADuuaoVKTXaTog/2GZQjQlyUEhMMzBFREdFMDIxNQBFZGdl
2026-01-29T02:36:44.5365568Z Saved cache for golangci-lint from paths '/home/runner/.cache/golangci-lint, /home/runner/.cache/go-build, /home/runner/go/pkg, zstd-without-long, 1.0' in 1049ms
2026-01-29T02:36:44.5534261Z Post job cleanup.
2026-01-29T02:36:44.6515917Z [command]/usr/bin/git version
2026-01-29T02:36:44.6554113Z git version 2.52.0
2026-01-29T02:36:44.6600551Z Temporarily overriding HOME='/home/runner/work/_temp/9d5c2a2f-75d6-4373-9ba4-f95e7315022c' before making global git config changes
2026-01-29T02:36:44.6601939Z Adding repository directory to the temporary git global config as a safe directory
2026-01-29T02:36:44.6615656Z [command]/usr/bin/git config --global --add safe.directory /home/runner/work/streamgate/streamgate
2026-01-29T02:36:44.6653846Z [command]/usr/bin/git config --local --name-only --get-regexp core\.sshCommand
2026-01-29T02:36:44.6688728Z [command]/usr/bin/git submodule foreach --recursive sh -c "git config --local --name-only --get-regexp 'core\.sshCommand' && git config --local --unset-all 'core.sshCommand' || :"
2026-01-29T02:36:44.6927050Z [command]/usr/bin/git config --local --name-only --get-regexp http\.https\:\/\/github\.com\/\.extraheader
2026-01-29T02:36:44.6949836Z http.https://github.com/.extraheader
2026-01-29T02:36:44.6963457Z [command]/usr/bin/git config --local --unset-all http.https://github.com/.extraheader
2026-01-29T02:36:44.6996312Z [command]/usr/bin/git submodule foreach --recursive sh -c "git config --local --name-only --get-regexp 'http\.https\:\/\/github\.com\/\.extraheader' && git config --local --unset-all 'http.https://github.com/.extraheader' || :"
2026-01-29T02:36:44.7226492Z [command]/usr/bin/git config --local --name-only --get-regexp ^includeIf\.gitdir:
2026-01-29T02:36:44.7260376Z [command]/usr/bin/git submodule foreach --recursive git config --local --show-origin --name-only --get-regexp remote.origin.url
2026-01-29T02:36:44.7606034Z Cleaning up orphan processes